Archive member included to satisfy reference by file (symbol)

c:/st/stm32cubeide_1.9.0/stm32cubeide/plugins/com.st.stm32cube.ide.mcu.externaltools.gnu-tools-for-stm32.10.3-2021.10.win32_1.0.0.202111181127/tools/bin/../lib/gcc/arm-none-eabi/10.3.1/../../../../arm-none-eabi/lib/thumb/v7e-m+fp/hard\libc_nano.a(lib_a-errno.o)
                              ./Core/Src/syscalls.o (__errno)
c:/st/stm32cubeide_1.9.0/stm32cubeide/plugins/com.st.stm32cube.ide.mcu.externaltools.gnu-tools-for-stm32.10.3-2021.10.win32_1.0.0.202111181127/tools/bin/../lib/gcc/arm-none-eabi/10.3.1/../../../../arm-none-eabi/lib/thumb/v7e-m+fp/hard\libc_nano.a(lib_a-exit.o)
                              c:/st/stm32cubeide_1.9.0/stm32cubeide/plugins/com.st.stm32cube.ide.mcu.externaltools.gnu-tools-for-stm32.10.3-2021.10.win32_1.0.0.202111181127/tools/bin/../lib/gcc/arm-none-eabi/10.3.1/../../../../arm-none-eabi/lib/thumb/v7e-m+fp/hard/crt0.o (exit)
c:/st/stm32cubeide_1.9.0/stm32cubeide/plugins/com.st.stm32cube.ide.mcu.externaltools.gnu-tools-for-stm32.10.3-2021.10.win32_1.0.0.202111181127/tools/bin/../lib/gcc/arm-none-eabi/10.3.1/../../../../arm-none-eabi/lib/thumb/v7e-m+fp/hard\libc_nano.a(lib_a-impure.o)
                              c:/st/stm32cubeide_1.9.0/stm32cubeide/plugins/com.st.stm32cube.ide.mcu.externaltools.gnu-tools-for-stm32.10.3-2021.10.win32_1.0.0.202111181127/tools/bin/../lib/gcc/arm-none-eabi/10.3.1/../../../../arm-none-eabi/lib/thumb/v7e-m+fp/hard\libc_nano.a(lib_a-exit.o) (_global_impure_ptr)
c:/st/stm32cubeide_1.9.0/stm32cubeide/plugins/com.st.stm32cube.ide.mcu.externaltools.gnu-tools-for-stm32.10.3-2021.10.win32_1.0.0.202111181127/tools/bin/../lib/gcc/arm-none-eabi/10.3.1/../../../../arm-none-eabi/lib/thumb/v7e-m+fp/hard\libc_nano.a(lib_a-init.o)
                              c:/st/stm32cubeide_1.9.0/stm32cubeide/plugins/com.st.stm32cube.ide.mcu.externaltools.gnu-tools-for-stm32.10.3-2021.10.win32_1.0.0.202111181127/tools/bin/../lib/gcc/arm-none-eabi/10.3.1/../../../../arm-none-eabi/lib/thumb/v7e-m+fp/hard/crt0.o (__libc_init_array)
c:/st/stm32cubeide_1.9.0/stm32cubeide/plugins/com.st.stm32cube.ide.mcu.externaltools.gnu-tools-for-stm32.10.3-2021.10.win32_1.0.0.202111181127/tools/bin/../lib/gcc/arm-none-eabi/10.3.1/../../../../arm-none-eabi/lib/thumb/v7e-m+fp/hard\libc_nano.a(lib_a-memset.o)
                              c:/st/stm32cubeide_1.9.0/stm32cubeide/plugins/com.st.stm32cube.ide.mcu.externaltools.gnu-tools-for-stm32.10.3-2021.10.win32_1.0.0.202111181127/tools/bin/../lib/gcc/arm-none-eabi/10.3.1/../../../../arm-none-eabi/lib/thumb/v7e-m+fp/hard/crt0.o (memset)

Discarded input sections

 .text          0x0000000000000000        0x0 c:/st/stm32cubeide_1.9.0/stm32cubeide/plugins/com.st.stm32cube.ide.mcu.externaltools.gnu-tools-for-stm32.10.3-2021.10.win32_1.0.0.202111181127/tools/bin/../lib/gcc/arm-none-eabi/10.3.1/thumb/v7e-m+fp/hard/crti.o
 .data          0x0000000000000000        0x0 c:/st/stm32cubeide_1.9.0/stm32cubeide/plugins/com.st.stm32cube.ide.mcu.externaltools.gnu-tools-for-stm32.10.3-2021.10.win32_1.0.0.202111181127/tools/bin/../lib/gcc/arm-none-eabi/10.3.1/thumb/v7e-m+fp/hard/crti.o
 .bss           0x0000000000000000        0x0 c:/st/stm32cubeide_1.9.0/stm32cubeide/plugins/com.st.stm32cube.ide.mcu.externaltools.gnu-tools-for-stm32.10.3-2021.10.win32_1.0.0.202111181127/tools/bin/../lib/gcc/arm-none-eabi/10.3.1/thumb/v7e-m+fp/hard/crti.o
 .data          0x0000000000000000        0x4 c:/st/stm32cubeide_1.9.0/stm32cubeide/plugins/com.st.stm32cube.ide.mcu.externaltools.gnu-tools-for-stm32.10.3-2021.10.win32_1.0.0.202111181127/tools/bin/../lib/gcc/arm-none-eabi/10.3.1/thumb/v7e-m+fp/hard/crtbegin.o
 .rodata        0x0000000000000000       0x24 c:/st/stm32cubeide_1.9.0/stm32cubeide/plugins/com.st.stm32cube.ide.mcu.externaltools.gnu-tools-for-stm32.10.3-2021.10.win32_1.0.0.202111181127/tools/bin/../lib/gcc/arm-none-eabi/10.3.1/thumb/v7e-m+fp/hard/crtbegin.o
 .text          0x0000000000000000       0x7c c:/st/stm32cubeide_1.9.0/stm32cubeide/plugins/com.st.stm32cube.ide.mcu.externaltools.gnu-tools-for-stm32.10.3-2021.10.win32_1.0.0.202111181127/tools/bin/../lib/gcc/arm-none-eabi/10.3.1/../../../../arm-none-eabi/lib/thumb/v7e-m+fp/hard/crt0.o
 .data          0x0000000000000000        0x0 c:/st/stm32cubeide_1.9.0/stm32cubeide/plugins/com.st.stm32cube.ide.mcu.externaltools.gnu-tools-for-stm32.10.3-2021.10.win32_1.0.0.202111181127/tools/bin/../lib/gcc/arm-none-eabi/10.3.1/../../../../arm-none-eabi/lib/thumb/v7e-m+fp/hard/crt0.o
 .bss           0x0000000000000000        0x0 c:/st/stm32cubeide_1.9.0/stm32cubeide/plugins/com.st.stm32cube.ide.mcu.externaltools.gnu-tools-for-stm32.10.3-2021.10.win32_1.0.0.202111181127/tools/bin/../lib/gcc/arm-none-eabi/10.3.1/../../../../arm-none-eabi/lib/thumb/v7e-m+fp/hard/crt0.o
[...]
Memory Configuration

Name             Origin             Length             Attributes
RAM              0x0000000020000000 0x0000000000018000 xrw
RAM2             0x0000000010000000 0x0000000000008000 xrw
FLASH            0x0000000008000000 0x0000000000100000 xr
*default*        0x0000000000000000 0xffffffffffffffff

Linker script and memory map

LOAD c:/st/stm32cubeide_1.9.0/stm32cubeide/plugins/com.st.stm32cube.ide.mcu.externaltools.gnu-tools-for-stm32.10.3-2021.10.win32_1.0.0.202111181127/tools/bin/../lib/gcc/arm-none-eabi/10.3.1/thumb/v7e-m+fp/hard/crti.o
LOAD c:/st/stm32cubeide_1.9.0/stm32cubeide/plugins/com.st.stm32cube.ide.mcu.externaltools.gnu-tools-for-stm32.10.3-2021.10.win32_1.0.0.202111181127/tools/bin/../lib/gcc/arm-none-eabi/10.3.1/thumb/v7e-m+fp/hard/crtbegin.o
LOAD c:/st/stm32cubeide_1.9.0/stm32cubeide/plugins/com.st.stm32cube.ide.mcu.externaltools.gnu-tools-for-stm32.10.3-2021.10.win32_1.0.0.202111181127/tools/bin/../lib/gcc/arm-none-eabi/10.3.1/../../../../arm-none-eabi/lib/thumb/v7e-m+fp/hard/crt0.o
LOAD ./Core/Src/gpio.o
LOAD ./Core/Src/main.o
LOAD ./Core/Src/quadspi.o
LOAD ./Core/Src/stm32l4xx_hal_msp.o
LOAD ./Core/Src/stm32l4xx_it.o
LOAD ./Core/Src/syscalls.o
LOAD ./Core/Src/sysmem.o
LOAD ./Core/Src/system_stm32l4xx.o
LOAD ./Core/Startup/startup_stm32l476vgtx.o
LOAD ./Drivers/STM32L4xx_HAL_Driver/Src/stm32l4xx_hal.o
LOAD ./Drivers/STM32L4xx_HAL_Driver/Src/stm32l4xx_hal_cortex.o
LOAD ./Drivers/STM32L4xx_HAL_Driver/Src/stm32l4xx_hal_dma.o
LOAD ./Drivers/STM32L4xx_HAL_Driver/Src/stm32l4xx_hal_dma_ex.o
LOAD ./Drivers/STM32L4xx_HAL_Driver/Src/stm32l4xx_hal_exti.o
LOAD ./Drivers/STM32L4xx_HAL_Driver/Src/stm32l4xx_hal_flash.o
LOAD ./Drivers/STM32L4xx_HAL_Driver/Src/stm32l4xx_hal_flash_ex.o
LOAD ./Drivers/STM32L4xx_HAL_Driver/Src/stm32l4xx_hal_flash_ramfunc.o
LOAD ./Drivers/STM32L4xx_HAL_Driver/Src/stm32l4xx_hal_gpio.o
LOAD ./Drivers/STM32L4xx_HAL_Driver/Src/stm32l4xx_hal_i2c.o
LOAD ./Drivers/STM32L4xx_HAL_Driver/Src/stm32l4xx_hal_i2c_ex.o
LOAD ./Drivers/STM32L4xx_HAL_Driver/Src/stm32l4xx_hal_pcd.o
LOAD ./Drivers/STM32L4xx_HAL_Driver/Src/stm32l4xx_hal_pcd_ex.o
LOAD ./Drivers/STM32L4xx_HAL_Driver/Src/stm32l4xx_hal_pwr.o
LOAD ./Drivers/STM32L4xx_HAL_Driver/Src/stm32l4xx_hal_pwr_ex.o
LOAD ./Drivers/STM32L4xx_HAL_Driver/Src/stm32l4xx_hal_qspi.o
LOAD ./Drivers/STM32L4xx_HAL_Driver/Src/stm32l4xx_hal_rcc.o
LOAD ./Drivers/STM32L4xx_HAL_Driver/Src/stm32l4xx_hal_rcc_ex.o
LOAD ./Drivers/STM32L4xx_HAL_Driver/Src/stm32l4xx_hal_tim.o
LOAD ./Drivers/STM32L4xx_HAL_Driver/Src/stm32l4xx_hal_tim_ex.o
LOAD ./Drivers/STM32L4xx_HAL_Driver/Src/stm32l4xx_ll_usb.o
LOAD ./Middlewares/ST/STM32_USB_Device_Library/Class/MSC/Src/usbd_msc.o
LOAD ./Middlewares/ST/STM32_USB_Device_Library/Class/MSC/Src/usbd_msc_bot.o
LOAD ./Middlewares/ST/STM32_USB_Device_Library/Class/MSC/Src/usbd_msc_data.o
LOAD ./Middlewares/ST/STM32_USB_Device_Library/Class/MSC/Src/usbd_msc_scsi.o
LOAD ./Middlewares/ST/STM32_USB_Device_Library/Core/Src/usbd_core.o
LOAD ./Middlewares/ST/STM32_USB_Device_Library/Core/Src/usbd_ctlreq.o
LOAD ./Middlewares/ST/STM32_USB_Device_Library/Core/Src/usbd_ioreq.o
LOAD ./USB_DEVICE/App/usb_device.o
LOAD ./USB_DEVICE/App/usbd_desc.o
LOAD ./USB_DEVICE/App/usbd_storage_if.o
LOAD ./USB_DEVICE/Target/usbd_conf.o
START GROUP
LOAD c:/st/stm32cubeide_1.9.0/stm32cubeide/plugins/com.st.stm32cube.ide.mcu.externaltools.gnu-tools-for-stm32.10.3-2021.10.win32_1.0.0.202111181127/tools/bin/../lib/gcc/arm-none-eabi/10.3.1/../../../../arm-none-eabi/lib/thumb/v7e-m+fp/hard\libc_nano.a
LOAD c:/st/stm32cubeide_1.9.0/stm32cubeide/plugins/com.st.stm32cube.ide.mcu.externaltools.gnu-tools-for-stm32.10.3-2021.10.win32_1.0.0.202111181127/tools/bin/../lib/gcc/arm-none-eabi/10.3.1/../../../../arm-none-eabi/lib/thumb/v7e-m+fp/hard\libm.a
END GROUP
START GROUP
LOAD c:/st/stm32cubeide_1.9.0/stm32cubeide/plugins/com.st.stm32cube.ide.mcu.externaltools.gnu-tools-for-stm32.10.3-2021.10.win32_1.0.0.202111181127/tools/bin/../lib/gcc/arm-none-eabi/10.3.1/thumb/v7e-m+fp/hard\libgcc.a
LOAD c:/st/stm32cubeide_1.9.0/stm32cubeide/plugins/com.st.stm32cube.ide.mcu.externaltools.gnu-tools-for-stm32.10.3-2021.10.win32_1.0.0.202111181127/tools/bin/../lib/gcc/arm-none-eabi/10.3.1/../../../../arm-none-eabi/lib/thumb/v7e-m+fp/hard\libc_nano.a
END GROUP
START GROUP
LOAD c:/st/stm32cubeide_1.9.0/stm32cubeide/plugins/com.st.stm32cube.ide.mcu.externaltools.gnu-tools-for-stm32.10.3-2021.10.win32_1.0.0.202111181127/tools/bin/../lib/gcc/arm-none-eabi/10.3.1/thumb/v7e-m+fp/hard\libgcc.a
LOAD c:/st/stm32cubeide_1.9.0/stm32cubeide/plugins/com.st.stm32cube.ide.mcu.externaltools.gnu-tools-for-stm32.10.3-2021.10.win32_1.0.0.202111181127/tools/bin/../lib/gcc/arm-none-eabi/10.3.1/../../../../arm-none-eabi/lib/thumb/v7e-m+fp/hard\libc_nano.a
LOAD c:/st/stm32cubeide_1.9.0/stm32cubeide/plugins/com.st.stm32cube.ide.mcu.externaltools.gnu-tools-for-stm32.10.3-2021.10.win32_1.0.0.202111181127/tools/bin/../lib/gcc/arm-none-eabi/10.3.1/../../../../arm-none-eabi/lib/thumb/v7e-m+fp/hard\libnosys.a
END GROUP
START GROUP
LOAD c:/st/stm32cubeide_1.9.0/stm32cubeide/plugins/com.st.stm32cube.ide.mcu.externaltools.gnu-tools-for-stm32.10.3-2021.10.win32_1.0.0.202111181127/tools/bin/../lib/gcc/arm-none-eabi/10.3.1/thumb/v7e-m+fp/hard\libgcc.a
LOAD c:/st/stm32cubeide_1.9.0/stm32cubeide/plugins/com.st.stm32cube.ide.mcu.externaltools.gnu-tools-for-stm32.10.3-2021.10.win32_1.0.0.202111181127/tools/bin/../lib/gcc/arm-none-eabi/10.3.1/../../../../arm-none-eabi/lib/thumb/v7e-m+fp/hard\libc_nano.a
LOAD c:/st/stm32cubeide_1.9.0/stm32cubeide/plugins/com.st.stm32cube.ide.mcu.externaltools.gnu-tools-for-stm32.10.3-2021.10.win32_1.0.0.202111181127/tools/bin/../lib/gcc/arm-none-eabi/10.3.1/../../../../arm-none-eabi/lib/thumb/v7e-m+fp/hard\libnosys.a
END GROUP
LOAD c:/st/stm32cubeide_1.9.0/stm32cubeide/plugins/com.st.stm32cube.ide.mcu.externaltools.gnu-tools-for-stm32.10.3-2021.10.win32_1.0.0.202111181127/tools/bin/../lib/gcc/arm-none-eabi/10.3.1/thumb/v7e-m+fp/hard/crtend.o
LOAD c:/st/stm32cubeide_1.9.0/stm32cubeide/plugins/com.st.stm32cube.ide.mcu.externaltools.gnu-tools-for-stm32.10.3-2021.10.win32_1.0.0.202111181127/tools/bin/../lib/gcc/arm-none-eabi/10.3.1/thumb/v7e-m+fp/hard/crtn.o
                0x0000000020018000                _estack = (ORIGIN (RAM) + LENGTH (RAM))
                0x0000000000000200                _Min_Heap_Size = 0x200
                0x0000000000000400                _Min_Stack_Size = 0x400

.isr_vector     0x0000000008000000      0x188
                0x0000000008000000                . = ALIGN (0x4)
 *(.isr_vector)
 .isr_vector    0x0000000008000000      0x188 ./Core/Startup/startup_stm32l476vgtx.o
                0x0000000008000000                g_pfnVectors
                0x0000000008000188                . = ALIGN (0x4)

.text           0x0000000008000188     0x4b24
                0x0000000008000188                . = ALIGN (0x4)
 *(.text)
 .text          0x0000000008000188       0x40 c:/st/stm32cubeide_1.9.0/stm32cubeide/plugins/com.st.stm32cube.ide.mcu.externaltools.gnu-tools-for-stm32.10.3-2021.10.win32_1.0.0.202111181127/tools/bin/../lib/gcc/arm-none-eabi/10.3.1/thumb/v7e-m+fp/hard/crtbegin.o
 *(.text*)
 .text.MX_GPIO_Init
                0x00000000080001c8      0x2d8 ./Core/Src/gpio.o
                0x00000000080001c8                MX_GPIO_Init
 .text.SystemClock_Config
                0x00000000080004a0       0x94 ./Core/Src/main.o
                0x00000000080004a0                SystemClock_Config
 .text.startup.main
                0x0000000008000534       0x18 ./Core/Src/main.o
                0x0000000008000534                main
 .text.Error_Handler
                0x000000000800054c        0x4 ./Core/Src/main.o
                0x000000000800054c                Error_Handler
 .text.QSPI_AutoPollingMemReady.constprop.0
                0x0000000008000550       0x54 ./Core/Src/quadspi.o
 .text.QSPI_WriteEnable.constprop.0
                0x00000000080005a4       0x70 ./Core/Src/quadspi.o
 .text.MX_QUADSPI_Init
                0x0000000008000614       0x34 ./Core/Src/quadspi.o
                0x0000000008000614                MX_QUADSPI_Init
 .text.HAL_QSPI_MspInit
                0x0000000008000648       0x6c ./Core/Src/quadspi.o
                0x0000000008000648                HAL_QSPI_MspInit
 .text.BSP_QSPI_Init
                0x00000000080006b4       0xe4 ./Core/Src/quadspi.o
                0x00000000080006b4                BSP_QSPI_Init
 .text.BSP_QSPI_Read
                0x0000000008000798       0x60 ./Core/Src/quadspi.o
                0x0000000008000798                BSP_QSPI_Read
 .text.BSP_QSPI_Write
                0x00000000080007f8       0xa0 ./Core/Src/quadspi.o
                0x00000000080007f8                BSP_QSPI_Write
 .text.BSP_QSPI_Erase_Block
                0x0000000008000898       0x5c ./Core/Src/quadspi.o
                0x0000000008000898                BSP_QSPI_Erase_Block
 .text.BSP_QSPI_GetStatus
                0x00000000080008f4       0x70 ./Core/Src/quadspi.o
                0x00000000080008f4                BSP_QSPI_GetStatus
 .text.BSP_QSPI_GetInfo
                0x0000000008000964       0x1e ./Core/Src/quadspi.o
                0x0000000008000964                BSP_QSPI_GetInfo
 *fill*         0x0000000008000982        0x2 
 .text.HAL_MspInit
                0x0000000008000984       0x30 ./Core/Src/stm32l4xx_hal_msp.o
                0x0000000008000984                HAL_MspInit
 .text.NMI_Handler
                0x00000000080009b4        0x2 ./Core/Src/stm32l4xx_it.o
                0x00000000080009b4                NMI_Handler
 .text.HardFault_Handler
                0x00000000080009b6        0x2 ./Core/Src/stm32l4xx_it.o
                0x00000000080009b6                HardFault_Handler
 .text.MemManage_Handler
                0x00000000080009b8        0x2 ./Core/Src/stm32l4xx_it.o
                0x00000000080009b8                MemManage_Handler
 .text.BusFault_Handler
                0x00000000080009ba        0x2 ./Core/Src/stm32l4xx_it.o
                0x00000000080009ba                BusFault_Handler
 .text.UsageFault_Handler
                0x00000000080009bc        0x2 ./Core/Src/stm32l4xx_it.o
                0x00000000080009bc                UsageFault_Handler
 .text.SVC_Handler
                0x00000000080009be        0x2 ./Core/Src/stm32l4xx_it.o
                0x00000000080009be                SVC_Handler
 .text.DebugMon_Handler
                0x00000000080009c0        0x2 ./Core/Src/stm32l4xx_it.o
                0x00000000080009c0                DebugMon_Handler
 .text.PendSV_Handler
                0x00000000080009c2        0x2 ./Core/Src/stm32l4xx_it.o
                0x00000000080009c2                PendSV_Handler
 .text.SysTick_Handler
                0x00000000080009c4        0x4 ./Core/Src/stm32l4xx_it.o
                0x00000000080009c4                SysTick_Handler
 .text.OTG_FS_IRQHandler
                0x00000000080009c8        0xc ./Core/Src/stm32l4xx_it.o
                0x00000000080009c8                OTG_FS_IRQHandler
 .text.SystemInit
                0x00000000080009d4       0x14 ./Core/Src/system_stm32l4xx.o
                0x00000000080009d4                SystemInit
 .text.Reset_Handler
                0x00000000080009e8       0x50 ./Core/Startup/startup_stm32l476vgtx.o
                0x00000000080009e8                Reset_Handler
 .text.Default_Handler
                0x0000000008000a38        0x2 ./Core/Startup/startup_stm32l476vgtx.o
                0x0000000008000a38                RTC_Alarm_IRQHandler
                0x0000000008000a38                EXTI2_IRQHandler
                0x0000000008000a38                TIM8_TRG_COM_IRQHandler
                0x0000000008000a38                TIM8_CC_IRQHandler
                0x0000000008000a38                TIM1_CC_IRQHandler
                0x0000000008000a38                TSC_IRQHandler
                0x0000000008000a38                TAMP_STAMP_IRQHandler
                0x0000000008000a38                EXTI3_IRQHandler
                0x0000000008000a38                LPTIM2_IRQHandler
                0x0000000008000a38                DFSDM1_FLT1_IRQHandler
                0x0000000008000a38                I2C3_ER_IRQHandler
                0x0000000008000a38                DFSDM1_FLT2_IRQHandler
                0x0000000008000a38                EXTI0_IRQHandler
                0x0000000008000a38                I2C2_EV_IRQHandler
                0x0000000008000a38                CAN1_RX0_IRQHandler
                0x0000000008000a38                FPU_IRQHandler
                0x0000000008000a38                TIM1_UP_TIM16_IRQHandler
                0x0000000008000a38                ADC1_2_IRQHandler
                0x0000000008000a38                SPI1_IRQHandler
                0x0000000008000a38                TIM6_DAC_IRQHandler
                0x0000000008000a38                TIM8_UP_IRQHandler
                0x0000000008000a38                DMA2_Channel2_IRQHandler
                0x0000000008000a38                DMA1_Channel4_IRQHandler
                0x0000000008000a38                SAI2_IRQHandler
                0x0000000008000a38                DFSDM1_FLT3_IRQHandler
                0x0000000008000a38                USART3_IRQHandler
                0x0000000008000a38                DMA1_Channel7_IRQHandler
                0x0000000008000a38                CAN1_RX1_IRQHandler
                0x0000000008000a38                LCD_IRQHandler
                0x0000000008000a38                UART5_IRQHandler
                0x0000000008000a38                ADC3_IRQHandler
                0x0000000008000a38                TIM4_IRQHandler
                0x0000000008000a38                DMA2_Channel1_IRQHandler
                0x0000000008000a38                QUADSPI_IRQHandler
                0x0000000008000a38                I2C1_EV_IRQHandler
                0x0000000008000a38                DMA1_Channel6_IRQHandler
                0x0000000008000a38                UART4_IRQHandler
                0x0000000008000a38                DMA2_Channel4_IRQHandler
                0x0000000008000a38                TIM3_IRQHandler
                0x0000000008000a38                RCC_IRQHandler
                0x0000000008000a38                DMA1_Channel1_IRQHandler
                0x0000000008000a38                Default_Handler
                0x0000000008000a38                DMA2_Channel7_IRQHandler
                0x0000000008000a38                EXTI15_10_IRQHandler
                0x0000000008000a38                TIM7_IRQHandler
                0x0000000008000a38                SDMMC1_IRQHandler
                0x0000000008000a38                TIM5_IRQHandler
                0x0000000008000a38                I2C3_EV_IRQHandler
                0x0000000008000a38                EXTI9_5_IRQHandler
                0x0000000008000a38                RTC_WKUP_IRQHandler
                0x0000000008000a38                PVD_PVM_IRQHandler
                0x0000000008000a38                SPI2_IRQHandler
                0x0000000008000a38                CAN1_TX_IRQHandler
                0x0000000008000a38                DMA2_Channel5_IRQHandler
                0x0000000008000a38                DMA1_Channel5_IRQHandler
                0x0000000008000a38                EXTI4_IRQHandler
                0x0000000008000a38                RNG_IRQHandler
                0x0000000008000a38                TIM1_TRG_COM_TIM17_IRQHandler
                0x0000000008000a38                DMA1_Channel3_IRQHandler
                0x0000000008000a38                COMP_IRQHandler
                0x0000000008000a38                WWDG_IRQHandler
                0x0000000008000a38                LPUART1_IRQHandler
                0x0000000008000a38                DMA2_Channel6_IRQHandler
                0x0000000008000a38                TIM2_IRQHandler
                0x0000000008000a38                EXTI1_IRQHandler
                0x0000000008000a38                USART2_IRQHandler
                0x0000000008000a38                DFSDM1_FLT0_IRQHandler
                0x0000000008000a38                I2C2_ER_IRQHandler
                0x0000000008000a38                DMA1_Channel2_IRQHandler
                0x0000000008000a38                TIM8_BRK_IRQHandler
                0x0000000008000a38                CAN1_SCE_IRQHandler
                0x0000000008000a38                FLASH_IRQHandler
                0x0000000008000a38                USART1_IRQHandler
                0x0000000008000a38                SPI3_IRQHandler
                0x0000000008000a38                I2C1_ER_IRQHandler
                0x0000000008000a38                FMC_IRQHandler
                0x0000000008000a38                SWPMI1_IRQHandler
                0x0000000008000a38                LPTIM1_IRQHandler
                0x0000000008000a38                SAI1_IRQHandler
                0x0000000008000a38                DMA2_Channel3_IRQHandler
                0x0000000008000a38                TIM1_BRK_TIM15_IRQHandler
 *fill*         0x0000000008000a3a        0x2 
 .text.HAL_InitTick
                0x0000000008000a3c       0x4c ./Drivers/STM32L4xx_HAL_Driver/Src/stm32l4xx_hal.o
                0x0000000008000a3c                HAL_InitTick
 .text.HAL_Init
                0x0000000008000a88       0x2c ./Drivers/STM32L4xx_HAL_Driver/Src/stm32l4xx_hal.o
                0x0000000008000a88                HAL_Init
 .text.HAL_IncTick
                0x0000000008000ab4       0x18 ./Drivers/STM32L4xx_HAL_Driver/Src/stm32l4xx_hal.o
                0x0000000008000ab4                HAL_IncTick
 .text.HAL_GetTick
                0x0000000008000acc        0xc ./Drivers/STM32L4xx_HAL_Driver/Src/stm32l4xx_hal.o
                0x0000000008000acc                HAL_GetTick
 .text.HAL_Delay
                0x0000000008000ad8       0x28 ./Drivers/STM32L4xx_HAL_Driver/Src/stm32l4xx_hal.o
                0x0000000008000ad8                HAL_Delay
 .text.HAL_NVIC_SetPriorityGrouping
                0x0000000008000b00       0x24 ./Drivers/STM32L4xx_HAL_Driver/Src/stm32l4xx_hal_cortex.o
                0x0000000008000b00                HAL_NVIC_SetPriorityGrouping
 .text.HAL_NVIC_SetPriority
                0x0000000008000b24       0x64 ./Drivers/STM32L4xx_HAL_Driver/Src/stm32l4xx_hal_cortex.o
                0x0000000008000b24                HAL_NVIC_SetPriority
 .text.HAL_NVIC_EnableIRQ
                0x0000000008000b88       0x1c ./Drivers/STM32L4xx_HAL_Driver/Src/stm32l4xx_hal_cortex.o
                0x0000000008000b88                HAL_NVIC_EnableIRQ
 .text.HAL_SYSTICK_Config
                0x0000000008000ba4       0x28 ./Drivers/STM32L4xx_HAL_Driver/Src/stm32l4xx_hal_cortex.o
                0x0000000008000ba4                HAL_SYSTICK_Config
 .text.HAL_DMA_Abort
                0x0000000008000bcc       0x46 ./Drivers/STM32L4xx_HAL_Driver/Src/stm32l4xx_hal_dma.o
                0x0000000008000bcc                HAL_DMA_Abort
 *fill*         0x0000000008000c12        0x2 
 .text.HAL_GPIO_Init
                0x0000000008000c14      0x1bc ./Drivers/STM32L4xx_HAL_Driver/Src/stm32l4xx_hal_gpio.o
                0x0000000008000c14                HAL_GPIO_Init
 .text.HAL_GPIO_WritePin
                0x0000000008000dd0        0xa ./Drivers/STM32L4xx_HAL_Driver/Src/stm32l4xx_hal_gpio.o
                0x0000000008000dd0                HAL_GPIO_WritePin
 .text.HAL_PCD_Init
                0x0000000008000dda      0x116 ./Drivers/STM32L4xx_HAL_Driver/Src/stm32l4xx_hal_pcd.o
                0x0000000008000dda                HAL_PCD_Init
 .text.HAL_PCD_Start
                0x0000000008000ef0       0x38 ./Drivers/STM32L4xx_HAL_Driver/Src/stm32l4xx_hal_pcd.o
                0x0000000008000ef0                HAL_PCD_Start
 .text.HAL_PCD_IRQHandler
                0x0000000008000f28      0x4e4 ./Drivers/STM32L4xx_HAL_Driver/Src/stm32l4xx_hal_pcd.o
                0x0000000008000f28                HAL_PCD_IRQHandler
 .text.HAL_PCD_SetAddress
                0x000000000800140c       0x28 ./Drivers/STM32L4xx_HAL_Driver/Src/stm32l4xx_hal_pcd.o
                0x000000000800140c                HAL_PCD_SetAddress
 .text.HAL_PCD_EP_Open
                0x0000000008001434       0x70 ./Drivers/STM32L4xx_HAL_Driver/Src/stm32l4xx_hal_pcd.o
                0x0000000008001434                HAL_PCD_EP_Open
 .text.HAL_PCD_EP_Close
                0x00000000080014a4       0x5e ./Drivers/STM32L4xx_HAL_Driver/Src/stm32l4xx_hal_pcd.o
                0x00000000080014a4                HAL_PCD_EP_Close
 .text.HAL_PCD_EP_Receive
                0x0000000008001502       0x3c ./Drivers/STM32L4xx_HAL_Driver/Src/stm32l4xx_hal_pcd.o
                0x0000000008001502                HAL_PCD_EP_Receive
 .text.HAL_PCD_EP_GetRxCount
                0x000000000800153e       0x10 ./Drivers/STM32L4xx_HAL_Driver/Src/stm32l4xx_hal_pcd.o
                0x000000000800153e                HAL_PCD_EP_GetRxCount
 .text.HAL_PCD_EP_Transmit
                0x000000000800154e       0x36 ./Drivers/STM32L4xx_HAL_Driver/Src/stm32l4xx_hal_pcd.o
                0x000000000800154e                HAL_PCD_EP_Transmit
 .text.HAL_PCD_EP_SetStall
                0x0000000008001584       0x6e ./Drivers/STM32L4xx_HAL_Driver/Src/stm32l4xx_hal_pcd.o
                0x0000000008001584                HAL_PCD_EP_SetStall
 .text.HAL_PCD_EP_ClrStall
                0x00000000080015f2       0x6c ./Drivers/STM32L4xx_HAL_Driver/Src/stm32l4xx_hal_pcd.o
                0x00000000080015f2                HAL_PCD_EP_ClrStall
 .text.HAL_PCD_EP_Flush
                0x000000000800165e       0x32 ./Drivers/STM32L4xx_HAL_Driver/Src/stm32l4xx_hal_pcd.o
                0x000000000800165e                HAL_PCD_EP_Flush
 .text.HAL_PCDEx_SetTxFiFo
                0x0000000008001690       0x40 ./Drivers/STM32L4xx_HAL_Driver/Src/stm32l4xx_hal_pcd_ex.o
                0x0000000008001690                HAL_PCDEx_SetTxFiFo
 .text.HAL_PCDEx_SetRxFiFo
                0x00000000080016d0        0x8 ./Drivers/STM32L4xx_HAL_Driver/Src/stm32l4xx_hal_pcd_ex.o
                0x00000000080016d0                HAL_PCDEx_SetRxFiFo
 .text.HAL_PCDEx_ActivateLPM
                0x00000000080016d8       0x26 ./Drivers/STM32L4xx_HAL_Driver/Src/stm32l4xx_hal_pcd_ex.o
                0x00000000080016d8                HAL_PCDEx_ActivateLPM
 .text.HAL_PCDEx_LPM_Callback
                0x00000000080016fe        0x2 ./Drivers/STM32L4xx_HAL_Driver/Src/stm32l4xx_hal_pcd_ex.o
                0x00000000080016fe                HAL_PCDEx_LPM_Callback
 .text.HAL_PWR_EnableBkUpAccess
                0x0000000008001700       0x10 ./Drivers/STM32L4xx_HAL_Driver/Src/stm32l4xx_hal_pwr.o
                0x0000000008001700                HAL_PWR_EnableBkUpAccess
 .text.HAL_PWREx_GetVoltageRange
                0x0000000008001710       0x10 ./Drivers/STM32L4xx_HAL_Driver/Src/stm32l4xx_hal_pwr_ex.o
                0x0000000008001710                HAL_PWREx_GetVoltageRange
 .text.HAL_PWREx_ControlVoltageScaling
                0x0000000008001720       0x6c ./Drivers/STM32L4xx_HAL_Driver/Src/stm32l4xx_hal_pwr_ex.o
                0x0000000008001720                HAL_PWREx_ControlVoltageScaling
 .text.HAL_PWREx_EnableVddUSB
                0x000000000800178c       0x10 ./Drivers/STM32L4xx_HAL_Driver/Src/stm32l4xx_hal_pwr_ex.o
                0x000000000800178c                HAL_PWREx_EnableVddUSB
 .text.QSPI_Config
                0x000000000800179c      0x15a ./Drivers/STM32L4xx_HAL_Driver/Src/stm32l4xx_hal_qspi.o
 .text.QSPI_WaitFlagStateUntilTimeout
                0x00000000080018f6       0x4e ./Drivers/STM32L4xx_HAL_Driver/Src/stm32l4xx_hal_qspi.o
 .text.HAL_QSPI_Init
                0x0000000008001944       0xa0 ./Drivers/STM32L4xx_HAL_Driver/Src/stm32l4xx_hal_qspi.o
                0x0000000008001944                HAL_QSPI_Init
 .text.HAL_QSPI_Command
                0x00000000080019e4       0x88 ./Drivers/STM32L4xx_HAL_Driver/Src/stm32l4xx_hal_qspi.o
                0x00000000080019e4                HAL_QSPI_Command
 .text.HAL_QSPI_AutoPolling
                0x0000000008001a6c       0xa0 ./Drivers/STM32L4xx_HAL_Driver/Src/stm32l4xx_hal_qspi.o
                0x0000000008001a6c                HAL_QSPI_AutoPolling
 .text.HAL_QSPI_Abort
                0x0000000008001b0c       0x86 ./Drivers/STM32L4xx_HAL_Driver/Src/stm32l4xx_hal_qspi.o
                0x0000000008001b0c                HAL_QSPI_Abort
 .text.HAL_QSPI_Transmit
                0x0000000008001b92       0xb8 ./Drivers/STM32L4xx_HAL_Driver/Src/stm32l4xx_hal_qspi.o
                0x0000000008001b92                HAL_QSPI_Transmit
 .text.HAL_QSPI_Receive
                0x0000000008001c4a       0xc4 ./Drivers/STM32L4xx_HAL_Driver/Src/stm32l4xx_hal_qspi.o
                0x0000000008001c4a                HAL_QSPI_Receive
 *fill*         0x0000000008001d0e        0x2 
 .text.RCC_SetFlashLatencyFromMSIRange
                0x0000000008001d10       0x84 ./Drivers/STM32L4xx_HAL_Driver/Src/stm32l4xx_hal_rcc.o
 .text.HAL_RCC_GetSysClockFreq
                0x0000000008001d94       0x9c ./Drivers/STM32L4xx_HAL_Driver/Src/stm32l4xx_hal_rcc.o
                0x0000000008001d94                HAL_RCC_GetSysClockFreq
 .text.HAL_RCC_OscConfig
                0x0000000008001e30      0x50c ./Drivers/STM32L4xx_HAL_Driver/Src/stm32l4xx_hal_rcc.o
                0x0000000008001e30                HAL_RCC_OscConfig
 .text.HAL_RCC_ClockConfig
                0x000000000800233c      0x128 ./Drivers/STM32L4xx_HAL_Driver/Src/stm32l4xx_hal_rcc.o
                0x000000000800233c                HAL_RCC_ClockConfig
 .text.HAL_RCC_GetHCLKFreq
                0x0000000008002464        0xc ./Drivers/STM32L4xx_HAL_Driver/Src/stm32l4xx_hal_rcc.o
                0x0000000008002464                HAL_RCC_GetHCLKFreq
 .text.RCCEx_PLLSAI1_Config
                0x0000000008002470      0x114 ./Drivers/STM32L4xx_HAL_Driver/Src/stm32l4xx_hal_rcc_ex.o
 .text.RCCEx_PLLSAI2_Config
                0x0000000008002584       0xf8 ./Drivers/STM32L4xx_HAL_Driver/Src/stm32l4xx_hal_rcc_ex.o
 .text.HAL_RCCEx_PeriphCLKConfig
                0x000000000800267c      0x3d8 ./Drivers/STM32L4xx_HAL_Driver/Src/stm32l4xx_hal_rcc_ex.o
                0x000000000800267c                HAL_RCCEx_PeriphCLKConfig
 .text.HAL_RCCEx_EnableMSIPLLMode
                0x0000000008002a54       0x10 ./Drivers/STM32L4xx_HAL_Driver/Src/stm32l4xx_hal_rcc_ex.o
                0x0000000008002a54                HAL_RCCEx_EnableMSIPLLMode
 .text.USB_CoreInit
                0x0000000008002a64       0x70 ./Drivers/STM32L4xx_HAL_Driver/Src/stm32l4xx_ll_usb.o
                0x0000000008002a64                USB_CoreInit
 .text.USB_SetTurnaroundTime
                0x0000000008002ad4       0xe0 ./Drivers/STM32L4xx_HAL_Driver/Src/stm32l4xx_ll_usb.o
                0x0000000008002ad4                USB_SetTurnaroundTime
 .text.USB_EnableGlobalInt
                0x0000000008002bb4        0xc ./Drivers/STM32L4xx_HAL_Driver/Src/stm32l4xx_ll_usb.o
                0x0000000008002bb4                USB_EnableGlobalInt
 .text.USB_DisableGlobalInt
                0x0000000008002bc0        0xc ./Drivers/STM32L4xx_HAL_Driver/Src/stm32l4xx_ll_usb.o
                0x0000000008002bc0                USB_DisableGlobalInt
 .text.USB_SetCurrentMode
                0x0000000008002bcc       0x60 ./Drivers/STM32L4xx_HAL_Driver/Src/stm32l4xx_ll_usb.o
                0x0000000008002bcc                USB_SetCurrentMode
 .text.USB_FlushTxFifo
                0x0000000008002c2c       0x48 ./Drivers/STM32L4xx_HAL_Driver/Src/stm32l4xx_ll_usb.o
                0x0000000008002c2c                USB_FlushTxFifo
 .text.USB_FlushRxFifo
                0x0000000008002c74       0x44 ./Drivers/STM32L4xx_HAL_Driver/Src/stm32l4xx_ll_usb.o
                0x0000000008002c74                USB_FlushRxFifo
 .text.USB_SetDevSpeed
                0x0000000008002cb8        0xe ./Drivers/STM32L4xx_HAL_Driver/Src/stm32l4xx_ll_usb.o
                0x0000000008002cb8                USB_SetDevSpeed
 *fill*         0x0000000008002cc6        0x2 
 .text.USB_DevInit
                0x0000000008002cc8      0x150 ./Drivers/STM32L4xx_HAL_Driver/Src/stm32l4xx_ll_usb.o
                0x0000000008002cc8                USB_DevInit
 .text.USB_GetDevSpeed
                0x0000000008002e18       0x14 ./Drivers/STM32L4xx_HAL_Driver/Src/stm32l4xx_ll_usb.o
                0x0000000008002e18                USB_GetDevSpeed
 .text.USB_ActivateEndpoint
                0x0000000008002e2c       0x7c ./Drivers/STM32L4xx_HAL_Driver/Src/stm32l4xx_ll_usb.o
                0x0000000008002e2c                USB_ActivateEndpoint
 .text.USB_DeactivateEndpoint
                0x0000000008002ea8       0xac ./Drivers/STM32L4xx_HAL_Driver/Src/stm32l4xx_ll_usb.o
                0x0000000008002ea8                USB_DeactivateEndpoint
 .text.USB_EP0StartXfer
                0x0000000008002f54       0xc8 ./Drivers/STM32L4xx_HAL_Driver/Src/stm32l4xx_ll_usb.o
                0x0000000008002f54                USB_EP0StartXfer
 .text.USB_WritePacket
                0x000000000800301c       0x1e ./Drivers/STM32L4xx_HAL_Driver/Src/stm32l4xx_ll_usb.o
                0x000000000800301c                USB_WritePacket
 *fill*         0x000000000800303a        0x2 
 .text.USB_EPStartXfer
                0x000000000800303c      0x164 ./Drivers/STM32L4xx_HAL_Driver/Src/stm32l4xx_ll_usb.o
                0x000000000800303c                USB_EPStartXfer
 .text.USB_ReadPacket
                0x00000000080031a0       0x40 ./Drivers/STM32L4xx_HAL_Driver/Src/stm32l4xx_ll_usb.o
                0x00000000080031a0                USB_ReadPacket
 .text.USB_EPSetStall
                0x00000000080031e0       0x56 ./Drivers/STM32L4xx_HAL_Driver/Src/stm32l4xx_ll_usb.o
                0x00000000080031e0                USB_EPSetStall
 .text.USB_EPClearStall
                0x0000000008003236       0x52 ./Drivers/STM32L4xx_HAL_Driver/Src/stm32l4xx_ll_usb.o
                0x0000000008003236                USB_EPClearStall
 .text.USB_SetDevAddress
                0x0000000008003288       0x20 ./Drivers/STM32L4xx_HAL_Driver/Src/stm32l4xx_ll_usb.o
                0x0000000008003288                USB_SetDevAddress
 .text.USB_DevConnect
                0x00000000080032a8       0x1c ./Drivers/STM32L4xx_HAL_Driver/Src/stm32l4xx_ll_usb.o
                0x00000000080032a8                USB_DevConnect
 .text.USB_DevDisconnect
                0x00000000080032c4       0x1c ./Drivers/STM32L4xx_HAL_Driver/Src/stm32l4xx_ll_usb.o
                0x00000000080032c4                USB_DevDisconnect
 .text.USB_ReadInterrupts
                0x00000000080032e0        0x8 ./Drivers/STM32L4xx_HAL_Driver/Src/stm32l4xx_ll_usb.o
                0x00000000080032e0                USB_ReadInterrupts
 .text.USB_ReadDevAllOutEpInterrupt
                0x00000000080032e8       0x10 ./Drivers/STM32L4xx_HAL_Driver/Src/stm32l4xx_ll_usb.o
                0x00000000080032e8                USB_ReadDevAllOutEpInterrupt
 .text.USB_ReadDevAllInEpInterrupt
                0x00000000080032f8       0x10 ./Drivers/STM32L4xx_HAL_Driver/Src/stm32l4xx_ll_usb.o
                0x00000000080032f8                USB_ReadDevAllInEpInterrupt
 .text.USB_ReadDevOutEPInterrupt
                0x0000000008003308       0x12 ./Drivers/STM32L4xx_HAL_Driver/Src/stm32l4xx_ll_usb.o
                0x0000000008003308                USB_ReadDevOutEPInterrupt
 .text.USB_ReadDevInEPInterrupt
                0x000000000800331a       0x24 ./Drivers/STM32L4xx_HAL_Driver/Src/stm32l4xx_ll_usb.o
                0x000000000800331a                USB_ReadDevInEPInterrupt
 .text.USB_GetMode
                0x000000000800333e        0x8 ./Drivers/STM32L4xx_HAL_Driver/Src/stm32l4xx_ll_usb.o
                0x000000000800333e                USB_GetMode
 .text.USB_ActivateSetup
                0x0000000008003346       0x20 ./Drivers/STM32L4xx_HAL_Driver/Src/stm32l4xx_ll_usb.o
                0x0000000008003346                USB_ActivateSetup
 *fill*         0x0000000008003366        0x2 
 .text.USB_EP0_OutStart
                0x0000000008003368       0x38 ./Drivers/STM32L4xx_HAL_Driver/Src/stm32l4xx_ll_usb.o
                0x0000000008003368                USB_EP0_OutStart
 .text.USBD_MSC_GetHSCfgDesc
                0x00000000080033a0        0xc ./Middlewares/ST/STM32_USB_Device_Library/Class/MSC/Src/usbd_msc.o
                0x00000000080033a0                USBD_MSC_GetHSCfgDesc
 .text.USBD_MSC_GetFSCfgDesc
                0x00000000080033ac        0xc ./Middlewares/ST/STM32_USB_Device_Library/Class/MSC/Src/usbd_msc.o
                0x00000000080033ac                USBD_MSC_GetFSCfgDesc
 .text.USBD_MSC_GetOtherSpeedCfgDesc
                0x00000000080033b8        0xc ./Middlewares/ST/STM32_USB_Device_Library/Class/MSC/Src/usbd_msc.o
                0x00000000080033b8                USBD_MSC_GetOtherSpeedCfgDesc
 .text.USBD_MSC_GetDeviceQualifierDescriptor
                0x00000000080033c4        0xc ./Middlewares/ST/STM32_USB_Device_Library/Class/MSC/Src/usbd_msc.o
                0x00000000080033c4                USBD_MSC_GetDeviceQualifierDescriptor
 .text.USBD_MSC_Init
                0x00000000080033d0       0x5e ./Middlewares/ST/STM32_USB_Device_Library/Class/MSC/Src/usbd_msc.o
                0x00000000080033d0                USBD_MSC_Init
 *fill*         0x000000000800342e        0x2 
 .text.USBD_MSC_Setup
                0x0000000008003430      0x110 ./Middlewares/ST/STM32_USB_Device_Library/Class/MSC/Src/usbd_msc.o
                0x0000000008003430                USBD_MSC_Setup
 .text.USBD_MSC_DataIn
                0x0000000008003540        0xa ./Middlewares/ST/STM32_USB_Device_Library/Class/MSC/Src/usbd_msc.o
                0x0000000008003540                USBD_MSC_DataIn
 .text.USBD_MSC_DataOut
                0x000000000800354a        0xa ./Middlewares/ST/STM32_USB_Device_Library/Class/MSC/Src/usbd_msc.o
                0x000000000800354a                USBD_MSC_DataOut
 .text.USBD_MSC_DeInit
                0x0000000008003554       0x36 ./Middlewares/ST/STM32_USB_Device_Library/Class/MSC/Src/usbd_msc.o
                0x0000000008003554                USBD_MSC_DeInit
 .text.USBD_MSC_RegisterStorage
                0x000000000800358a        0xe ./Middlewares/ST/STM32_USB_Device_Library/Class/MSC/Src/usbd_msc.o
                0x000000000800358a                USBD_MSC_RegisterStorage
 .text.MSC_BOT_Abort
                0x0000000008003598       0x44 ./Middlewares/ST/STM32_USB_Device_Library/Class/MSC/Src/usbd_msc_bot.o
 .text.MSC_BOT_Init
                0x00000000080035dc       0x48 ./Middlewares/ST/STM32_USB_Device_Library/Class/MSC/Src/usbd_msc_bot.o
                0x00000000080035dc                MSC_BOT_Init
 .text.MSC_BOT_Reset
                0x0000000008003624       0x34 ./Middlewares/ST/STM32_USB_Device_Library/Class/MSC/Src/usbd_msc_bot.o
                0x0000000008003624                MSC_BOT_Reset
 .text.MSC_BOT_DeInit
                0x0000000008003658        0xc ./Middlewares/ST/STM32_USB_Device_Library/Class/MSC/Src/usbd_msc_bot.o
                0x0000000008003658                MSC_BOT_DeInit
 .text.MSC_BOT_SendCSW
                0x0000000008003664       0x44 ./Middlewares/ST/STM32_USB_Device_Library/Class/MSC/Src/usbd_msc_bot.o
                0x0000000008003664                MSC_BOT_SendCSW
 .text.MSC_BOT_DataIn
                0x00000000080036a8       0x3a ./Middlewares/ST/STM32_USB_Device_Library/Class/MSC/Src/usbd_msc_bot.o
                0x00000000080036a8                MSC_BOT_DataIn
 *fill*         0x00000000080036e2        0x2 
 .text.MSC_BOT_DataOut
                0x00000000080036e4       0xd4 ./Middlewares/ST/STM32_USB_Device_Library/Class/MSC/Src/usbd_msc_bot.o
                0x00000000080036e4                MSC_BOT_DataOut
 .text.MSC_BOT_CplClrFeature
                0x00000000080037b8       0x36 ./Middlewares/ST/STM32_USB_Device_Library/Class/MSC/Src/usbd_msc_bot.o
                0x00000000080037b8                MSC_BOT_CplClrFeature
 .text.SCSI_SenseCode.constprop.0
                0x00000000080037ee       0x38 ./Middlewares/ST/STM32_USB_Device_Library/Class/MSC/Src/usbd_msc_scsi.o
 .text.SCSI_ProcessWrite
                0x0000000008003826       0x8e ./Middlewares/ST/STM32_USB_Device_Library/Class/MSC/Src/usbd_msc_scsi.o
 .text.SCSI_ProcessRead
                0x00000000080038b4       0x82 ./Middlewares/ST/STM32_USB_Device_Library/Class/MSC/Src/usbd_msc_scsi.o
 .text.SCSI_UpdateBotData.isra.0
                0x0000000008003936       0x16 ./Middlewares/ST/STM32_USB_Device_Library/Class/MSC/Src/usbd_msc_scsi.o
 .text.SCSI_CheckAddressRange.isra.0
                0x000000000800394c       0x26 ./Middlewares/ST/STM32_USB_Device_Library/Class/MSC/Src/usbd_msc_scsi.o
 *fill*         0x0000000008003972        0x2 
 .text.SCSI_ProcessCmd
                0x0000000008003974      0x4e4 ./Middlewares/ST/STM32_USB_Device_Library/Class/MSC/Src/usbd_msc_scsi.o
                0x0000000008003974                SCSI_ProcessCmd
 .text.SCSI_SenseCode
                0x0000000008003e58       0x3a ./Middlewares/ST/STM32_USB_Device_Library/Class/MSC/Src/usbd_msc_scsi.o
                0x0000000008003e58                SCSI_SenseCode
 .text.USBD_Init
                0x0000000008003e92       0x26 ./Middlewares/ST/STM32_USB_Device_Library/Core/Src/usbd_core.o
                0x0000000008003e92                USBD_Init
 .text.USBD_RegisterClass
                0x0000000008003eb8       0x2c ./Middlewares/ST/STM32_USB_Device_Library/Core/Src/usbd_core.o
                0x0000000008003eb8                USBD_RegisterClass
 .text.USBD_Start
                0x0000000008003ee4        0x4 ./Middlewares/ST/STM32_USB_Device_Library/Core/Src/usbd_core.o
                0x0000000008003ee4                USBD_Start
 .text.USBD_SetClassConfig
                0x0000000008003ee8        0xe ./Middlewares/ST/STM32_USB_Device_Library/Core/Src/usbd_core.o
                0x0000000008003ee8                USBD_SetClassConfig
 .text.USBD_ClrClassConfig
                0x0000000008003ef6       0x10 ./Middlewares/ST/STM32_USB_Device_Library/Core/Src/usbd_core.o
                0x0000000008003ef6                USBD_ClrClassConfig
 .text.USBD_LL_SetupStage
                0x0000000008003f06       0x60 ./Middlewares/ST/STM32_USB_Device_Library/Core/Src/usbd_core.o
                0x0000000008003f06                USBD_LL_SetupStage
 .text.USBD_LL_DataOutStage
                0x0000000008003f66       0x60 ./Middlewares/ST/STM32_USB_Device_Library/Core/Src/usbd_core.o
                0x0000000008003f66                USBD_LL_DataOutStage
 .text.USBD_LL_DataInStage
                0x0000000008003fc6       0xa4 ./Middlewares/ST/STM32_USB_Device_Library/Core/Src/usbd_core.o
                0x0000000008003fc6                USBD_LL_DataInStage
 .text.USBD_LL_Reset
                0x000000000800406a       0x58 ./Middlewares/ST/STM32_USB_Device_Library/Core/Src/usbd_core.o
                0x000000000800406a                USBD_LL_Reset
 .text.USBD_LL_SetSpeed
                0x00000000080040c2        0x6 ./Middlewares/ST/STM32_USB_Device_Library/Core/Src/usbd_core.o
                0x00000000080040c2                USBD_LL_SetSpeed
 .text.USBD_LL_Suspend
                0x00000000080040c8       0x14 ./Middlewares/ST/STM32_USB_Device_Library/Core/Src/usbd_core.o
                0x00000000080040c8                USBD_LL_Suspend
 .text.USBD_LL_Resume
                0x00000000080040dc       0x16 ./Middlewares/ST/STM32_USB_Device_Library/Core/Src/usbd_core.o
                0x00000000080040dc                USBD_LL_Resume
 .text.USBD_LL_SOF
                0x00000000080040f2       0x22 ./Middlewares/ST/STM32_USB_Device_Library/Core/Src/usbd_core.o
                0x00000000080040f2                USBD_LL_SOF
 .text.USBD_LL_IsoINIncomplete
                0x0000000008004114       0x22 ./Middlewares/ST/STM32_USB_Device_Library/Core/Src/usbd_core.o
                0x0000000008004114                USBD_LL_IsoINIncomplete
 .text.USBD_LL_IsoOUTIncomplete
                0x0000000008004136       0x22 ./Middlewares/ST/STM32_USB_Device_Library/Core/Src/usbd_core.o
                0x0000000008004136                USBD_LL_IsoOUTIncomplete
 .text.USBD_LL_DevConnected
                0x0000000008004158        0x4 ./Middlewares/ST/STM32_USB_Device_Library/Core/Src/usbd_core.o
                0x0000000008004158                USBD_LL_DevConnected
 .text.USBD_LL_DevDisconnected
                0x000000000800415c       0x18 ./Middlewares/ST/STM32_USB_Device_Library/Core/Src/usbd_core.o
                0x000000000800415c                USBD_LL_DevDisconnected
 .text.USBD_CtlError.constprop.0
                0x0000000008004174       0x16 ./Middlewares/ST/STM32_USB_Device_Library/Core/Src/usbd_ctlreq.o
 *fill*         0x000000000800418a        0x2 
 .text.USBD_StdDevReq
                0x000000000800418c      0x288 ./Middlewares/ST/STM32_USB_Device_Library/Core/Src/usbd_ctlreq.o
                0x000000000800418c                USBD_StdDevReq
 .text.USBD_StdItfReq
                0x0000000008004414       0x4c ./Middlewares/ST/STM32_USB_Device_Library/Core/Src/usbd_ctlreq.o
                0x0000000008004414                USBD_StdItfReq
 .text.USBD_StdEPReq
                0x0000000008004460      0x120 ./Middlewares/ST/STM32_USB_Device_Library/Core/Src/usbd_ctlreq.o
                0x0000000008004460                USBD_StdEPReq
 .text.USBD_ParseSetupRequest
                0x0000000008004580       0x16 ./Middlewares/ST/STM32_USB_Device_Library/Core/Src/usbd_ctlreq.o
                0x0000000008004580                USBD_ParseSetupRequest
 .text.USBD_CtlError
                0x0000000008004596       0x16 ./Middlewares/ST/STM32_USB_Device_Library/Core/Src/usbd_ctlreq.o
                0x0000000008004596                USBD_CtlError
 .text.USBD_GetString
                0x00000000080045ac       0x38 ./Middlewares/ST/STM32_USB_Device_Library/Core/Src/usbd_ctlreq.o
                0x00000000080045ac                USBD_GetString
 .text.USBD_CtlSendData
                0x00000000080045e4       0x1a ./Middlewares/ST/STM32_USB_Device_Library/Core/Src/usbd_ioreq.o
                0x00000000080045e4                USBD_CtlSendData
 .text.USBD_CtlContinueSendData
                0x00000000080045fe       0x10 ./Middlewares/ST/STM32_USB_Device_Library/Core/Src/usbd_ioreq.o
                0x00000000080045fe                USBD_CtlContinueSendData
 .text.USBD_CtlContinueRx
                0x000000000800460e       0x10 ./Middlewares/ST/STM32_USB_Device_Library/Core/Src/usbd_ioreq.o
                0x000000000800460e                USBD_CtlContinueRx
 .text.USBD_CtlSendStatus
                0x000000000800461e       0x16 ./Middlewares/ST/STM32_USB_Device_Library/Core/Src/usbd_ioreq.o
                0x000000000800461e                USBD_CtlSendStatus
 .text.USBD_CtlReceiveStatus
                0x0000000008004634       0x16 ./Middlewares/ST/STM32_USB_Device_Library/Core/Src/usbd_ioreq.o
                0x0000000008004634                USBD_CtlReceiveStatus
 *fill*         0x000000000800464a        0x2 
 .text.MX_USB_DEVICE_Init
                0x000000000800464c       0x50 ./USB_DEVICE/App/usb_device.o
                0x000000000800464c                MX_USB_DEVICE_Init
 .text.USBD_FS_DeviceDescriptor
                0x000000000800469c        0xc ./USB_DEVICE/App/usbd_desc.o
                0x000000000800469c                USBD_FS_DeviceDescriptor
 .text.USBD_FS_LangIDStrDescriptor
                0x00000000080046a8        0xc ./USB_DEVICE/App/usbd_desc.o
                0x00000000080046a8                USBD_FS_LangIDStrDescriptor
 .text.IntToUnicode
                0x00000000080046b4       0x2a ./USB_DEVICE/App/usbd_desc.o
 *fill*         0x00000000080046de        0x2 
 .text.USBD_FS_SerialStrDescriptor
                0x00000000080046e0       0x3c ./USB_DEVICE/App/usbd_desc.o
                0x00000000080046e0                USBD_FS_SerialStrDescriptor
 .text.USBD_FS_ManufacturerStrDescriptor
                0x000000000800471c       0x1c ./USB_DEVICE/App/usbd_desc.o
                0x000000000800471c                USBD_FS_ManufacturerStrDescriptor
 .text.USBD_FS_ProductStrDescriptor
                0x0000000008004738       0x1c ./USB_DEVICE/App/usbd_desc.o
                0x0000000008004738                USBD_FS_ProductStrDescriptor
 .text.USBD_FS_ConfigStrDescriptor
                0x0000000008004754       0x1c ./USB_DEVICE/App/usbd_desc.o
                0x0000000008004754                USBD_FS_ConfigStrDescriptor
 .text.USBD_FS_InterfaceStrDescriptor
                0x0000000008004770       0x1c ./USB_DEVICE/App/usbd_desc.o
                0x0000000008004770                USBD_FS_InterfaceStrDescriptor
 .text.STORAGE_IsWriteProtected_FS
                0x000000000800478c        0x4 ./USB_DEVICE/App/usbd_storage_if.o
 .text.STORAGE_GetMaxLun_FS
                0x0000000008004790        0x4 ./USB_DEVICE/App/usbd_storage_if.o
 .text.STORAGE_Write_FS
                0x0000000008004794       0xa8 ./USB_DEVICE/App/usbd_storage_if.o
 .text.STORAGE_IsReady_FS
                0x000000000800483c       0x18 ./USB_DEVICE/App/usbd_storage_if.o
 .text.STORAGE_GetCapacity_FS
                0x0000000008004854       0x20 ./USB_DEVICE/App/usbd_storage_if.o
 .text.STORAGE_Read_FS
                0x0000000008004874       0x4c ./USB_DEVICE/App/usbd_storage_if.o
 .text.STORAGE_Init_FS
                0x00000000080048c0       0x24 ./USB_DEVICE/App/usbd_storage_if.o
 .text.HAL_PCD_MspInit
                0x00000000080048e4       0xe0 ./USB_DEVICE/Target/usbd_conf.o
                0x00000000080048e4                HAL_PCD_MspInit
 .text.HAL_PCD_SetupStageCallback
                0x00000000080049c4        0xc ./USB_DEVICE/Target/usbd_conf.o
                0x00000000080049c4                HAL_PCD_SetupStageCallback
 .text.HAL_PCD_DataOutStageCallback
                0x00000000080049d0       0x12 ./USB_DEVICE/Target/usbd_conf.o
                0x00000000080049d0                HAL_PCD_DataOutStageCallback
 .text.HAL_PCD_DataInStageCallback
                0x00000000080049e2       0x10 ./USB_DEVICE/Target/usbd_conf.o
                0x00000000080049e2                HAL_PCD_DataInStageCallback
 .text.HAL_PCD_SOFCallback
                0x00000000080049f2        0x8 ./USB_DEVICE/Target/usbd_conf.o
                0x00000000080049f2                HAL_PCD_SOFCallback
 .text.HAL_PCD_ResetCallback
                0x00000000080049fa       0x24 ./USB_DEVICE/Target/usbd_conf.o
                0x00000000080049fa                HAL_PCD_ResetCallback
 *fill*         0x0000000008004a1e        0x2 
 .text.HAL_PCD_SuspendCallback
                0x0000000008004a20       0x30 ./USB_DEVICE/Target/usbd_conf.o
                0x0000000008004a20                HAL_PCD_SuspendCallback
 .text.HAL_PCD_ResumeCallback
                0x0000000008004a50       0x34 ./USB_DEVICE/Target/usbd_conf.o
                0x0000000008004a50                HAL_PCD_ResumeCallback
 .text.HAL_PCD_ISOOUTIncompleteCallback
                0x0000000008004a84        0x8 ./USB_DEVICE/Target/usbd_conf.o
                0x0000000008004a84                HAL_PCD_ISOOUTIncompleteCallback
 .text.HAL_PCD_ISOINIncompleteCallback
                0x0000000008004a8c        0x8 ./USB_DEVICE/Target/usbd_conf.o
                0x0000000008004a8c                HAL_PCD_ISOINIncompleteCallback
 .text.HAL_PCD_ConnectCallback
                0x0000000008004a94        0x8 ./USB_DEVICE/Target/usbd_conf.o
                0x0000000008004a94                HAL_PCD_ConnectCallback
 .text.HAL_PCD_DisconnectCallback
                0x0000000008004a9c        0x8 ./USB_DEVICE/Target/usbd_conf.o
                0x0000000008004a9c                HAL_PCD_DisconnectCallback
 .text.USBD_LL_Init
                0x0000000008004aa4       0x5c ./USB_DEVICE/Target/usbd_conf.o
                0x0000000008004aa4                USBD_LL_Init
 .text.USBD_LL_Start
                0x0000000008004b00       0x1c ./USB_DEVICE/Target/usbd_conf.o
                0x0000000008004b00                USBD_LL_Start
 .text.USBD_LL_OpenEP
                0x0000000008004b1c       0x20 ./USB_DEVICE/Target/usbd_conf.o
                0x0000000008004b1c                USBD_LL_OpenEP
 .text.USBD_LL_CloseEP
                0x0000000008004b3c       0x1c ./USB_DEVICE/Target/usbd_conf.o
                0x0000000008004b3c                USBD_LL_CloseEP
 .text.USBD_LL_FlushEP
                0x0000000008004b58       0x1c ./USB_DEVICE/Target/usbd_conf.o
                0x0000000008004b58                USBD_LL_FlushEP
 .text.USBD_LL_StallEP
                0x0000000008004b74       0x1c ./USB_DEVICE/Target/usbd_conf.o
                0x0000000008004b74                USBD_LL_StallEP
 .text.USBD_LL_ClearStallEP
                0x0000000008004b90       0x1c ./USB_DEVICE/Target/usbd_conf.o
                0x0000000008004b90                USBD_LL_ClearStallEP
 .text.USBD_LL_IsStallEP
                0x0000000008004bac       0x26 ./USB_DEVICE/Target/usbd_conf.o
                0x0000000008004bac                USBD_LL_IsStallEP
 *fill*         0x0000000008004bd2        0x2 
 .text.USBD_LL_SetUSBAddress
                0x0000000008004bd4       0x1c ./USB_DEVICE/Target/usbd_conf.o
                0x0000000008004bd4                USBD_LL_SetUSBAddress
 .text.USBD_LL_Transmit
                0x0000000008004bf0       0x1c ./USB_DEVICE/Target/usbd_conf.o
                0x0000000008004bf0                USBD_LL_Transmit
 .text.USBD_LL_PrepareReceive
                0x0000000008004c0c       0x1c ./USB_DEVICE/Target/usbd_conf.o
                0x0000000008004c0c                USBD_LL_PrepareReceive
 .text.USBD_LL_GetRxDataSize
                0x0000000008004c28        0x8 ./USB_DEVICE/Target/usbd_conf.o
                0x0000000008004c28                USBD_LL_GetRxDataSize
 .text.USBD_static_malloc
                0x0000000008004c30        0x8 ./USB_DEVICE/Target/usbd_conf.o
                0x0000000008004c30                USBD_static_malloc
 .text.USBD_static_free
                0x0000000008004c38        0x2 ./USB_DEVICE/Target/usbd_conf.o
                0x0000000008004c38                USBD_static_free
 *fill*         0x0000000008004c3a        0x2 
 .text.__libc_init_array
                0x0000000008004c3c       0x48 c:/st/stm32cubeide_1.9.0/stm32cubeide/plugins/com.st.stm32cube.ide.mcu.externaltools.gnu-tools-for-stm32.10.3-2021.10.win32_1.0.0.202111181127/tools/bin/../lib/gcc/arm-none-eabi/10.3.1/../../../../arm-none-eabi/lib/thumb/v7e-m+fp/hard\libc_nano.a(lib_a-init.o)
                0x0000000008004c3c                __libc_init_array
 .text.memset   0x0000000008004c84       0x10 c:/st/stm32cubeide_1.9.0/stm32cubeide/plugins/com.st.stm32cube.ide.mcu.externaltools.gnu-tools-for-stm32.10.3-2021.10.win32_1.0.0.202111181127/tools/bin/../lib/gcc/arm-none-eabi/10.3.1/../../../../arm-none-eabi/lib/thumb/v7e-m+fp/hard\libc_nano.a(lib_a-memset.o)
                0x0000000008004c84                memset
 *(.glue_7)
 .glue_7        0x0000000008004c94        0x0 linker stubs
 *(.glue_7t)
 .glue_7t       0x0000000008004c94        0x0 linker stubs
 *(.eh_frame)
 .eh_frame      0x0000000008004c94        0x0 c:/st/stm32cubeide_1.9.0/stm32cubeide/plugins/com.st.stm32cube.ide.mcu.externaltools.gnu-tools-for-stm32.10.3-2021.10.win32_1.0.0.202111181127/tools/bin/../lib/gcc/arm-none-eabi/10.3.1/thumb/v7e-m+fp/hard/crtbegin.o
 *(.init)
 .init          0x0000000008004c94        0x4 c:/st/stm32cubeide_1.9.0/stm32cubeide/plugins/com.st.stm32cube.ide.mcu.externaltools.gnu-tools-for-stm32.10.3-2021.10.win32_1.0.0.202111181127/tools/bin/../lib/gcc/arm-none-eabi/10.3.1/thumb/v7e-m+fp/hard/crti.o
                0x0000000008004c94                _init
 .init          0x0000000008004c98        0x8 c:/st/stm32cubeide_1.9.0/stm32cubeide/plugins/com.st.stm32cube.ide.mcu.externaltools.gnu-tools-for-stm32.10.3-2021.10.win32_1.0.0.202111181127/tools/bin/../lib/gcc/arm-none-eabi/10.3.1/thumb/v7e-m+fp/hard/crtn.o
 *(.fini)
 .fini          0x0000000008004ca0        0x4 c:/st/stm32cubeide_1.9.0/stm32cubeide/plugins/com.st.stm32cube.ide.mcu.externaltools.gnu-tools-for-stm32.10.3-2021.10.win32_1.0.0.202111181127/tools/bin/../lib/gcc/arm-none-eabi/10.3.1/thumb/v7e-m+fp/hard/crti.o
                0x0000000008004ca0                _fini
 .fini          0x0000000008004ca4        0x8 c:/st/stm32cubeide_1.9.0/stm32cubeide/plugins/com.st.stm32cube.ide.mcu.externaltools.gnu-tools-for-stm32.10.3-2021.10.win32_1.0.0.202111181127/tools/bin/../lib/gcc/arm-none-eabi/10.3.1/thumb/v7e-m+fp/hard/crtn.o
                0x0000000008004cac                . = ALIGN (0x4)
                0x0000000008004cac                _etext = .

.vfp11_veneer   0x0000000008004cac        0x0
 .vfp11_veneer  0x0000000008004cac        0x0 linker stubs

.v4_bx          0x0000000008004cac        0x0
 .v4_bx         0x0000000008004cac        0x0 linker stubs

.iplt           0x0000000008004cac        0x0
 .iplt          0x0000000008004cac        0x0 c:/st/stm32cubeide_1.9.0/stm32cubeide/plugins/com.st.stm32cube.ide.mcu.externaltools.gnu-tools-for-stm32.10.3-2021.10.win32_1.0.0.202111181127/tools/bin/../lib/gcc/arm-none-eabi/10.3.1/thumb/v7e-m+fp/hard/crtbegin.o

.rodata         0x0000000008004cac       0xac
                0x0000000008004cac                . = ALIGN (0x4)
 *(.rodata)
 *(.rodata*)
 .rodata.AHBPrescTable
                0x0000000008004cac       0x10 ./Core/Src/system_stm32l4xx.o
                0x0000000008004cac                AHBPrescTable
 .rodata.MSIRangeTable
                0x0000000008004cbc       0x30 ./Core/Src/system_stm32l4xx.o
                0x0000000008004cbc                MSIRangeTable
 .rodata.USBD_FS_ManufacturerStrDescriptor.str1.1
                0x0000000008004cec       0x13 ./USB_DEVICE/App/usbd_desc.o
 .rodata.USBD_FS_ProductStrDescriptor.str1.1
                0x0000000008004cff       0x13 ./USB_DEVICE/App/usbd_desc.o
 .rodata.USBD_FS_ConfigStrDescriptor.str1.1
                0x0000000008004d12        0xb ./USB_DEVICE/App/usbd_desc.o
 .rodata.USBD_FS_InterfaceStrDescriptor.str1.1
                0x0000000008004d1d        0xe ./USB_DEVICE/App/usbd_desc.o
 .rodata.CSWTCH.5
                0x0000000008004d2b        0x3 ./USB_DEVICE/App/usbd_storage_if.o
 .rodata.STORAGE_Inquirydata_FS
                0x0000000008004d2e       0x24 ./USB_DEVICE/App/usbd_storage_if.o
                0x0000000008004d2e                STORAGE_Inquirydata_FS
 .rodata.CSWTCH.21
                0x0000000008004d52        0x4 ./USB_DEVICE/Target/usbd_conf.o
                0x0000000008004d58                . = ALIGN (0x4)
 *fill*         0x0000000008004d56        0x2 

.rel.dyn        0x0000000008004d58        0x0
 .rel.iplt      0x0000000008004d58        0x0 c:/st/stm32cubeide_1.9.0/stm32cubeide/plugins/com.st.stm32cube.ide.mcu.externaltools.gnu-tools-for-stm32.10.3-2021.10.win32_1.0.0.202111181127/tools/bin/../lib/gcc/arm-none-eabi/10.3.1/thumb/v7e-m+fp/hard/crtbegin.o

.ARM.extab      0x0000000008004d58        0x0
                0x0000000008004d58                . = ALIGN (0x4)
 *(.ARM.extab* .gnu.linkonce.armextab.*)
                0x0000000008004d58                . = ALIGN (0x4)

.ARM            0x0000000008004d58        0x0
                0x0000000008004d58                . = ALIGN (0x4)
                0x0000000008004d58                __exidx_start = .
 *(.ARM.exidx*)
                0x0000000008004d58                __exidx_end = .
                0x0000000008004d58                . = ALIGN (0x4)

.preinit_array  0x0000000008004d58        0x0
                0x0000000008004d58                . = ALIGN (0x4)
                0x0000000008004d58                PROVIDE (__preinit_array_start = .)
 *(.preinit_array*)
                0x0000000008004d58                PROVIDE (__preinit_array_end = .)
                0x0000000008004d58                . = ALIGN (0x4)

.init_array     0x0000000008004d58        0x4
                0x0000000008004d58                . = ALIGN (0x4)
                0x0000000008004d58                PROVIDE (__init_array_start = .)
 *(SORT_BY_NAME(.init_array.*))
 *(.init_array*)
 .init_array    0x0000000008004d58        0x4 c:/st/stm32cubeide_1.9.0/stm32cubeide/plugins/com.st.stm32cube.ide.mcu.externaltools.gnu-tools-for-stm32.10.3-2021.10.win32_1.0.0.202111181127/tools/bin/../lib/gcc/arm-none-eabi/10.3.1/thumb/v7e-m+fp/hard/crtbegin.o
                0x0000000008004d5c                PROVIDE (__init_array_end = .)
                0x0000000008004d5c                . = ALIGN (0x4)

.fini_array     0x0000000008004d5c        0x4
                0x0000000008004d5c                . = ALIGN (0x4)
                [!provide]                        PROVIDE (__fini_array_start = .)
 *(SORT_BY_NAME(.fini_array.*))
 *(.fini_array*)
 .fini_array    0x0000000008004d5c        0x4 c:/st/stm32cubeide_1.9.0/stm32cubeide/plugins/com.st.stm32cube.ide.mcu.externaltools.gnu-tools-for-stm32.10.3-2021.10.win32_1.0.0.202111181127/tools/bin/../lib/gcc/arm-none-eabi/10.3.1/thumb/v7e-m+fp/hard/crtbegin.o
                [!provide]                        PROVIDE (__fini_array_end = .)
                0x0000000008004d60                . = ALIGN (0x4)
                0x0000000008004d60                _sidata = LOADADDR (.data)

.data           0x0000000020000000      0x160 load address 0x0000000008004d60
                0x0000000020000000                . = ALIGN (0x4)
                0x0000000020000000                _sdata = .
 *(.data)
 *(.data*)
 .data.SystemCoreClock
                0x0000000020000000        0x4 ./Core/Src/system_stm32l4xx.o
                0x0000000020000000                SystemCoreClock
 .data.uwTickFreq
                0x0000000020000004        0x1 ./Drivers/STM32L4xx_HAL_Driver/Src/stm32l4xx_hal.o
                0x0000000020000004                uwTickFreq
 *fill*         0x0000000020000005        0x3 
 .data.uwTickPrio
                0x0000000020000008        0x4 ./Drivers/STM32L4xx_HAL_Driver/Src/stm32l4xx_hal.o
                0x0000000020000008                uwTickPrio
 .data.USBD_MSC
                0x000000002000000c       0x38 ./Middlewares/ST/STM32_USB_Device_Library/Class/MSC/Src/usbd_msc.o
                0x000000002000000c                USBD_MSC
 .data.USBD_MSC_CfgFSDesc
                0x0000000020000044       0x20 ./Middlewares/ST/STM32_USB_Device_Library/Class/MSC/Src/usbd_msc.o
 .data.USBD_MSC_CfgHSDesc
                0x0000000020000064       0x20 ./Middlewares/ST/STM32_USB_Device_Library/Class/MSC/Src/usbd_msc.o
 .data.USBD_MSC_DeviceQualifierDesc
                0x0000000020000084        0xa ./Middlewares/ST/STM32_USB_Device_Library/Class/MSC/Src/usbd_msc.o
 *fill*         0x000000002000008e        0x2 
 .data.USBD_MSC_OtherSpeedCfgDesc
                0x0000000020000090       0x20 ./Middlewares/ST/STM32_USB_Device_Library/Class/MSC/Src/usbd_msc.o
 .data.MSC_Mode_Sense10_data
                0x00000000200000b0       0x1b ./Middlewares/ST/STM32_USB_Device_Library/Class/MSC/Src/usbd_msc_data.o
                0x00000000200000b0                MSC_Mode_Sense10_data
 .data.MSC_Mode_Sense6_data
                0x00000000200000cb       0x17 ./Middlewares/ST/STM32_USB_Device_Library/Class/MSC/Src/usbd_msc_data.o
                0x00000000200000cb                MSC_Mode_Sense6_data
 .data.MSC_Page00_Inquiry_Data
                0x00000000200000e2        0x6 ./Middlewares/ST/STM32_USB_Device_Library/Class/MSC/Src/usbd_msc_data.o
                0x00000000200000e2                MSC_Page00_Inquiry_Data
 .data.MSC_Page80_Inquiry_Data
                0x00000000200000e8        0x8 ./Middlewares/ST/STM32_USB_Device_Library/Class/MSC/Src/usbd_msc_data.o
                0x00000000200000e8                MSC_Page80_Inquiry_Data
 .data.FS_Desc  0x00000000200000f0       0x1c ./USB_DEVICE/App/usbd_desc.o
                0x00000000200000f0                FS_Desc
 .data.USBD_FS_DeviceDesc
                0x000000002000010c       0x12 ./USB_DEVICE/App/usbd_desc.o
                0x000000002000010c                USBD_FS_DeviceDesc
 *fill*         0x000000002000011e        0x2 
 .data.USBD_LangIDDesc
                0x0000000020000120        0x4 ./USB_DEVICE/App/usbd_desc.o
                0x0000000020000120                USBD_LangIDDesc
 .data.USBD_StringSerial
                0x0000000020000124       0x1a ./USB_DEVICE/App/usbd_desc.o
                0x0000000020000124                USBD_StringSerial
 *fill*         0x000000002000013e        0x2 
 .data.USBD_Storage_Interface_fops_FS
                0x0000000020000140       0x20 ./USB_DEVICE/App/usbd_storage_if.o
                0x0000000020000140                USBD_Storage_Interface_fops_FS
 *(.RamFunc)
 *(.RamFunc*)
                0x0000000020000160                . = ALIGN (0x4)
                0x0000000020000160                _edata = .

.igot.plt       0x0000000020000160        0x0 load address 0x0000000008004ec0
 .igot.plt      0x0000000020000160        0x0 c:/st/stm32cubeide_1.9.0/stm32cubeide/plugins/com.st.stm32cube.ide.mcu.externaltools.gnu-tools-for-stm32.10.3-2021.10.win32_1.0.0.202111181127/tools/bin/../lib/gcc/arm-none-eabi/10.3.1/thumb/v7e-m+fp/hard/crtbegin.o
                0x0000000020000160                . = ALIGN (0x4)

.bss            0x0000000020000160     0x29b8 load address 0x0000000008004ec0
                0x0000000020000160                _sbss = .
                0x0000000020000160                __bss_start__ = _sbss
 *(.bss)
 .bss           0x0000000020000160       0x1c c:/st/stm32cubeide_1.9.0/stm32cubeide/plugins/com.st.stm32cube.ide.mcu.externaltools.gnu-tools-for-stm32.10.3-2021.10.win32_1.0.0.202111181127/tools/bin/../lib/gcc/arm-none-eabi/10.3.1/thumb/v7e-m+fp/hard/crtbegin.o
 *(.bss*)
 .bss.hqspi     0x000000002000017c       0x44 ./Core/Src/quadspi.o
                0x000000002000017c                hqspi
 .bss.uwTick    0x00000000200001c0        0x4 ./Drivers/STM32L4xx_HAL_Driver/Src/stm32l4xx_hal.o
                0x00000000200001c0                uwTick
 .bss.cfgidx.0  0x00000000200001c4        0x1 ./Middlewares/ST/STM32_USB_Device_Library/Core/Src/usbd_ctlreq.o
 *fill*         0x00000000200001c5        0x3 
 .bss.hUsbDeviceFS
                0x00000000200001c8      0x2d0 ./USB_DEVICE/App/usb_device.o
                0x00000000200001c8                hUsbDeviceFS
 .bss.USBD_StrDesc
                0x0000000020000498      0x200 ./USB_DEVICE/App/usbd_desc.o
                0x0000000020000498                USBD_StrDesc
 .bss.QSPI_ReadBuffer
                0x0000000020000698     0x1000 ./USB_DEVICE/App/usbd_storage_if.o
                0x0000000020000698                QSPI_ReadBuffer
 .bss.hpcd_USB_OTG_FS
                0x0000000020001698      0x408 ./USB_DEVICE/Target/usbd_conf.o
                0x0000000020001698                hpcd_USB_OTG_FS
 .bss.mem.0     0x0000000020001aa0     0x1078 ./USB_DEVICE/Target/usbd_conf.o
 *(COMMON)
                0x0000000020002b18                . = ALIGN (0x4)
                0x0000000020002b18                _ebss = .
                0x0000000020002b18                __bss_end__ = _ebss

._user_heap_stack
                0x0000000020002b18      0x600 load address 0x0000000008004ec0
                0x0000000020002b18                . = ALIGN (0x8)
                [!provide]                        PROVIDE (end = .)
                0x0000000020002b18                PROVIDE (_end = .)
                0x0000000020002d18                . = (. + _Min_Heap_Size)
 *fill*         0x0000000020002b18      0x200 
                0x0000000020003118                . = (. + _Min_Stack_Size)
 *fill*         0x0000000020002d18      0x400 
                0x0000000020003118                . = ALIGN (0x8)

/DISCARD/
 libc.a(*)
 libm.a(*)
 libgcc.a(*)

.ARM.attributes
                0x0000000000000000       0x30
 *(.ARM.attributes)
 .ARM.attributes
                0x0000000000000000       0x1e c:/st/stm32cubeide_1.9.0/stm32cubeide/plugins/com.st.stm32cube.ide.mcu.externaltools.gnu-tools-for-stm32.10.3-2021.10.win32_1.0.0.202111181127/tools/bin/../lib/gcc/arm-none-eabi/10.3.1/thumb/v7e-m+fp/hard/crti.o
 .ARM.attributes
                0x000000000000001e       0x34 c:/st/stm32cubeide_1.9.0/stm32cubeide/plugins/com.st.stm32cube.ide.mcu.externaltools.gnu-tools-for-stm32.10.3-2021.10.win32_1.0.0.202111181127/tools/bin/../lib/gcc/arm-none-eabi/10.3.1/thumb/v7e-m+fp/hard/crtbegin.o
 .ARM.attributes
                0x0000000000000052       0x34 ./Core/Src/gpio.o
 .ARM.attributes
                0x0000000000000086       0x34 ./Core/Src/main.o
 .ARM.attributes
                0x00000000000000ba       0x34 ./Core/Src/quadspi.o
 .ARM.attributes
                0x00000000000000ee       0x34 ./Core/Src/stm32l4xx_hal_msp.o
 .ARM.attributes
                0x0000000000000122       0x34 ./Core/Src/stm32l4xx_it.o
 .ARM.attributes
                0x0000000000000156       0x34 ./Core/Src/system_stm32l4xx.o
 .ARM.attributes
                0x000000000000018a       0x21 ./Core/Startup/startup_stm32l476vgtx.o
 .ARM.attributes
                0x00000000000001ab       0x34 ./Drivers/STM32L4xx_HAL_Driver/Src/stm32l4xx_hal.o
 .ARM.attributes
                0x00000000000001df       0x34 ./Drivers/STM32L4xx_HAL_Driver/Src/stm32l4xx_hal_cortex.o
 .ARM.attributes
                0x0000000000000213       0x34 ./Drivers/STM32L4xx_HAL_Driver/Src/stm32l4xx_hal_dma.o
 .ARM.attributes
                0x0000000000000247       0x34 ./Drivers/STM32L4xx_HAL_Driver/Src/stm32l4xx_hal_gpio.o
 .ARM.attributes
                0x000000000000027b       0x34 ./Drivers/STM32L4xx_HAL_Driver/Src/stm32l4xx_hal_pcd.o
 .ARM.attributes
                0x00000000000002af       0x34 ./Drivers/STM32L4xx_HAL_Driver/Src/stm32l4xx_hal_pcd_ex.o
 .ARM.attributes
                0x00000000000002e3       0x34 ./Drivers/STM32L4xx_HAL_Driver/Src/stm32l4xx_hal_pwr.o
 .ARM.attributes
                0x0000000000000317       0x34 ./Drivers/STM32L4xx_HAL_Driver/Src/stm32l4xx_hal_pwr_ex.o
 .ARM.attributes
                0x000000000000034b       0x34 ./Drivers/STM32L4xx_HAL_Driver/Src/stm32l4xx_hal_qspi.o
 .ARM.attributes
                0x000000000000037f       0x34 ./Drivers/STM32L4xx_HAL_Driver/Src/stm32l4xx_hal_rcc.o
 .ARM.attributes
                0x00000000000003b3       0x34 ./Drivers/STM32L4xx_HAL_Driver/Src/stm32l4xx_hal_rcc_ex.o
 .ARM.attributes
                0x00000000000003e7       0x34 ./Drivers/STM32L4xx_HAL_Driver/Src/stm32l4xx_ll_usb.o
 .ARM.attributes
                0x000000000000041b       0x34 ./Middlewares/ST/STM32_USB_Device_Library/Class/MSC/Src/usbd_msc.o
 .ARM.attributes
                0x000000000000044f       0x34 ./Middlewares/ST/STM32_USB_Device_Library/Class/MSC/Src/usbd_msc_bot.o
 .ARM.attributes
                0x0000000000000483       0x34 ./Middlewares/ST/STM32_USB_Device_Library/Class/MSC/Src/usbd_msc_data.o
 .ARM.attributes
                0x00000000000004b7       0x34 ./Middlewares/ST/STM32_USB_Device_Library/Class/MSC/Src/usbd_msc_scsi.o
 .ARM.attributes
                0x00000000000004eb       0x34 ./Middlewares/ST/STM32_USB_Device_Library/Core/Src/usbd_core.o
 .ARM.attributes
                0x000000000000051f       0x34 ./Middlewares/ST/STM32_USB_Device_Library/Core/Src/usbd_ctlreq.o
 .ARM.attributes
                0x0000000000000553       0x34 ./Middlewares/ST/STM32_USB_Device_Library/Core/Src/usbd_ioreq.o
 .ARM.attributes
                0x0000000000000587       0x34 ./USB_DEVICE/App/usb_device.o
 .ARM.attributes
                0x00000000000005bb       0x34 ./USB_DEVICE/App/usbd_desc.o
 .ARM.attributes
                0x00000000000005ef       0x34 ./USB_DEVICE/App/usbd_storage_if.o
 .ARM.attributes
                0x0000000000000623       0x34 ./USB_DEVICE/Target/usbd_conf.o
 .ARM.attributes
                0x0000000000000657       0x34 c:/st/stm32cubeide_1.9.0/stm32cubeide/plugins/com.st.stm32cube.ide.mcu.externaltools.gnu-tools-for-stm32.10.3-2021.10.win32_1.0.0.202111181127/tools/bin/../lib/gcc/arm-none-eabi/10.3.1/../../../../arm-none-eabi/lib/thumb/v7e-m+fp/hard\libc_nano.a(lib_a-init.o)
 .ARM.attributes
                0x000000000000068b       0x34 c:/st/stm32cubeide_1.9.0/stm32cubeide/plugins/com.st.stm32cube.ide.mcu.externaltools.gnu-tools-for-stm32.10.3-2021.10.win32_1.0.0.202111181127/tools/bin/../lib/gcc/arm-none-eabi/10.3.1/../../../../arm-none-eabi/lib/thumb/v7e-m+fp/hard\libc_nano.a(lib_a-memset.o)
 .ARM.attributes
                0x00000000000006bf       0x1e c:/st/stm32cubeide_1.9.0/stm32cubeide/plugins/com.st.stm32cube.ide.mcu.externaltools.gnu-tools-for-stm32.10.3-2021.10.win32_1.0.0.202111181127/tools/bin/../lib/gcc/arm-none-eabi/10.3.1/thumb/v7e-m+fp/hard/crtn.o
OUTPUT(XD.elf elf32-littlearm)
LOAD linker stubs
LOAD c:/st/stm32cubeide_1.9.0/stm32cubeide/plugins/com.st.stm32cube.ide.mcu.externaltools.gnu-tools-for-stm32.10.3-2021.10.win32_1.0.0.202111181127/tools/bin/../lib/gcc/arm-none-eabi/10.3.1/../../../../arm-none-eabi/lib/thumb/v7e-m+fp/hard\libc.a
LOAD c:/st/stm32cubeide_1.9.0/stm32cubeide/plugins/com.st.stm32cube.ide.mcu.externaltools.gnu-tools-for-stm32.10.3-2021.10.win32_1.0.0.202111181127/tools/bin/../lib/gcc/arm-none-eabi/10.3.1/../../../../arm-none-eabi/lib/thumb/v7e-m+fp/hard\libm.a
LOAD c:/st/stm32cubeide_1.9.0/stm32cubeide/plugins/com.st.stm32cube.ide.mcu.externaltools.gnu-tools-for-stm32.10.3-2021.10.win32_1.0.0.202111181127/tools/bin/../lib/gcc/arm-none-eabi/10.3.1/thumb/v7e-m+fp/hard\libgcc.a

.comment        0x0000000000000000       0x50
 .comment       0x0000000000000000       0x50 ./Core/Src/gpio.o
                                         0x51 (size before relaxing)
 .comment       0x0000000000000050       0x51 ./Core/Src/main.o
 .comment       0x0000000000000050       0x51 ./Core/Src/quadspi.o
 .comment       0x0000000000000050       0x51 ./Core/Src/stm32l4xx_hal_msp.o
 .comment       0x0000000000000050       0x51 ./Core/Src/stm32l4xx_it.o
 .comment       0x0000000000000050       0x51 ./Core/Src/system_stm32l4xx.o
 .comment       0x0000000000000050       0x51 ./Drivers/STM32L4xx_HAL_Driver/Src/stm32l4xx_hal.o
 .comment       0x0000000000000050       0x51 ./Drivers/STM32L4xx_HAL_Driver/Src/stm32l4xx_hal_cortex.o
 .comment       0x0000000000000050       0x51 ./Drivers/STM32L4xx_HAL_Driver/Src/stm32l4xx_hal_dma.o
 .comment       0x0000000000000050       0x51 ./Drivers/STM32L4xx_HAL_Driver/Src/stm32l4xx_hal_gpio.o
 .comment       0x0000000000000050       0x51 ./Drivers/STM32L4xx_HAL_Driver/Src/stm32l4xx_hal_pcd.o
 .comment       0x0000000000000050       0x51 ./Drivers/STM32L4xx_HAL_Driver/Src/stm32l4xx_hal_pcd_ex.o
 .comment       0x0000000000000050       0x51 ./Drivers/STM32L4xx_HAL_Driver/Src/stm32l4xx_hal_pwr.o
 .comment       0x0000000000000050       0x51 ./Drivers/STM32L4xx_HAL_Driver/Src/stm32l4xx_hal_pwr_ex.o
 .comment       0x0000000000000050       0x51 ./Drivers/STM32L4xx_HAL_Driver/Src/stm32l4xx_hal_qspi.o
 .comment       0x0000000000000050       0x51 ./Drivers/STM32L4xx_HAL_Driver/Src/stm32l4xx_hal_rcc.o
 .comment       0x0000000000000050       0x51 ./Drivers/STM32L4xx_HAL_Driver/Src/stm32l4xx_hal_rcc_ex.o
 .comment       0x0000000000000050       0x51 ./Drivers/STM32L4xx_HAL_Driver/Src/stm32l4xx_ll_usb.o
 .comment       0x0000000000000050       0x51 ./Middlewares/ST/STM32_USB_Device_Library/Class/MSC/Src/usbd_msc.o
 .comment       0x0000000000000050       0x51 ./Middlewares/ST/STM32_USB_Device_Library/Class/MSC/Src/usbd_msc_bot.o
 .comment       0x0000000000000050       0x51 ./Middlewares/ST/STM32_USB_Device_Library/Class/MSC/Src/usbd_msc_data.o
 .comment       0x0000000000000050       0x51 ./Middlewares/ST/STM32_USB_Device_Library/Class/MSC/Src/usbd_msc_scsi.o
 .comment       0x0000000000000050       0x51 ./Middlewares/ST/STM32_USB_Device_Library/Core/Src/usbd_core.o
 .comment       0x0000000000000050       0x51 ./Middlewares/ST/STM32_USB_Device_Library/Core/Src/usbd_ctlreq.o
 .comment       0x0000000000000050       0x51 ./Middlewares/ST/STM32_USB_Device_Library/Core/Src/usbd_ioreq.o
 .comment       0x0000000000000050       0x51 ./USB_DEVICE/App/usb_device.o
 .comment       0x0000000000000050       0x51 ./USB_DEVICE/App/usbd_desc.o
 .comment       0x0000000000000050       0x51 ./USB_DEVICE/App/usbd_storage_if.o
 .comment       0x0000000000000050       0x51 ./USB_DEVICE/Target/usbd_conf.o

.debug_frame    0x0000000000000000       0x4c
 .debug_frame   0x0000000000000000       0x2c c:/st/stm32cubeide_1.9.0/stm32cubeide/plugins/com.st.stm32cube.ide.mcu.externaltools.gnu-tools-for-stm32.10.3-2021.10.win32_1.0.0.202111181127/tools/bin/../lib/gcc/arm-none-eabi/10.3.1/../../../../arm-none-eabi/lib/thumb/v7e-m+fp/hard\libc_nano.a(lib_a-init.o)
 .debug_frame   0x000000000000002c       0x20 c:/st/stm32cubeide_1.9.0/stm32cubeide/plugins/com.st.stm32cube.ide.mcu.externaltools.gnu-tools-for-stm32.10.3-2021.10.win32_1.0.0.202111181127/tools/bin/../lib/gcc/arm-none-eabi/10.3.1/../../../../arm-none-eabi/lib/thumb/v7e-m+fp/hard\libc_nano.a(lib_a-memset.o)
