Archive member included to satisfy reference by file (symbol)

c:/st/stm32cubeide_1.4.0/stm32cubeide/plugins/com.st.stm32cube.ide.mcu.externaltools.gnu-tools-for-stm32.7-2018-q2-update.win32_1.4.0.202007081208/tools/bin/../lib/gcc/arm-none-eabi/7.3.1/../../../../arm-none-eabi/lib/thumb/v7e-m/fpv4-sp/hard\libc_nano.a(lib_a-errno.o)
                              Core/Src/syscalls.o (__errno)
c:/st/stm32cubeide_1.4.0/stm32cubeide/plugins/com.st.stm32cube.ide.mcu.externaltools.gnu-tools-for-stm32.7-2018-q2-update.win32_1.4.0.202007081208/tools/bin/../lib/gcc/arm-none-eabi/7.3.1/../../../../arm-none-eabi/lib/thumb/v7e-m/fpv4-sp/hard\libc_nano.a(lib_a-exit.o)
                              c:/st/stm32cubeide_1.4.0/stm32cubeide/plugins/com.st.stm32cube.ide.mcu.externaltools.gnu-tools-for-stm32.7-2018-q2-update.win32_1.4.0.202007081208/tools/bin/../lib/gcc/arm-none-eabi/7.3.1/../../../../arm-none-eabi/lib/thumb/v7e-m/fpv4-sp/hard/crt0.o (exit)
c:/st/stm32cubeide_1.4.0/stm32cubeide/plugins/com.st.stm32cube.ide.mcu.externaltools.gnu-tools-for-stm32.7-2018-q2-update.win32_1.4.0.202007081208/tools/bin/../lib/gcc/arm-none-eabi/7.3.1/../../../../arm-none-eabi/lib/thumb/v7e-m/fpv4-sp/hard\libc_nano.a(lib_a-impure.o)
                              c:/st/stm32cubeide_1.4.0/stm32cubeide/plugins/com.st.stm32cube.ide.mcu.externaltools.gnu-tools-for-stm32.7-2018-q2-update.win32_1.4.0.202007081208/tools/bin/../lib/gcc/arm-none-eabi/7.3.1/../../../../arm-none-eabi/lib/thumb/v7e-m/fpv4-sp/hard\libc_nano.a(lib_a-exit.o) (_global_impure_ptr)
c:/st/stm32cubeide_1.4.0/stm32cubeide/plugins/com.st.stm32cube.ide.mcu.externaltools.gnu-tools-for-stm32.7-2018-q2-update.win32_1.4.0.202007081208/tools/bin/../lib/gcc/arm-none-eabi/7.3.1/../../../../arm-none-eabi/lib/thumb/v7e-m/fpv4-sp/hard\libc_nano.a(lib_a-init.o)
                              c:/st/stm32cubeide_1.4.0/stm32cubeide/plugins/com.st.stm32cube.ide.mcu.externaltools.gnu-tools-for-stm32.7-2018-q2-update.win32_1.4.0.202007081208/tools/bin/../lib/gcc/arm-none-eabi/7.3.1/../../../../arm-none-eabi/lib/thumb/v7e-m/fpv4-sp/hard/crt0.o (__libc_init_array)
c:/st/stm32cubeide_1.4.0/stm32cubeide/plugins/com.st.stm32cube.ide.mcu.externaltools.gnu-tools-for-stm32.7-2018-q2-update.win32_1.4.0.202007081208/tools/bin/../lib/gcc/arm-none-eabi/7.3.1/../../../../arm-none-eabi/lib/thumb/v7e-m/fpv4-sp/hard\libc_nano.a(lib_a-malloc.o)
                              Middlewares/ST/STM32_USB_Host_Library/Class/CDC/Src/usbh_cdc.o (malloc)
c:/st/stm32cubeide_1.4.0/stm32cubeide/plugins/com.st.stm32cube.ide.mcu.externaltools.gnu-tools-for-stm32.7-2018-q2-update.win32_1.4.0.202007081208/tools/bin/../lib/gcc/arm-none-eabi/7.3.1/../../../../arm-none-eabi/lib/thumb/v7e-m/fpv4-sp/hard\libc_nano.a(lib_a-memset.o)
                              c:/st/stm32cubeide_1.4.0/stm32cubeide/plugins/com.st.stm32cube.ide.mcu.externaltools.gnu-tools-for-stm32.7-2018-q2-update.win32_1.4.0.202007081208/tools/bin/../lib/gcc/arm-none-eabi/7.3.1/../../../../arm-none-eabi/lib/thumb/v7e-m/fpv4-sp/hard/crt0.o (memset)
c:/st/stm32cubeide_1.4.0/stm32cubeide/plugins/com.st.stm32cube.ide.mcu.externaltools.gnu-tools-for-stm32.7-2018-q2-update.win32_1.4.0.202007081208/tools/bin/../lib/gcc/arm-none-eabi/7.3.1/../../../../arm-none-eabi/lib/thumb/v7e-m/fpv4-sp/hard\libc_nano.a(lib_a-nano-freer.o)
                              c:/st/stm32cubeide_1.4.0/stm32cubeide/plugins/com.st.stm32cube.ide.mcu.externaltools.gnu-tools-for-stm32.7-2018-q2-update.win32_1.4.0.202007081208/tools/bin/../lib/gcc/arm-none-eabi/7.3.1/../../../../arm-none-eabi/lib/thumb/v7e-m/fpv4-sp/hard\libc_nano.a(lib_a-malloc.o) (_free_r)
c:/st/stm32cubeide_1.4.0/stm32cubeide/plugins/com.st.stm32cube.ide.mcu.externaltools.gnu-tools-for-stm32.7-2018-q2-update.win32_1.4.0.202007081208/tools/bin/../lib/gcc/arm-none-eabi/7.3.1/../../../../arm-none-eabi/lib/thumb/v7e-m/fpv4-sp/hard\libc_nano.a(lib_a-nano-mallocr.o)
                              c:/st/stm32cubeide_1.4.0/stm32cubeide/plugins/com.st.stm32cube.ide.mcu.externaltools.gnu-tools-for-stm32.7-2018-q2-update.win32_1.4.0.202007081208/tools/bin/../lib/gcc/arm-none-eabi/7.3.1/../../../../arm-none-eabi/lib/thumb/v7e-m/fpv4-sp/hard\libc_nano.a(lib_a-malloc.o) (_malloc_r)
c:/st/stm32cubeide_1.4.0/stm32cubeide/plugins/com.st.stm32cube.ide.mcu.externaltools.gnu-tools-for-stm32.7-2018-q2-update.win32_1.4.0.202007081208/tools/bin/../lib/gcc/arm-none-eabi/7.3.1/../../../../arm-none-eabi/lib/thumb/v7e-m/fpv4-sp/hard\libc_nano.a(lib_a-sbrkr.o)
                              c:/st/stm32cubeide_1.4.0/stm32cubeide/plugins/com.st.stm32cube.ide.mcu.externaltools.gnu-tools-for-stm32.7-2018-q2-update.win32_1.4.0.202007081208/tools/bin/../lib/gcc/arm-none-eabi/7.3.1/../../../../arm-none-eabi/lib/thumb/v7e-m/fpv4-sp/hard\libc_nano.a(lib_a-nano-mallocr.o) (_sbrk_r)
[...]
Memory Configuration

Name             Origin             Length             Attributes
RAM              0x0000000020000000 0x0000000000018000 xrw
RAM2             0x0000000010000000 0x0000000000008000 xrw
FLASH            0x0000000008000000 0x0000000000100000 xr
*default*        0x0000000000000000 0xffffffffffffffff

Linker script and memory map

LOAD c:/st/stm32cubeide_1.4.0/stm32cubeide/plugins/com.st.stm32cube.ide.mcu.externaltools.gnu-tools-for-stm32.7-2018-q2-update.win32_1.4.0.202007081208/tools/bin/../lib/gcc/arm-none-eabi/7.3.1/thumb/v7e-m/fpv4-sp/hard/crti.o
LOAD c:/st/stm32cubeide_1.4.0/stm32cubeide/plugins/com.st.stm32cube.ide.mcu.externaltools.gnu-tools-for-stm32.7-2018-q2-update.win32_1.4.0.202007081208/tools/bin/../lib/gcc/arm-none-eabi/7.3.1/thumb/v7e-m/fpv4-sp/hard/crtbegin.o
LOAD c:/st/stm32cubeide_1.4.0/stm32cubeide/plugins/com.st.stm32cube.ide.mcu.externaltools.gnu-tools-for-stm32.7-2018-q2-update.win32_1.4.0.202007081208/tools/bin/../lib/gcc/arm-none-eabi/7.3.1/../../../../arm-none-eabi/lib/thumb/v7e-m/fpv4-sp/hard/crt0.o
LOAD Core/Src/cs43l22.o
LOAD Core/Src/dfsdm.o
LOAD Core/Src/dma.o
LOAD Core/Src/gpio.o
LOAD Core/Src/i2c.o
LOAD Core/Src/lcd.o
LOAD Core/Src/main.o
LOAD Core/Src/quadspi.o
LOAD Core/Src/sai.o
LOAD Core/Src/spi.o
LOAD Core/Src/stm32l476g_discovery.o
LOAD Core/Src/stm32l476g_discovery_glass_lcd.o
LOAD Core/Src/stm32l476g_discovery_qspi.o
LOAD Core/Src/stm32l4xx_hal_msp.o
LOAD Core/Src/stm32l4xx_it.o
LOAD Core/Src/syscalls.o
LOAD Core/Src/sysmem.o
LOAD Core/Src/system_stm32l4xx.o
LOAD Core/Src/usart.o
LOAD Core/Startup/startup_stm32l476vgtx.o
LOAD Drivers/STM32L4xx_HAL_Driver/Src/stm32l4xx_hal.o
LOAD Drivers/STM32L4xx_HAL_Driver/Src/stm32l4xx_hal_cortex.o
LOAD Drivers/STM32L4xx_HAL_Driver/Src/stm32l4xx_hal_dfsdm.o
LOAD Drivers/STM32L4xx_HAL_Driver/Src/stm32l4xx_hal_dma.o
LOAD Drivers/STM32L4xx_HAL_Driver/Src/stm32l4xx_hal_dma_ex.o
LOAD Drivers/STM32L4xx_HAL_Driver/Src/stm32l4xx_hal_exti.o
LOAD Drivers/STM32L4xx_HAL_Driver/Src/stm32l4xx_hal_flash.o
LOAD Drivers/STM32L4xx_HAL_Driver/Src/stm32l4xx_hal_flash_ex.o
LOAD Drivers/STM32L4xx_HAL_Driver/Src/stm32l4xx_hal_flash_ramfunc.o
LOAD Drivers/STM32L4xx_HAL_Driver/Src/stm32l4xx_hal_gpio.o
LOAD Drivers/STM32L4xx_HAL_Driver/Src/stm32l4xx_hal_hcd.o
LOAD Drivers/STM32L4xx_HAL_Driver/Src/stm32l4xx_hal_i2c.o
LOAD Drivers/STM32L4xx_HAL_Driver/Src/stm32l4xx_hal_i2c_ex.o
LOAD Drivers/STM32L4xx_HAL_Driver/Src/stm32l4xx_hal_lcd.o
LOAD Drivers/STM32L4xx_HAL_Driver/Src/stm32l4xx_hal_pwr.o
LOAD Drivers/STM32L4xx_HAL_Driver/Src/stm32l4xx_hal_pwr_ex.o
LOAD Drivers/STM32L4xx_HAL_Driver/Src/stm32l4xx_hal_qspi.o
LOAD Drivers/STM32L4xx_HAL_Driver/Src/stm32l4xx_hal_rcc.o
LOAD Drivers/STM32L4xx_HAL_Driver/Src/stm32l4xx_hal_rcc_ex.o
LOAD Drivers/STM32L4xx_HAL_Driver/Src/stm32l4xx_hal_sai.o
LOAD Drivers/STM32L4xx_HAL_Driver/Src/stm32l4xx_hal_sai_ex.o
LOAD Drivers/STM32L4xx_HAL_Driver/Src/stm32l4xx_hal_spi.o
LOAD Drivers/STM32L4xx_HAL_Driver/Src/stm32l4xx_hal_spi_ex.o
LOAD Drivers/STM32L4xx_HAL_Driver/Src/stm32l4xx_hal_tim.o
LOAD Drivers/STM32L4xx_HAL_Driver/Src/stm32l4xx_hal_tim_ex.o
LOAD Drivers/STM32L4xx_HAL_Driver/Src/stm32l4xx_hal_uart.o
LOAD Drivers/STM32L4xx_HAL_Driver/Src/stm32l4xx_hal_uart_ex.o
LOAD Drivers/STM32L4xx_HAL_Driver/Src/stm32l4xx_ll_usb.o
LOAD Middlewares/ST/STM32_USB_Host_Library/Class/CDC/Src/usbh_cdc.o
LOAD Middlewares/ST/STM32_USB_Host_Library/Core/Src/usbh_core.o
LOAD Middlewares/ST/STM32_USB_Host_Library/Core/Src/usbh_ctlreq.o
LOAD Middlewares/ST/STM32_USB_Host_Library/Core/Src/usbh_ioreq.o
LOAD Middlewares/ST/STM32_USB_Host_Library/Core/Src/usbh_pipes.o
LOAD USB_HOST/App/usb_host.o
LOAD USB_HOST/Target/usbh_conf.o
LOAD USB_HOST/Target/usbh_platform.o
START GROUP
LOAD c:/st/stm32cubeide_1.4.0/stm32cubeide/plugins/com.st.stm32cube.ide.mcu.externaltools.gnu-tools-for-stm32.7-2018-q2-update.win32_1.4.0.202007081208/tools/bin/../lib/gcc/arm-none-eabi/7.3.1/../../../../arm-none-eabi/lib/thumb/v7e-m/fpv4-sp/hard\libc_nano.a
LOAD c:/st/stm32cubeide_1.4.0/stm32cubeide/plugins/com.st.stm32cube.ide.mcu.externaltools.gnu-tools-for-stm32.7-2018-q2-update.win32_1.4.0.202007081208/tools/bin/../lib/gcc/arm-none-eabi/7.3.1/../../../../arm-none-eabi/lib/thumb/v7e-m/fpv4-sp/hard\libm.a
END GROUP
START GROUP
LOAD c:/st/stm32cubeide_1.4.0/stm32cubeide/plugins/com.st.stm32cube.ide.mcu.externaltools.gnu-tools-for-stm32.7-2018-q2-update.win32_1.4.0.202007081208/tools/bin/../lib/gcc/arm-none-eabi/7.3.1/thumb/v7e-m/fpv4-sp/hard\libgcc.a
LOAD c:/st/stm32cubeide_1.4.0/stm32cubeide/plugins/com.st.stm32cube.ide.mcu.externaltools.gnu-tools-for-stm32.7-2018-q2-update.win32_1.4.0.202007081208/tools/bin/../lib/gcc/arm-none-eabi/7.3.1/../../../../arm-none-eabi/lib/thumb/v7e-m/fpv4-sp/hard\libc_nano.a
END GROUP
START GROUP
LOAD c:/st/stm32cubeide_1.4.0/stm32cubeide/plugins/com.st.stm32cube.ide.mcu.externaltools.gnu-tools-for-stm32.7-2018-q2-update.win32_1.4.0.202007081208/tools/bin/../lib/gcc/arm-none-eabi/7.3.1/thumb/v7e-m/fpv4-sp/hard\libgcc.a
LOAD c:/st/stm32cubeide_1.4.0/stm32cubeide/plugins/com.st.stm32cube.ide.mcu.externaltools.gnu-tools-for-stm32.7-2018-q2-update.win32_1.4.0.202007081208/tools/bin/../lib/gcc/arm-none-eabi/7.3.1/../../../../arm-none-eabi/lib/thumb/v7e-m/fpv4-sp/hard\libc_nano.a
LOAD c:/st/stm32cubeide_1.4.0/stm32cubeide/plugins/com.st.stm32cube.ide.mcu.externaltools.gnu-tools-for-stm32.7-2018-q2-update.win32_1.4.0.202007081208/tools/bin/../lib/gcc/arm-none-eabi/7.3.1/../../../../arm-none-eabi/lib/thumb/v7e-m/fpv4-sp/hard\libnosys.a
END GROUP
START GROUP
LOAD c:/st/stm32cubeide_1.4.0/stm32cubeide/plugins/com.st.stm32cube.ide.mcu.externaltools.gnu-tools-for-stm32.7-2018-q2-update.win32_1.4.0.202007081208/tools/bin/../lib/gcc/arm-none-eabi/7.3.1/thumb/v7e-m/fpv4-sp/hard\libgcc.a
LOAD c:/st/stm32cubeide_1.4.0/stm32cubeide/plugins/com.st.stm32cube.ide.mcu.externaltools.gnu-tools-for-stm32.7-2018-q2-update.win32_1.4.0.202007081208/tools/bin/../lib/gcc/arm-none-eabi/7.3.1/../../../../arm-none-eabi/lib/thumb/v7e-m/fpv4-sp/hard\libc_nano.a
LOAD c:/st/stm32cubeide_1.4.0/stm32cubeide/plugins/com.st.stm32cube.ide.mcu.externaltools.gnu-tools-for-stm32.7-2018-q2-update.win32_1.4.0.202007081208/tools/bin/../lib/gcc/arm-none-eabi/7.3.1/../../../../arm-none-eabi/lib/thumb/v7e-m/fpv4-sp/hard\libnosys.a
END GROUP
LOAD c:/st/stm32cubeide_1.4.0/stm32cubeide/plugins/com.st.stm32cube.ide.mcu.externaltools.gnu-tools-for-stm32.7-2018-q2-update.win32_1.4.0.202007081208/tools/bin/../lib/gcc/arm-none-eabi/7.3.1/thumb/v7e-m/fpv4-sp/hard/crtend.o
LOAD c:/st/stm32cubeide_1.4.0/stm32cubeide/plugins/com.st.stm32cube.ide.mcu.externaltools.gnu-tools-for-stm32.7-2018-q2-update.win32_1.4.0.202007081208/tools/bin/../lib/gcc/arm-none-eabi/7.3.1/thumb/v7e-m/fpv4-sp/hard/crtn.o
                0x0000000020018000                _estack = (ORIGIN (RAM) + LENGTH (RAM))
                0x0000000000000200                _Min_Heap_Size = 0x200
                0x0000000000000400                _Min_Stack_Size = 0x400

.isr_vector     0x0000000008000000      0x188
                0x0000000008000000                . = ALIGN (0x4)
 *(.isr_vector)
 .isr_vector    0x0000000008000000      0x188 Core/Startup/startup_stm32l476vgtx.o
                0x0000000008000000                g_pfnVectors
                0x0000000008000188                . = ALIGN (0x4)

.text           0x0000000008000190     0xeaac
                0x0000000008000190                . = ALIGN (0x4)
 *(.text)
 .text          0x0000000008000190       0x40 c:/st/stm32cubeide_1.4.0/stm32cubeide/plugins/com.st.stm32cube.ide.mcu.externaltools.gnu-tools-for-stm32.7-2018-q2-update.win32_1.4.0.202007081208/tools/bin/../lib/gcc/arm-none-eabi/7.3.1/thumb/v7e-m/fpv4-sp/hard/crtbegin.o
 .text          0x00000000080001d0       0xa0 c:/st/stm32cubeide_1.4.0/stm32cubeide/plugins/com.st.stm32cube.ide.mcu.externaltools.gnu-tools-for-stm32.7-2018-q2-update.win32_1.4.0.202007081208/tools/bin/../lib/gcc/arm-none-eabi/7.3.1/../../../../arm-none-eabi/lib/thumb/v7e-m/fpv4-sp/hard\libc_nano.a(lib_a-memchr.o)
                0x00000000080001d0                memchr
 .text          0x0000000008000270       0x30 c:/st/stm32cubeide_1.4.0/stm32cubeide/plugins/com.st.stm32cube.ide.mcu.externaltools.gnu-tools-for-stm32.7-2018-q2-update.win32_1.4.0.202007081208/tools/bin/../lib/gcc/arm-none-eabi/7.3.1/thumb/v7e-m/fpv4-sp/hard\libgcc.a(_aeabi_uldivmod.o)
                0x0000000008000270                __aeabi_uldivmod
 .text          0x00000000080002a0      0x2cc c:/st/stm32cubeide_1.4.0/stm32cubeide/plugins/com.st.stm32cube.ide.mcu.externaltools.gnu-tools-for-stm32.7-2018-q2-update.win32_1.4.0.202007081208/tools/bin/../lib/gcc/arm-none-eabi/7.3.1/thumb/v7e-m/fpv4-sp/hard\libgcc.a(_udivmoddi4.o)
                0x00000000080002a0                __udivmoddi4
 .text          0x000000000800056c        0x4 c:/st/stm32cubeide_1.4.0/stm32cubeide/plugins/com.st.stm32cube.ide.mcu.externaltools.gnu-tools-for-stm32.7-2018-q2-update.win32_1.4.0.202007081208/tools/bin/../lib/gcc/arm-none-eabi/7.3.1/thumb/v7e-m/fpv4-sp/hard\libgcc.a(_dvmd_tls.o)
                0x000000000800056c                __aeabi_idiv0
                0x000000000800056c                __aeabi_ldiv0
 *(.text*)
 .text.cs43l22_Init
                0x0000000008000570      0x1c8 Core/Src/cs43l22.o
                0x0000000008000570                cs43l22_Init
 .text.cs43l22_DeInit
                0x0000000008000738        0xc Core/Src/cs43l22.o
                0x0000000008000738                cs43l22_DeInit
 .text.cs43l22_ReadID
                0x0000000008000744       0x30 Core/Src/cs43l22.o
                0x0000000008000744                cs43l22_ReadID
 .text.cs43l22_Play
                0x0000000008000774       0x74 Core/Src/cs43l22.o
                0x0000000008000774                cs43l22_Play
 .text.cs43l22_Pause
                0x00000000080007e8       0x42 Core/Src/cs43l22.o
                0x00000000080007e8                cs43l22_Pause
 *fill*         0x000000000800082a        0x2 
 .text.cs43l22_Resume
                0x000000000800082c       0x78 Core/Src/cs43l22.o
                0x000000000800082c                cs43l22_Resume
 .text.cs43l22_Stop
                0x00000000080008a4       0x68 Core/Src/cs43l22.o
                0x00000000080008a4                cs43l22_Stop
 .text.cs43l22_SetVolume
                0x000000000800090c       0xbc Core/Src/cs43l22.o
                0x000000000800090c                cs43l22_SetVolume
 .text.cs43l22_SetFrequency
                0x00000000080009c8       0x1a Core/Src/cs43l22.o
                0x00000000080009c8                cs43l22_SetFrequency
 *fill*         0x00000000080009e2        0x2 
 .text.cs43l22_SetMute
                0x00000000080009e4       0xbc Core/Src/cs43l22.o
                0x00000000080009e4                cs43l22_SetMute
 .text.cs43l22_SetOutputMode
                0x0000000008000aa0       0xe4 Core/Src/cs43l22.o
                0x0000000008000aa0                cs43l22_SetOutputMode
 .text.cs43l22_Reset
                0x0000000008000b84       0x18 Core/Src/cs43l22.o
                0x0000000008000b84                cs43l22_Reset
 .text.CODEC_IO_Write
                0x0000000008000b9c       0x2e Core/Src/cs43l22.o
 *fill*         0x0000000008000bca        0x2 
 .text.MX_DFSDM1_Init
                0x0000000008000bcc      0x100 Core/Src/dfsdm.o
                0x0000000008000bcc                MX_DFSDM1_Init
 .text.HAL_DFSDM_FilterMspInit
                0x0000000008000ccc      0x120 Core/Src/dfsdm.o
                0x0000000008000ccc                HAL_DFSDM_FilterMspInit
 .text.HAL_DFSDM_ChannelMspInit
                0x0000000008000dec       0xb8 Core/Src/dfsdm.o
                0x0000000008000dec                HAL_DFSDM_ChannelMspInit
 .text.MX_DMA_Init
                0x0000000008000ea4       0x64 Core/Src/dma.o
                0x0000000008000ea4                MX_DMA_Init
 .text.MX_GPIO_Init
                0x0000000008000f08      0x278 Core/Src/gpio.o
                0x0000000008000f08                MX_GPIO_Init
 .text.MX_I2C1_Init
                0x0000000008001180       0x80 Core/Src/i2c.o
                0x0000000008001180                MX_I2C1_Init
 .text.MX_I2C2_Init
                0x0000000008001200       0x80 Core/Src/i2c.o
                0x0000000008001200                MX_I2C2_Init
 .text.HAL_I2C_MspInit
                0x0000000008001280       0xe8 Core/Src/i2c.o
                0x0000000008001280                HAL_I2C_MspInit
 .text.HAL_I2C_MspDeInit
                0x0000000008001368       0x74 Core/Src/i2c.o
                0x0000000008001368                HAL_I2C_MspDeInit
 .text.MX_LCD_Init
                0x00000000080013dc       0x70 Core/Src/lcd.o
                0x00000000080013dc                MX_LCD_Init
 .text.HAL_LCD_MspInit
                0x000000000800144c      0x144 Core/Src/lcd.o
                0x000000000800144c                HAL_LCD_MspInit
 .text.main     0x0000000008001590      0x504 Core/Src/main.o
                0x0000000008001590                main
 .text.SystemClock_Config
                0x0000000008001a94      0x158 Core/Src/main.o
                0x0000000008001a94                SystemClock_Config
 .text.HAL_DFSDM_FilterRegConvHalfCpltCallback
                0x0000000008001bec       0x20 Core/Src/main.o
                0x0000000008001bec                HAL_DFSDM_FilterRegConvHalfCpltCallback
 .text.HAL_DFSDM_FilterRegConvCpltCallback
                0x0000000008001c0c       0x20 Core/Src/main.o
                0x0000000008001c0c                HAL_DFSDM_FilterRegConvCpltCallback
 .text.Error_Handler
                0x0000000008001c2c       0x14 Core/Src/main.o
                0x0000000008001c2c                Error_Handler
 .text.MX_QUADSPI_Init
                0x0000000008001c40       0x4c Core/Src/quadspi.o
                0x0000000008001c40                MX_QUADSPI_Init
 .text.HAL_QSPI_MspInit
                0x0000000008001c8c       0x98 Core/Src/quadspi.o
                0x0000000008001c8c                HAL_QSPI_MspInit
 .text.HAL_QSPI_MspDeInit
                0x0000000008001d24       0x44 Core/Src/quadspi.o
                0x0000000008001d24                HAL_QSPI_MspDeInit
 .text.MX_SAI1_Init
                0x0000000008001d68       0xb8 Core/Src/sai.o
                0x0000000008001d68                MX_SAI1_Init
 .text.HAL_SAI_MspInit
                0x0000000008001e20       0xf0 Core/Src/sai.o
                0x0000000008001e20                HAL_SAI_MspInit
 .text.MX_SPI2_Init
                0x0000000008001f10       0x7c Core/Src/spi.o
                0x0000000008001f10                MX_SPI2_Init
 .text.HAL_SPI_MspInit
                0x0000000008001f8c       0x88 Core/Src/spi.o
                0x0000000008001f8c                HAL_SPI_MspInit
 .text.BSP_LED_On
                0x0000000008002014       0x34 Core/Src/stm32l476g_discovery.o
                0x0000000008002014                BSP_LED_On
 .text.BSP_LED_Off
                0x0000000008002048       0x34 Core/Src/stm32l476g_discovery.o
                0x0000000008002048                BSP_LED_Off
 .text.BSP_LED_Toggle
                0x000000000800207c       0x30 Core/Src/stm32l476g_discovery.o
                0x000000000800207c                BSP_LED_Toggle
 .text.BSP_JOY_GetState
                0x00000000080020ac       0x4c Core/Src/stm32l476g_discovery.o
                0x00000000080020ac                BSP_JOY_GetState
 .text.I2C1_Init
                0x00000000080020f8       0x5c Core/Src/stm32l476g_discovery.o
 .text.I2C1_MspInit
                0x0000000008002154      0x100 Core/Src/stm32l476g_discovery.o
 .text.I2C1_DeInit
                0x0000000008002254       0x24 Core/Src/stm32l476g_discovery.o
 .text.I2C1_MspDeInit
                0x0000000008002278       0xac Core/Src/stm32l476g_discovery.o
 .text.I2C1_WriteBuffer
                0x0000000008002324       0x54 Core/Src/stm32l476g_discovery.o
 .text.I2C1_ReadBuffer
                0x0000000008002378       0x54 Core/Src/stm32l476g_discovery.o
 .text.I2C1_Error
                0x00000000080023cc       0x18 Core/Src/stm32l476g_discovery.o
 .text.AUDIO_IO_Init
                0x00000000080023e4       0x6c Core/Src/stm32l476g_discovery.o
                0x00000000080023e4                AUDIO_IO_Init
 .text.AUDIO_IO_DeInit
                0x0000000008002450       0x80 Core/Src/stm32l476g_discovery.o
                0x0000000008002450                AUDIO_IO_DeInit
 .text.AUDIO_IO_Write
                0x00000000080024d0       0x30 Core/Src/stm32l476g_discovery.o
                0x00000000080024d0                AUDIO_IO_Write
 .text.AUDIO_IO_Read
                0x0000000008002500       0x36 Core/Src/stm32l476g_discovery.o
                0x0000000008002500                AUDIO_IO_Read
 *fill*         0x0000000008002536        0x2 
 .text.BSP_LCD_GLASS_Init
                0x0000000008002538       0x74 Core/Src/stm32l476g_discovery_glass_lcd.o
                0x0000000008002538                BSP_LCD_GLASS_Init
 .text.BSP_LCD_GLASS_DisplayString
                0x00000000080025ac       0x5c Core/Src/stm32l476g_discovery_glass_lcd.o
                0x00000000080025ac                BSP_LCD_GLASS_DisplayString
 .text.BSP_LCD_GLASS_Clear
                0x0000000008002608       0x14 Core/Src/stm32l476g_discovery_glass_lcd.o
                0x0000000008002608                BSP_LCD_GLASS_Clear
 .text.BSP_LCD_GLASS_ScrollSentence
                0x000000000800261c      0x164 Core/Src/stm32l476g_discovery_glass_lcd.o
                0x000000000800261c                BSP_LCD_GLASS_ScrollSentence
 .text.LCD_MspInit
                0x0000000008002780      0x18c Core/Src/stm32l476g_discovery_glass_lcd.o
 .text.Convert  0x000000000800290c      0x178 Core/Src/stm32l476g_discovery_glass_lcd.o
 .text.WriteChar
                0x0000000008002a84      0x700 Core/Src/stm32l476g_discovery_glass_lcd.o
 .text.BSP_QSPI_Init
                0x0000000008003184       0xac Core/Src/stm32l476g_discovery_qspi.o
                0x0000000008003184                BSP_QSPI_Init
 .text.BSP_QSPI_Read
                0x0000000008003230       0x84 Core/Src/stm32l476g_discovery_qspi.o
                0x0000000008003230                BSP_QSPI_Read
 .text.BSP_QSPI_Write
                0x00000000080032b4       0xfc Core/Src/stm32l476g_discovery_qspi.o
                0x00000000080032b4                BSP_QSPI_Write
 .text.BSP_QSPI_Erase_Block
                0x00000000080033b0       0x88 Core/Src/stm32l476g_discovery_qspi.o
                0x00000000080033b0                BSP_QSPI_Erase_Block
 .text.BSP_QSPI_GetInfo
                0x0000000008003438       0x3e Core/Src/stm32l476g_discovery_qspi.o
                0x0000000008003438                BSP_QSPI_GetInfo
 *fill*         0x0000000008003476        0x2 
 .text.QSPI_MspInit
                0x0000000008003478       0x98 Core/Src/stm32l476g_discovery_qspi.o
 .text.QSPI_ResetMemory
                0x0000000008003510       0x88 Core/Src/stm32l476g_discovery_qspi.o
 .text.QSPI_DummyCyclesCfg
                0x0000000008003598       0xfc Core/Src/stm32l476g_discovery_qspi.o
 .text.QSPI_WriteEnable
                0x0000000008003694       0x98 Core/Src/stm32l476g_discovery_qspi.o
 .text.QSPI_AutoPollingMemReady
                0x000000000800372c       0x74 Core/Src/stm32l476g_discovery_qspi.o
 .text.HAL_MspInit
                0x00000000080037a0       0x48 Core/Src/stm32l4xx_hal_msp.o
                0x00000000080037a0                HAL_MspInit
 .text.NMI_Handler
                0x00000000080037e8        0xe Core/Src/stm32l4xx_it.o
                0x00000000080037e8                NMI_Handler
 .text.HardFault_Handler
                0x00000000080037f6        0x6 Core/Src/stm32l4xx_it.o
                0x00000000080037f6                HardFault_Handler
 .text.MemManage_Handler
                0x00000000080037fc        0x6 Core/Src/stm32l4xx_it.o
                0x00000000080037fc                MemManage_Handler
 .text.BusFault_Handler
                0x0000000008003802        0x6 Core/Src/stm32l4xx_it.o
                0x0000000008003802                BusFault_Handler
 .text.UsageFault_Handler
                0x0000000008003808        0x6 Core/Src/stm32l4xx_it.o
                0x0000000008003808                UsageFault_Handler
 .text.SVC_Handler
                0x000000000800380e        0xe Core/Src/stm32l4xx_it.o
                0x000000000800380e                SVC_Handler
 .text.DebugMon_Handler
                0x000000000800381c        0xe Core/Src/stm32l4xx_it.o
                0x000000000800381c                DebugMon_Handler
 .text.PendSV_Handler
                0x000000000800382a        0xe Core/Src/stm32l4xx_it.o
                0x000000000800382a                PendSV_Handler
 .text.SysTick_Handler
                0x0000000008003838        0xc Core/Src/stm32l4xx_it.o
                0x0000000008003838                SysTick_Handler
 .text.DMA1_Channel4_IRQHandler
                0x0000000008003844       0x14 Core/Src/stm32l4xx_it.o
                0x0000000008003844                DMA1_Channel4_IRQHandler
 .text.DMA2_Channel1_IRQHandler
                0x0000000008003858       0x14 Core/Src/stm32l4xx_it.o
                0x0000000008003858                DMA2_Channel1_IRQHandler
 .text.DFSDM1_FLT0_IRQHandler
                0x000000000800386c       0x14 Core/Src/stm32l4xx_it.o
                0x000000000800386c                DFSDM1_FLT0_IRQHandler
 .text.OTG_FS_IRQHandler
                0x0000000008003880       0x14 Core/Src/stm32l4xx_it.o
                0x0000000008003880                OTG_FS_IRQHandler
 .text.QUADSPI_IRQHandler
                0x0000000008003894       0x14 Core/Src/stm32l4xx_it.o
                0x0000000008003894                QUADSPI_IRQHandler
 .text.SAI1_IRQHandler
                0x00000000080038a8       0x14 Core/Src/stm32l4xx_it.o
                0x00000000080038a8                SAI1_IRQHandler
 .text._sbrk    0x00000000080038bc       0x6c Core/Src/sysmem.o
                0x00000000080038bc                _sbrk
 .text.SystemInit
                0x0000000008003928       0x6c Core/Src/system_stm32l4xx.o
                0x0000000008003928                SystemInit
 .text.MX_USART2_UART_Init
                0x0000000008003994       0x60 Core/Src/usart.o
                0x0000000008003994                MX_USART2_UART_Init
 .text.HAL_UART_MspInit
                0x00000000080039f4       0x88 Core/Src/usart.o
                0x00000000080039f4                HAL_UART_MspInit
 .text.Reset_Handler
                0x0000000008003a7c       0x50 Core/Startup/startup_stm32l476vgtx.o
                0x0000000008003a7c                Reset_Handler
 .text.Default_Handler
                0x0000000008003acc        0x2 Core/Startup/startup_stm32l476vgtx.o
                0x0000000008003acc                RTC_Alarm_IRQHandler
                0x0000000008003acc                EXTI2_IRQHandler
                0x0000000008003acc                TIM8_TRG_COM_IRQHandler
                0x0000000008003acc                TIM8_CC_IRQHandler
                0x0000000008003acc                TIM1_CC_IRQHandler
                0x0000000008003acc                TSC_IRQHandler
                0x0000000008003acc                TAMP_STAMP_IRQHandler
                0x0000000008003acc                EXTI3_IRQHandler
                0x0000000008003acc                LPTIM2_IRQHandler
                0x0000000008003acc                DFSDM1_FLT1_IRQHandler
                0x0000000008003acc                I2C3_ER_IRQHandler
                0x0000000008003acc                DFSDM1_FLT2_IRQHandler
                0x0000000008003acc                EXTI0_IRQHandler
                0x0000000008003acc                I2C2_EV_IRQHandler
                0x0000000008003acc                CAN1_RX0_IRQHandler
                0x0000000008003acc                FPU_IRQHandler
                0x0000000008003acc                TIM1_UP_TIM16_IRQHandler
                0x0000000008003acc                ADC1_2_IRQHandler
                0x0000000008003acc                SPI1_IRQHandler
                0x0000000008003acc                TIM6_DAC_IRQHandler
                0x0000000008003acc                TIM8_UP_IRQHandler
                0x0000000008003acc                DMA2_Channel2_IRQHandler
                0x0000000008003acc                SAI2_IRQHandler
                0x0000000008003acc                DFSDM1_FLT3_IRQHandler
                0x0000000008003acc                USART3_IRQHandler
                0x0000000008003acc                DMA1_Channel7_IRQHandler
                0x0000000008003acc                CAN1_RX1_IRQHandler
                0x0000000008003acc                LCD_IRQHandler
                0x0000000008003acc                UART5_IRQHandler
                0x0000000008003acc                ADC3_IRQHandler
                0x0000000008003acc                TIM4_IRQHandler
                0x0000000008003acc                I2C1_EV_IRQHandler
                0x0000000008003acc                DMA1_Channel6_IRQHandler
                0x0000000008003acc                UART4_IRQHandler
                0x0000000008003acc                DMA2_Channel4_IRQHandler
                0x0000000008003acc                TIM3_IRQHandler
                0x0000000008003acc                RCC_IRQHandler
                0x0000000008003acc                DMA1_Channel1_IRQHandler
                0x0000000008003acc                Default_Handler
                0x0000000008003acc                DMA2_Channel7_IRQHandler
                0x0000000008003acc                EXTI15_10_IRQHandler
                0x0000000008003acc                TIM7_IRQHandler
                0x0000000008003acc                SDMMC1_IRQHandler
                0x0000000008003acc                TIM5_IRQHandler
                0x0000000008003acc                I2C3_EV_IRQHandler
                0x0000000008003acc                EXTI9_5_IRQHandler
                0x0000000008003acc                RTC_WKUP_IRQHandler
                0x0000000008003acc                PVD_PVM_IRQHandler
                0x0000000008003acc                SPI2_IRQHandler
                0x0000000008003acc                CAN1_TX_IRQHandler
                0x0000000008003acc                DMA2_Channel5_IRQHandler
                0x0000000008003acc                DMA1_Channel5_IRQHandler
                0x0000000008003acc                EXTI4_IRQHandler
                0x0000000008003acc                RNG_IRQHandler
                0x0000000008003acc                TIM1_TRG_COM_TIM17_IRQHandler
                0x0000000008003acc                DMA1_Channel3_IRQHandler
                0x0000000008003acc                COMP_IRQHandler
                0x0000000008003acc                WWDG_IRQHandler
                0x0000000008003acc                LPUART1_IRQHandler
                0x0000000008003acc                DMA2_Channel6_IRQHandler
                0x0000000008003acc                TIM2_IRQHandler
                0x0000000008003acc                EXTI1_IRQHandler
                0x0000000008003acc                USART2_IRQHandler
                0x0000000008003acc                I2C2_ER_IRQHandler
                0x0000000008003acc                DMA1_Channel2_IRQHandler
                0x0000000008003acc                TIM8_BRK_IRQHandler
                0x0000000008003acc                CAN1_SCE_IRQHandler
                0x0000000008003acc                FLASH_IRQHandler
                0x0000000008003acc                USART1_IRQHandler
                0x0000000008003acc                SPI3_IRQHandler
                0x0000000008003acc                I2C1_ER_IRQHandler
                0x0000000008003acc                FMC_IRQHandler
                0x0000000008003acc                SWPMI1_IRQHandler
                0x0000000008003acc                LPTIM1_IRQHandler
                0x0000000008003acc                DMA2_Channel3_IRQHandler
                0x0000000008003acc                TIM1_BRK_TIM15_IRQHandler
 *fill*         0x0000000008003ace        0x2 
 .text.HAL_Init
                0x0000000008003ad0       0x40 Drivers/STM32L4xx_HAL_Driver/Src/stm32l4xx_hal.o
                0x0000000008003ad0                HAL_Init
 .text.HAL_InitTick
                0x0000000008003b10       0x78 Drivers/STM32L4xx_HAL_Driver/Src/stm32l4xx_hal.o
                0x0000000008003b10                HAL_InitTick
 .text.HAL_IncTick
                0x0000000008003b88       0x28 Drivers/STM32L4xx_HAL_Driver/Src/stm32l4xx_hal.o
                0x0000000008003b88                HAL_IncTick
 .text.HAL_GetTick
                0x0000000008003bb0       0x18 Drivers/STM32L4xx_HAL_Driver/Src/stm32l4xx_hal.o
                0x0000000008003bb0                HAL_GetTick
 .text.HAL_Delay
                0x0000000008003bc8       0x44 Drivers/STM32L4xx_HAL_Driver/Src/stm32l4xx_hal.o
                0x0000000008003bc8                HAL_Delay
 .text.__NVIC_SetPriorityGrouping
                0x0000000008003c0c       0x48 Drivers/STM32L4xx_HAL_Driver/Src/stm32l4xx_hal_cortex.o
 .text.__NVIC_GetPriorityGrouping
                0x0000000008003c54       0x1c Drivers/STM32L4xx_HAL_Driver/Src/stm32l4xx_hal_cortex.o
 .text.__NVIC_EnableIRQ
                0x0000000008003c70       0x3c Drivers/STM32L4xx_HAL_Driver/Src/stm32l4xx_hal_cortex.o
 .text.__NVIC_DisableIRQ
                0x0000000008003cac       0x44 Drivers/STM32L4xx_HAL_Driver/Src/stm32l4xx_hal_cortex.o
 .text.__NVIC_SetPriority
                0x0000000008003cf0       0x54 Drivers/STM32L4xx_HAL_Driver/Src/stm32l4xx_hal_cortex.o
 .text.NVIC_EncodePriority
                0x0000000008003d44       0x66 Drivers/STM32L4xx_HAL_Driver/Src/stm32l4xx_hal_cortex.o
 *fill*         0x0000000008003daa        0x2 
 .text.SysTick_Config
                0x0000000008003dac       0x44 Drivers/STM32L4xx_HAL_Driver/Src/stm32l4xx_hal_cortex.o
 .text.HAL_NVIC_SetPriorityGrouping
                0x0000000008003df0       0x16 Drivers/STM32L4xx_HAL_Driver/Src/stm32l4xx_hal_cortex.o
                0x0000000008003df0                HAL_NVIC_SetPriorityGrouping
 .text.HAL_NVIC_SetPriority
                0x0000000008003e06       0x38 Drivers/STM32L4xx_HAL_Driver/Src/stm32l4xx_hal_cortex.o
                0x0000000008003e06                HAL_NVIC_SetPriority
 .text.HAL_NVIC_EnableIRQ
                0x0000000008003e3e       0x1c Drivers/STM32L4xx_HAL_Driver/Src/stm32l4xx_hal_cortex.o
                0x0000000008003e3e                HAL_NVIC_EnableIRQ
 .text.HAL_NVIC_DisableIRQ
                0x0000000008003e5a       0x1c Drivers/STM32L4xx_HAL_Driver/Src/stm32l4xx_hal_cortex.o
                0x0000000008003e5a                HAL_NVIC_DisableIRQ
 .text.HAL_SYSTICK_Config
                0x0000000008003e76       0x18 Drivers/STM32L4xx_HAL_Driver/Src/stm32l4xx_hal_cortex.o
                0x0000000008003e76                HAL_SYSTICK_Config
 *fill*         0x0000000008003e8e        0x2 
 .text.HAL_DFSDM_ChannelInit
                0x0000000008003e90      0x180 Drivers/STM32L4xx_HAL_Driver/Src/stm32l4xx_hal_dfsdm.o
                0x0000000008003e90                HAL_DFSDM_ChannelInit
 .text.HAL_DFSDM_ChannelCkabCallback
                0x0000000008004010       0x14 Drivers/STM32L4xx_HAL_Driver/Src/stm32l4xx_hal_dfsdm.o
                0x0000000008004010                HAL_DFSDM_ChannelCkabCallback
 .text.HAL_DFSDM_ChannelScdCallback
                0x0000000008004024       0x14 Drivers/STM32L4xx_HAL_Driver/Src/stm32l4xx_hal_dfsdm.o
                0x0000000008004024                HAL_DFSDM_ChannelScdCallback
 .text.HAL_DFSDM_FilterInit
                0x0000000008004038      0x1b4 Drivers/STM32L4xx_HAL_Driver/Src/stm32l4xx_hal_dfsdm.o
                0x0000000008004038                HAL_DFSDM_FilterInit
 .text.HAL_DFSDM_FilterConfigRegChannel
                0x00000000080041ec       0x8a Drivers/STM32L4xx_HAL_Driver/Src/stm32l4xx_hal_dfsdm.o
                0x00000000080041ec                HAL_DFSDM_FilterConfigRegChannel
 .text.HAL_DFSDM_FilterConfigInjChannel
                0x0000000008004276       0x5e Drivers/STM32L4xx_HAL_Driver/Src/stm32l4xx_hal_dfsdm.o
                0x0000000008004276                HAL_DFSDM_FilterConfigInjChannel
 .text.HAL_DFSDM_FilterRegularStart_DMA
                0x00000000080042d4      0x104 Drivers/STM32L4xx_HAL_Driver/Src/stm32l4xx_hal_dfsdm.o
                0x00000000080042d4                HAL_DFSDM_FilterRegularStart_DMA
 .text.HAL_DFSDM_IRQHandler
                0x00000000080043d8      0x2cc Drivers/STM32L4xx_HAL_Driver/Src/stm32l4xx_hal_dfsdm.o
                0x00000000080043d8                HAL_DFSDM_IRQHandler
 .text.HAL_DFSDM_FilterInjConvCpltCallback
                0x00000000080046a4       0x14 Drivers/STM32L4xx_HAL_Driver/Src/stm32l4xx_hal_dfsdm.o
                0x00000000080046a4                HAL_DFSDM_FilterInjConvCpltCallback
 .text.HAL_DFSDM_FilterAwdCallback
                0x00000000080046b8       0x18 Drivers/STM32L4xx_HAL_Driver/Src/stm32l4xx_hal_dfsdm.o
                0x00000000080046b8                HAL_DFSDM_FilterAwdCallback
 .text.HAL_DFSDM_FilterErrorCallback
                0x00000000080046d0       0x14 Drivers/STM32L4xx_HAL_Driver/Src/stm32l4xx_hal_dfsdm.o
                0x00000000080046d0                HAL_DFSDM_FilterErrorCallback
 .text.DFSDM_DMARegularHalfConvCplt
                0x00000000080046e4       0x1c Drivers/STM32L4xx_HAL_Driver/Src/stm32l4xx_hal_dfsdm.o
 .text.DFSDM_DMARegularConvCplt
                0x0000000008004700       0x1c Drivers/STM32L4xx_HAL_Driver/Src/stm32l4xx_hal_dfsdm.o
 .text.DFSDM_DMAError
                0x000000000800471c       0x22 Drivers/STM32L4xx_HAL_Driver/Src/stm32l4xx_hal_dfsdm.o
 .text.DFSDM_GetInjChannelsNbr
                0x000000000800473e       0x3e Drivers/STM32L4xx_HAL_Driver/Src/stm32l4xx_hal_dfsdm.o
 .text.DFSDM_GetChannelFromInstance
                0x000000000800477c       0x98 Drivers/STM32L4xx_HAL_Driver/Src/stm32l4xx_hal_dfsdm.o
 .text.DFSDM_RegConvStart
                0x0000000008004814       0xac Drivers/STM32L4xx_HAL_Driver/Src/stm32l4xx_hal_dfsdm.o
 .text.HAL_DMA_Init
                0x00000000080048c0      0x170 Drivers/STM32L4xx_HAL_Driver/Src/stm32l4xx_hal_dma.o
                0x00000000080048c0                HAL_DMA_Init
 .text.HAL_DMA_Start_IT
                0x0000000008004a30       0xc0 Drivers/STM32L4xx_HAL_Driver/Src/stm32l4xx_hal_dma.o
                0x0000000008004a30                HAL_DMA_Start_IT
 .text.HAL_DMA_Abort
                0x0000000008004af0       0x7c Drivers/STM32L4xx_HAL_Driver/Src/stm32l4xx_hal_dma.o
                0x0000000008004af0                HAL_DMA_Abort
 .text.HAL_DMA_Abort_IT
                0x0000000008004b6c       0x82 Drivers/STM32L4xx_HAL_Driver/Src/stm32l4xx_hal_dma.o
                0x0000000008004b6c                HAL_DMA_Abort_IT
 .text.HAL_DMA_IRQHandler
                0x0000000008004bee      0x15e Drivers/STM32L4xx_HAL_Driver/Src/stm32l4xx_hal_dma.o
                0x0000000008004bee                HAL_DMA_IRQHandler
 .text.DMA_SetConfig
                0x0000000008004d4c       0x60 Drivers/STM32L4xx_HAL_Driver/Src/stm32l4xx_hal_dma.o
 .text.HAL_GPIO_Init
                0x0000000008004dac      0x350 Drivers/STM32L4xx_HAL_Driver/Src/stm32l4xx_hal_gpio.o
                0x0000000008004dac                HAL_GPIO_Init
 .text.HAL_GPIO_DeInit
                0x00000000080050fc      0x1e8 Drivers/STM32L4xx_HAL_Driver/Src/stm32l4xx_hal_gpio.o
                0x00000000080050fc                HAL_GPIO_DeInit
 .text.HAL_GPIO_ReadPin
                0x00000000080052e4       0x30 Drivers/STM32L4xx_HAL_Driver/Src/stm32l4xx_hal_gpio.o
                0x00000000080052e4                HAL_GPIO_ReadPin
 .text.HAL_GPIO_WritePin
                0x0000000008005314       0x30 Drivers/STM32L4xx_HAL_Driver/Src/stm32l4xx_hal_gpio.o
                0x0000000008005314                HAL_GPIO_WritePin
 .text.HAL_GPIO_TogglePin
                0x0000000008005344       0x34 Drivers/STM32L4xx_HAL_Driver/Src/stm32l4xx_hal_gpio.o
                0x0000000008005344                HAL_GPIO_TogglePin
 .text.HAL_HCD_Init
                0x0000000008005378       0xc4 Drivers/STM32L4xx_HAL_Driver/Src/stm32l4xx_hal_hcd.o
                0x0000000008005378                HAL_HCD_Init
 .text.HAL_HCD_HC_Init
                0x000000000800543c      0x130 Drivers/STM32L4xx_HAL_Driver/Src/stm32l4xx_hal_hcd.o
                0x000000000800543c                HAL_HCD_HC_Init
 .text.HAL_HCD_HC_Halt
                0x000000000800556c       0x46 Drivers/STM32L4xx_HAL_Driver/Src/stm32l4xx_hal_hcd.o
                0x000000000800556c                HAL_HCD_HC_Halt
 *fill*         0x00000000080055b2        0x2 
 .text.HAL_HCD_HC_SubmitRequest
                0x00000000080055b4      0x2dc Drivers/STM32L4xx_HAL_Driver/Src/stm32l4xx_hal_hcd.o
                0x00000000080055b4                HAL_HCD_HC_SubmitRequest
 .text.HAL_HCD_IRQHandler
                0x0000000008005890      0x208 Drivers/STM32L4xx_HAL_Driver/Src/stm32l4xx_hal_hcd.o
                0x0000000008005890                HAL_HCD_IRQHandler
 .text.HAL_HCD_Start
                0x0000000008005a98       0x46 Drivers/STM32L4xx_HAL_Driver/Src/stm32l4xx_hal_hcd.o
                0x0000000008005a98                HAL_HCD_Start
 .text.HAL_HCD_Stop
                0x0000000008005ade       0x3a Drivers/STM32L4xx_HAL_Driver/Src/stm32l4xx_hal_hcd.o
                0x0000000008005ade                HAL_HCD_Stop
 .text.HAL_HCD_HC_GetURBState
                0x0000000008005b18       0x2a Drivers/STM32L4xx_HAL_Driver/Src/stm32l4xx_hal_hcd.o
                0x0000000008005b18                HAL_HCD_HC_GetURBState
 .text.HAL_HCD_HC_GetXferCount
                0x0000000008005b42       0x2a Drivers/STM32L4xx_HAL_Driver/Src/stm32l4xx_hal_hcd.o
                0x0000000008005b42                HAL_HCD_HC_GetXferCount
 .text.HAL_HCD_GetCurrentFrame
                0x0000000008005b6c       0x1c Drivers/STM32L4xx_HAL_Driver/Src/stm32l4xx_hal_hcd.o
                0x0000000008005b6c                HAL_HCD_GetCurrentFrame
 .text.HCD_HC_IN_IRQHandler
                0x0000000008005b88      0x822 Drivers/STM32L4xx_HAL_Driver/Src/stm32l4xx_hal_hcd.o
 .text.HCD_HC_OUT_IRQHandler
                0x00000000080063aa      0x6aa Drivers/STM32L4xx_HAL_Driver/Src/stm32l4xx_hal_hcd.o
 .text.HCD_RXQLVL_IRQHandler
                0x0000000008006a54      0x158 Drivers/STM32L4xx_HAL_Driver/Src/stm32l4xx_hal_hcd.o
 .text.HCD_Port_IRQHandler
                0x0000000008006bac       0xe6 Drivers/STM32L4xx_HAL_Driver/Src/stm32l4xx_hal_hcd.o
 .text.HAL_I2C_Init
                0x0000000008006c92      0x11e Drivers/STM32L4xx_HAL_Driver/Src/stm32l4xx_hal_i2c.o
                0x0000000008006c92                HAL_I2C_Init
 .text.HAL_I2C_DeInit
                0x0000000008006db0       0x5e Drivers/STM32L4xx_HAL_Driver/Src/stm32l4xx_hal_i2c.o
                0x0000000008006db0                HAL_I2C_DeInit
 *fill*         0x0000000008006e0e        0x2 
 .text.HAL_I2C_Mem_Write
                0x0000000008006e10      0x228 Drivers/STM32L4xx_HAL_Driver/Src/stm32l4xx_hal_i2c.o
                0x0000000008006e10                HAL_I2C_Mem_Write
 .text.HAL_I2C_Mem_Read
                0x0000000008007038      0x234 Drivers/STM32L4xx_HAL_Driver/Src/stm32l4xx_hal_i2c.o
                0x0000000008007038                HAL_I2C_Mem_Read
 .text.HAL_I2C_GetState
                0x000000000800726c       0x1c Drivers/STM32L4xx_HAL_Driver/Src/stm32l4xx_hal_i2c.o
                0x000000000800726c                HAL_I2C_GetState
 .text.I2C_RequestMemoryWrite
                0x0000000008007288       0xa8 Drivers/STM32L4xx_HAL_Driver/Src/stm32l4xx_hal_i2c.o
 .text.I2C_RequestMemoryRead
                0x0000000008007330       0xa8 Drivers/STM32L4xx_HAL_Driver/Src/stm32l4xx_hal_i2c.o
 .text.I2C_Flush_TXDR
                0x00000000080073d8       0x48 Drivers/STM32L4xx_HAL_Driver/Src/stm32l4xx_hal_i2c.o
 .text.I2C_WaitOnFlagUntilTimeout
                0x0000000008007420       0x80 Drivers/STM32L4xx_HAL_Driver/Src/stm32l4xx_hal_i2c.o
 .text.I2C_WaitOnTXISFlagUntilTimeout
                0x00000000080074a0       0x80 Drivers/STM32L4xx_HAL_Driver/Src/stm32l4xx_hal_i2c.o
 .text.I2C_WaitOnSTOPFlagUntilTimeout
                0x0000000008007520       0x78 Drivers/STM32L4xx_HAL_Driver/Src/stm32l4xx_hal_i2c.o
 .text.I2C_IsAcknowledgeFailed
                0x0000000008007598       0xcc Drivers/STM32L4xx_HAL_Driver/Src/stm32l4xx_hal_i2c.o
 .text.I2C_TransferConfig
                0x0000000008007664       0x5c Drivers/STM32L4xx_HAL_Driver/Src/stm32l4xx_hal_i2c.o
 .text.HAL_I2CEx_ConfigAnalogFilter
                0x00000000080076c0       0x96 Drivers/STM32L4xx_HAL_Driver/Src/stm32l4xx_hal_i2c_ex.o
                0x00000000080076c0                HAL_I2CEx_ConfigAnalogFilter
 .text.HAL_I2CEx_ConfigDigitalFilter
                0x0000000008007756       0x98 Drivers/STM32L4xx_HAL_Driver/Src/stm32l4xx_hal_i2c_ex.o
                0x0000000008007756                HAL_I2CEx_ConfigDigitalFilter
 *fill*         0x00000000080077ee        0x2 
 .text.HAL_LCD_Init
                0x00000000080077f0      0x180 Drivers/STM32L4xx_HAL_Driver/Src/stm32l4xx_hal_lcd.o
                0x00000000080077f0                HAL_LCD_Init
 .text.HAL_LCD_Write
                0x0000000008007970       0xb6 Drivers/STM32L4xx_HAL_Driver/Src/stm32l4xx_hal_lcd.o
                0x0000000008007970                HAL_LCD_Write
 .text.HAL_LCD_Clear
                0x0000000008007a26       0xac Drivers/STM32L4xx_HAL_Driver/Src/stm32l4xx_hal_lcd.o
                0x0000000008007a26                HAL_LCD_Clear
 .text.HAL_LCD_UpdateDisplayRequest
                0x0000000008007ad2       0x72 Drivers/STM32L4xx_HAL_Driver/Src/stm32l4xx_hal_lcd.o
                0x0000000008007ad2                HAL_LCD_UpdateDisplayRequest
 .text.LCD_WaitForSynchro
                0x0000000008007b44       0x42 Drivers/STM32L4xx_HAL_Driver/Src/stm32l4xx_hal_lcd.o
                0x0000000008007b44                LCD_WaitForSynchro
 *fill*         0x0000000008007b86        0x2 
 .text.HAL_PWR_EnableBkUpAccess
                0x0000000008007b88       0x20 Drivers/STM32L4xx_HAL_Driver/Src/stm32l4xx_hal_pwr.o
                0x0000000008007b88                HAL_PWR_EnableBkUpAccess
 .text.HAL_PWREx_GetVoltageRange
                0x0000000008007ba8       0x1c Drivers/STM32L4xx_HAL_Driver/Src/stm32l4xx_hal_pwr_ex.o
                0x0000000008007ba8                HAL_PWREx_GetVoltageRange
 .text.HAL_PWREx_ControlVoltageScaling
                0x0000000008007bc4       0xac Drivers/STM32L4xx_HAL_Driver/Src/stm32l4xx_hal_pwr_ex.o
                0x0000000008007bc4                HAL_PWREx_ControlVoltageScaling
 .text.HAL_PWREx_EnableVddUSB
                0x0000000008007c70       0x20 Drivers/STM32L4xx_HAL_Driver/Src/stm32l4xx_hal_pwr_ex.o
                0x0000000008007c70                HAL_PWREx_EnableVddUSB
 .text.HAL_PWREx_EnableVddIO2
                0x0000000008007c90       0x20 Drivers/STM32L4xx_HAL_Driver/Src/stm32l4xx_hal_pwr_ex.o
                0x0000000008007c90                HAL_PWREx_EnableVddIO2
 .text.HAL_PWREx_DisableVddIO2
                0x0000000008007cb0       0x20 Drivers/STM32L4xx_HAL_Driver/Src/stm32l4xx_hal_pwr_ex.o
                0x0000000008007cb0                HAL_PWREx_DisableVddIO2
 .text.HAL_QSPI_Init
                0x0000000008007cd0       0xec Drivers/STM32L4xx_HAL_Driver/Src/stm32l4xx_hal_qspi.o
                0x0000000008007cd0                HAL_QSPI_Init
 .text.HAL_QSPI_DeInit
                0x0000000008007dbc       0x48 Drivers/STM32L4xx_HAL_Driver/Src/stm32l4xx_hal_qspi.o
                0x0000000008007dbc                HAL_QSPI_DeInit
 .text.HAL_QSPI_IRQHandler
                0x0000000008007e04      0x380 Drivers/STM32L4xx_HAL_Driver/Src/stm32l4xx_hal_qspi.o
                0x0000000008007e04                HAL_QSPI_IRQHandler
 .text.HAL_QSPI_Command
                0x0000000008008184       0xbc Drivers/STM32L4xx_HAL_Driver/Src/stm32l4xx_hal_qspi.o
                0x0000000008008184                HAL_QSPI_Command
 .text.HAL_QSPI_Transmit
                0x0000000008008240      0x12e Drivers/STM32L4xx_HAL_Driver/Src/stm32l4xx_hal_qspi.o
                0x0000000008008240                HAL_QSPI_Transmit
 .text.HAL_QSPI_Receive
                0x000000000800836e      0x144 Drivers/STM32L4xx_HAL_Driver/Src/stm32l4xx_hal_qspi.o
                0x000000000800836e                HAL_QSPI_Receive
 .text.HAL_QSPI_AutoPolling
                0x00000000080084b2       0xee Drivers/STM32L4xx_HAL_Driver/Src/stm32l4xx_hal_qspi.o
                0x00000000080084b2                HAL_QSPI_AutoPolling
 .text.HAL_QSPI_ErrorCallback
                0x00000000080085a0       0x14 Drivers/STM32L4xx_HAL_Driver/Src/stm32l4xx_hal_qspi.o
                0x00000000080085a0                HAL_QSPI_ErrorCallback
 .text.HAL_QSPI_AbortCpltCallback
                0x00000000080085b4       0x14 Drivers/STM32L4xx_HAL_Driver/Src/stm32l4xx_hal_qspi.o
                0x00000000080085b4                HAL_QSPI_AbortCpltCallback
 .text.HAL_QSPI_CmdCpltCallback
                0x00000000080085c8       0x14 Drivers/STM32L4xx_HAL_Driver/Src/stm32l4xx_hal_qspi.o
                0x00000000080085c8                HAL_QSPI_CmdCpltCallback
 .text.HAL_QSPI_RxCpltCallback
                0x00000000080085dc       0x14 Drivers/STM32L4xx_HAL_Driver/Src/stm32l4xx_hal_qspi.o
                0x00000000080085dc                HAL_QSPI_RxCpltCallback
 .text.HAL_QSPI_TxCpltCallback
                0x00000000080085f0       0x14 Drivers/STM32L4xx_HAL_Driver/Src/stm32l4xx_hal_qspi.o
                0x00000000080085f0                HAL_QSPI_TxCpltCallback
 .text.HAL_QSPI_FifoThresholdCallback
                0x0000000008008604       0x14 Drivers/STM32L4xx_HAL_Driver/Src/stm32l4xx_hal_qspi.o
                0x0000000008008604                HAL_QSPI_FifoThresholdCallback
 .text.HAL_QSPI_StatusMatchCallback
                0x0000000008008618       0x14 Drivers/STM32L4xx_HAL_Driver/Src/stm32l4xx_hal_qspi.o
                0x0000000008008618                HAL_QSPI_StatusMatchCallback
 .text.HAL_QSPI_TimeOutCallback
                0x000000000800862c       0x14 Drivers/STM32L4xx_HAL_Driver/Src/stm32l4xx_hal_qspi.o
                0x000000000800862c                HAL_QSPI_TimeOutCallback
 .text.HAL_QSPI_Abort
                0x0000000008008640       0xda Drivers/STM32L4xx_HAL_Driver/Src/stm32l4xx_hal_qspi.o
                0x0000000008008640                HAL_QSPI_Abort
 *fill*         0x000000000800871a        0x2 
 .text.HAL_QSPI_Abort_IT
                0x000000000800871c       0xb8 Drivers/STM32L4xx_HAL_Driver/Src/stm32l4xx_hal_qspi.o
                0x000000000800871c                HAL_QSPI_Abort_IT
 .text.HAL_QSPI_SetTimeout
                0x00000000080087d4       0x1c Drivers/STM32L4xx_HAL_Driver/Src/stm32l4xx_hal_qspi.o
                0x00000000080087d4                HAL_QSPI_SetTimeout
 .text.QSPI_DMAAbortCplt
                0x00000000080087f0       0x66 Drivers/STM32L4xx_HAL_Driver/Src/stm32l4xx_hal_qspi.o
 .text.QSPI_WaitFlagStateUntilTimeout
                0x0000000008008856       0x6e Drivers/STM32L4xx_HAL_Driver/Src/stm32l4xx_hal_qspi.o
 .text.QSPI_Config
                0x00000000080088c4      0x30c Drivers/STM32L4xx_HAL_Driver/Src/stm32l4xx_hal_qspi.o
 .text.HAL_RCC_OscConfig
                0x0000000008008bd0      0x7cc Drivers/STM32L4xx_HAL_Driver/Src/stm32l4xx_hal_rcc.o
                0x0000000008008bd0                HAL_RCC_OscConfig
 .text.HAL_RCC_ClockConfig
                0x000000000800939c      0x1c4 Drivers/STM32L4xx_HAL_Driver/Src/stm32l4xx_hal_rcc.o
                0x000000000800939c                HAL_RCC_ClockConfig
 .text.HAL_RCC_GetSysClockFreq
                0x0000000008009560      0x114 Drivers/STM32L4xx_HAL_Driver/Src/stm32l4xx_hal_rcc.o
                0x0000000008009560                HAL_RCC_GetSysClockFreq
 .text.HAL_RCC_GetHCLKFreq
                0x0000000008009674       0x18 Drivers/STM32L4xx_HAL_Driver/Src/stm32l4xx_hal_rcc.o
                0x0000000008009674                HAL_RCC_GetHCLKFreq
 .text.HAL_RCC_GetPCLK1Freq
                0x000000000800968c       0x2c Drivers/STM32L4xx_HAL_Driver/Src/stm32l4xx_hal_rcc.o
                0x000000000800968c                HAL_RCC_GetPCLK1Freq
 .text.HAL_RCC_GetPCLK2Freq
                0x00000000080096b8       0x2c Drivers/STM32L4xx_HAL_Driver/Src/stm32l4xx_hal_rcc.o
                0x00000000080096b8                HAL_RCC_GetPCLK2Freq
 .text.RCC_SetFlashLatencyFromMSIRange
                0x00000000080096e4       0xc0 Drivers/STM32L4xx_HAL_Driver/Src/stm32l4xx_hal_rcc.o
 .text.HAL_RCCEx_PeriphCLKConfig
                0x00000000080097a4      0x5cc Drivers/STM32L4xx_HAL_Driver/Src/stm32l4xx_hal_rcc_ex.o
                0x00000000080097a4                HAL_RCCEx_PeriphCLKConfig
 .text.HAL_RCCEx_GetPeriphCLKFreq
                0x0000000008009d70      0x90c Drivers/STM32L4xx_HAL_Driver/Src/stm32l4xx_hal_rcc_ex.o
                0x0000000008009d70                HAL_RCCEx_GetPeriphCLKFreq
 .text.HAL_RCCEx_EnableMSIPLLMode
                0x000000000800a67c       0x20 Drivers/STM32L4xx_HAL_Driver/Src/stm32l4xx_hal_rcc_ex.o
                0x000000000800a67c                HAL_RCCEx_EnableMSIPLLMode
 .text.RCCEx_PLLSAI1_Config
                0x000000000800a69c      0x1e0 Drivers/STM32L4xx_HAL_Driver/Src/stm32l4xx_hal_rcc_ex.o
 .text.RCCEx_PLLSAI2_Config
                0x000000000800a87c      0x1b4 Drivers/STM32L4xx_HAL_Driver/Src/stm32l4xx_hal_rcc_ex.o
 .text.RCCEx_GetSAIxPeriphCLKFreq
                0x000000000800aa30      0x1e0 Drivers/STM32L4xx_HAL_Driver/Src/stm32l4xx_hal_rcc_ex.o
 .text.HAL_SAI_Init
                0x000000000800ac10      0x2e0 Drivers/STM32L4xx_HAL_Driver/Src/stm32l4xx_hal_sai.o
                0x000000000800ac10                HAL_SAI_Init
 .text.HAL_SAI_DMAStop
                0x000000000800aef0       0xa8 Drivers/STM32L4xx_HAL_Driver/Src/stm32l4xx_hal_sai.o
                0x000000000800aef0                HAL_SAI_DMAStop
 .text.HAL_SAI_Abort
                0x000000000800af98       0xca Drivers/STM32L4xx_HAL_Driver/Src/stm32l4xx_hal_sai.o
                0x000000000800af98                HAL_SAI_Abort
 *fill*         0x000000000800b062        0x2 
 .text.HAL_SAI_Transmit_DMA
                0x000000000800b064      0x160 Drivers/STM32L4xx_HAL_Driver/Src/stm32l4xx_hal_sai.o
                0x000000000800b064                HAL_SAI_Transmit_DMA
 .text.HAL_SAI_IRQHandler
                0x000000000800b1c4      0x348 Drivers/STM32L4xx_HAL_Driver/Src/stm32l4xx_hal_sai.o
                0x000000000800b1c4                HAL_SAI_IRQHandler
 .text.HAL_SAI_TxCpltCallback
                0x000000000800b50c       0x14 Drivers/STM32L4xx_HAL_Driver/Src/stm32l4xx_hal_sai.o
                0x000000000800b50c                HAL_SAI_TxCpltCallback
 .text.HAL_SAI_TxHalfCpltCallback
                0x000000000800b520       0x14 Drivers/STM32L4xx_HAL_Driver/Src/stm32l4xx_hal_sai.o
                0x000000000800b520                HAL_SAI_TxHalfCpltCallback
 .text.HAL_SAI_ErrorCallback
                0x000000000800b534       0x14 Drivers/STM32L4xx_HAL_Driver/Src/stm32l4xx_hal_sai.o
                0x000000000800b534                HAL_SAI_ErrorCallback
 .text.SAI_InterruptFlag
                0x000000000800b548       0x6e Drivers/STM32L4xx_HAL_Driver/Src/stm32l4xx_hal_sai.o
 *fill*         0x000000000800b5b6        0x2 
 .text.SAI_Disable
                0x000000000800b5b8       0x74 Drivers/STM32L4xx_HAL_Driver/Src/stm32l4xx_hal_sai.o
 .text.SAI_DMATxCplt
                0x000000000800b62c       0x5e Drivers/STM32L4xx_HAL_Driver/Src/stm32l4xx_hal_sai.o
 .text.SAI_DMATxHalfCplt
                0x000000000800b68a       0x1c Drivers/STM32L4xx_HAL_Driver/Src/stm32l4xx_hal_sai.o
 .text.SAI_DMAError
                0x000000000800b6a6       0x52 Drivers/STM32L4xx_HAL_Driver/Src/stm32l4xx_hal_sai.o
 .text.SAI_DMAAbort
                0x000000000800b6f8       0x6e Drivers/STM32L4xx_HAL_Driver/Src/stm32l4xx_hal_sai.o
 .text.HAL_SPI_Init
                0x000000000800b766      0x146 Drivers/STM32L4xx_HAL_Driver/Src/stm32l4xx_hal_spi.o
                0x000000000800b766                HAL_SPI_Init
 .text.HAL_UART_Init
                0x000000000800b8ac       0x9c Drivers/STM32L4xx_HAL_Driver/Src/stm32l4xx_hal_uart.o
                0x000000000800b8ac                HAL_UART_Init
 .text.UART_SetConfig
                0x000000000800b948      0x514 Drivers/STM32L4xx_HAL_Driver/Src/stm32l4xx_hal_uart.o
                0x000000000800b948                UART_SetConfig
 .text.UART_AdvFeatureConfig
                0x000000000800be5c      0x144 Drivers/STM32L4xx_HAL_Driver/Src/stm32l4xx_hal_uart.o
                0x000000000800be5c                UART_AdvFeatureConfig
 .text.UART_CheckIdleState
                0x000000000800bfa0       0x8a Drivers/STM32L4xx_HAL_Driver/Src/stm32l4xx_hal_uart.o
                0x000000000800bfa0                UART_CheckIdleState
 .text.UART_WaitOnFlagUntilTimeout
                0x000000000800c02a       0xf6 Drivers/STM32L4xx_HAL_Driver/Src/stm32l4xx_hal_uart.o
                0x000000000800c02a                UART_WaitOnFlagUntilTimeout
 .text.USB_CoreInit
                0x000000000800c120       0xa4 Drivers/STM32L4xx_HAL_Driver/Src/stm32l4xx_ll_usb.o
                0x000000000800c120                USB_CoreInit
 .text.USB_EnableGlobalInt
                0x000000000800c1c4       0x22 Drivers/STM32L4xx_HAL_Driver/Src/stm32l4xx_ll_usb.o
                0x000000000800c1c4                USB_EnableGlobalInt
 .text.USB_DisableGlobalInt
                0x000000000800c1e6       0x22 Drivers/STM32L4xx_HAL_Driver/Src/stm32l4xx_ll_usb.o
                0x000000000800c1e6                USB_DisableGlobalInt
 .text.USB_SetCurrentMode
                0x000000000800c208       0x54 Drivers/STM32L4xx_HAL_Driver/Src/stm32l4xx_ll_usb.o
                0x000000000800c208                USB_SetCurrentMode
 .text.USB_FlushTxFifo
                0x000000000800c25c       0x4c Drivers/STM32L4xx_HAL_Driver/Src/stm32l4xx_ll_usb.o
                0x000000000800c25c                USB_FlushTxFifo
 .text.USB_FlushRxFifo
                0x000000000800c2a8       0x44 Drivers/STM32L4xx_HAL_Driver/Src/stm32l4xx_ll_usb.o
                0x000000000800c2a8                USB_FlushRxFifo
 .text.USB_WritePacket
                0x000000000800c2ec       0x62 Drivers/STM32L4xx_HAL_Driver/Src/stm32l4xx_ll_usb.o
                0x000000000800c2ec                USB_WritePacket
 .text.USB_ReadPacket
                0x000000000800c34e       0x52 Drivers/STM32L4xx_HAL_Driver/Src/stm32l4xx_ll_usb.o
                0x000000000800c34e                USB_ReadPacket
 .text.USB_ReadInterrupts
                0x000000000800c3a0       0x26 Drivers/STM32L4xx_HAL_Driver/Src/stm32l4xx_ll_usb.o
                0x000000000800c3a0                USB_ReadInterrupts
 .text.USB_GetMode
                0x000000000800c3c6       0x1c Drivers/STM32L4xx_HAL_Driver/Src/stm32l4xx_ll_usb.o
                0x000000000800c3c6                USB_GetMode
 *fill*         0x000000000800c3e2        0x2 
 .text.USB_CoreReset
                0x000000000800c3e4       0x68 Drivers/STM32L4xx_HAL_Driver/Src/stm32l4xx_ll_usb.o
 .text.USB_HostInit
                0x000000000800c44c       0xfc Drivers/STM32L4xx_HAL_Driver/Src/stm32l4xx_ll_usb.o
                0x000000000800c44c                USB_HostInit
 .text.USB_InitFSLSPClkSel
                0x000000000800c548       0x74 Drivers/STM32L4xx_HAL_Driver/Src/stm32l4xx_ll_usb.o
                0x000000000800c548                USB_InitFSLSPClkSel
 .text.USB_DriveVbus
                0x000000000800c5bc       0x72 Drivers/STM32L4xx_HAL_Driver/Src/stm32l4xx_ll_usb.o
                0x000000000800c5bc                USB_DriveVbus
 .text.USB_GetCurrentFrame
                0x000000000800c62e       0x22 Drivers/STM32L4xx_HAL_Driver/Src/stm32l4xx_ll_usb.o
                0x000000000800c62e                USB_GetCurrentFrame
 .text.USB_HC_Init
                0x000000000800c650      0x1e4 Drivers/STM32L4xx_HAL_Driver/Src/stm32l4xx_ll_usb.o
                0x000000000800c650                USB_HC_Init
 .text.USB_HC_StartXfer
                0x000000000800c834      0x200 Drivers/STM32L4xx_HAL_Driver/Src/stm32l4xx_ll_usb.o
                0x000000000800c834                USB_HC_StartXfer
 .text.USB_HC_ReadInterrupt
                0x000000000800ca34       0x22 Drivers/STM32L4xx_HAL_Driver/Src/stm32l4xx_ll_usb.o
                0x000000000800ca34                USB_HC_ReadInterrupt
 .text.USB_HC_Halt
                0x000000000800ca56      0x1fe Drivers/STM32L4xx_HAL_Driver/Src/stm32l4xx_ll_usb.o
                0x000000000800ca56                USB_HC_Halt
 .text.USB_StopHost
                0x000000000800cc54      0x10c Drivers/STM32L4xx_HAL_Driver/Src/stm32l4xx_ll_usb.o
                0x000000000800cc54                USB_StopHost
 .text.USBH_CDC_InterfaceInit
                0x000000000800cd60      0x2ac Middlewares/ST/STM32_USB_Host_Library/Class/CDC/Src/usbh_cdc.o
 .text.USBH_CDC_InterfaceDeInit
                0x000000000800d00c       0xb2 Middlewares/ST/STM32_USB_Host_Library/Class/CDC/Src/usbh_cdc.o
 .text.USBH_CDC_ClassRequest
                0x000000000800d0be       0x3e Middlewares/ST/STM32_USB_Host_Library/Class/CDC/Src/usbh_cdc.o
 .text.USBH_CDC_Process
                0x000000000800d0fc      0x12c Middlewares/ST/STM32_USB_Host_Library/Class/CDC/Src/usbh_cdc.o
 .text.USBH_CDC_SOFProcess
                0x000000000800d228       0x16 Middlewares/ST/STM32_USB_Host_Library/Class/CDC/Src/usbh_cdc.o
 .text.GetLineCoding
                0x000000000800d23e       0x3e Middlewares/ST/STM32_USB_Host_Library/Class/CDC/Src/usbh_cdc.o
 .text.SetLineCoding
                0x000000000800d27c       0x3e Middlewares/ST/STM32_USB_Host_Library/Class/CDC/Src/usbh_cdc.o
 .text.CDC_ProcessTransmission
                0x000000000800d2ba       0xf0 Middlewares/ST/STM32_USB_Host_Library/Class/CDC/Src/usbh_cdc.o
 .text.CDC_ProcessReception
                0x000000000800d3aa       0xb6 Middlewares/ST/STM32_USB_Host_Library/Class/CDC/Src/usbh_cdc.o
 .text.USBH_CDC_TransmitCallback
                0x000000000800d460       0x14 Middlewares/ST/STM32_USB_Host_Library/Class/CDC/Src/usbh_cdc.o
                0x000000000800d460                USBH_CDC_TransmitCallback
 .text.USBH_CDC_ReceiveCallback
                0x000000000800d474       0x14 Middlewares/ST/STM32_USB_Host_Library/Class/CDC/Src/usbh_cdc.o
                0x000000000800d474                USBH_CDC_ReceiveCallback
 .text.USBH_CDC_LineCodingChanged
                0x000000000800d488       0x14 Middlewares/ST/STM32_USB_Host_Library/Class/CDC/Src/usbh_cdc.o
                0x000000000800d488                USBH_CDC_LineCodingChanged
 .text.USBH_Init
                0x000000000800d49c       0x74 Middlewares/ST/STM32_USB_Host_Library/Core/Src/usbh_core.o
                0x000000000800d49c                USBH_Init
 .text.DeInitStateMachine
                0x000000000800d510       0xa8 Middlewares/ST/STM32_USB_Host_Library/Core/Src/usbh_core.o
 .text.USBH_RegisterClass
                0x000000000800d5b8       0x54 Middlewares/ST/STM32_USB_Host_Library/Core/Src/usbh_core.o
                0x000000000800d5b8                USBH_RegisterClass
 .text.USBH_SelectInterface
                0x000000000800d60c       0x38 Middlewares/ST/STM32_USB_Host_Library/Core/Src/usbh_core.o
                0x000000000800d60c                USBH_SelectInterface
 .text.USBH_FindInterface
                0x000000000800d644       0x8c Middlewares/ST/STM32_USB_Host_Library/Core/Src/usbh_core.o
                0x000000000800d644                USBH_FindInterface
 .text.USBH_Start
                0x000000000800d6d0       0x20 Middlewares/ST/STM32_USB_Host_Library/Core/Src/usbh_core.o
                0x000000000800d6d0                USBH_Start
 .text.USBH_LL_SetTimer
                0x000000000800d6f0       0x1e Middlewares/ST/STM32_USB_Host_Library/Core/Src/usbh_core.o
                0x000000000800d6f0                USBH_LL_SetTimer
 .text.USBH_LL_IncTimer
                0x000000000800d70e       0x24 Middlewares/ST/STM32_USB_Host_Library/Core/Src/usbh_core.o
                0x000000000800d70e                USBH_LL_IncTimer
 .text.USBH_HandleSof
                0x000000000800d732       0x30 Middlewares/ST/STM32_USB_Host_Library/Core/Src/usbh_core.o
 .text.USBH_LL_PortEnabled
                0x000000000800d762       0x1c Middlewares/ST/STM32_USB_Host_Library/Core/Src/usbh_core.o
                0x000000000800d762                USBH_LL_PortEnabled
 .text.USBH_LL_PortDisabled
                0x000000000800d77e       0x1c Middlewares/ST/STM32_USB_Host_Library/Core/Src/usbh_core.o
                0x000000000800d77e                USBH_LL_PortDisabled
 .text.USBH_LL_Connect
                0x000000000800d79a       0x2e Middlewares/ST/STM32_USB_Host_Library/Core/Src/usbh_core.o
                0x000000000800d79a                USBH_LL_Connect
 .text.USBH_LL_Disconnect
                0x000000000800d7c8       0x48 Middlewares/ST/STM32_USB_Host_Library/Core/Src/usbh_core.o
                0x000000000800d7c8                USBH_LL_Disconnect
 .text.USBH_ClrFeature
                0x000000000800d810       0x48 Middlewares/ST/STM32_USB_Host_Library/Core/Src/usbh_ctlreq.o
                0x000000000800d810                USBH_ClrFeature
 .text.USBH_CtlReq
                0x000000000800d858       0x7a Middlewares/ST/STM32_USB_Host_Library/Core/Src/usbh_ctlreq.o
                0x000000000800d858                USBH_CtlReq
 *fill*         0x000000000800d8d2        0x2 
 .text.USBH_HandleControl
                0x000000000800d8d4      0x2ec Middlewares/ST/STM32_USB_Host_Library/Core/Src/usbh_ctlreq.o
 .text.USBH_CtlSendSetup
                0x000000000800dbc0       0x34 Middlewares/ST/STM32_USB_Host_Library/Core/Src/usbh_ioreq.o
                0x000000000800dbc0                USBH_CtlSendSetup
 .text.USBH_CtlSendData
                0x000000000800dbf4       0x4a Middlewares/ST/STM32_USB_Host_Library/Core/Src/usbh_ioreq.o
                0x000000000800dbf4                USBH_CtlSendData
 .text.USBH_CtlReceiveData
                0x000000000800dc3e       0x3c Middlewares/ST/STM32_USB_Host_Library/Core/Src/usbh_ioreq.o
                0x000000000800dc3e                USBH_CtlReceiveData
 .text.USBH_BulkSendData
                0x000000000800dc7a       0x4a Middlewares/ST/STM32_USB_Host_Library/Core/Src/usbh_ioreq.o
                0x000000000800dc7a                USBH_BulkSendData
 .text.USBH_BulkReceiveData
                0x000000000800dcc4       0x3c Middlewares/ST/STM32_USB_Host_Library/Core/Src/usbh_ioreq.o
                0x000000000800dcc4                USBH_BulkReceiveData
 .text.USBH_OpenPipe
                0x000000000800dd00       0x3e Middlewares/ST/STM32_USB_Host_Library/Core/Src/usbh_pipes.o
                0x000000000800dd00                USBH_OpenPipe
 .text.USBH_ClosePipe
                0x000000000800dd3e       0x20 Middlewares/ST/STM32_USB_Host_Library/Core/Src/usbh_pipes.o
                0x000000000800dd3e                USBH_ClosePipe
 .text.USBH_AllocPipe
                0x000000000800dd5e       0x42 Middlewares/ST/STM32_USB_Host_Library/Core/Src/usbh_pipes.o
                0x000000000800dd5e                USBH_AllocPipe
 .text.USBH_FreePipe
                0x000000000800dda0       0x3c Middlewares/ST/STM32_USB_Host_Library/Core/Src/usbh_pipes.o
                0x000000000800dda0                USBH_FreePipe
 .text.USBH_GetFreePipe
                0x000000000800dddc       0x48 Middlewares/ST/STM32_USB_Host_Library/Core/Src/usbh_pipes.o
 .text.MX_USB_HOST_Init
                0x000000000800de24       0x4c USB_HOST/App/usb_host.o
                0x000000000800de24                MX_USB_HOST_Init
 .text.USBH_UserProcess
                0x000000000800de70       0x5c USB_HOST/App/usb_host.o
 .text.HAL_HCD_MspInit
                0x000000000800decc       0xcc USB_HOST/Target/usbh_conf.o
                0x000000000800decc                HAL_HCD_MspInit
 .text.HAL_HCD_SOF_Callback
                0x000000000800df98       0x1c USB_HOST/Target/usbh_conf.o
                0x000000000800df98                HAL_HCD_SOF_Callback
 .text.HAL_HCD_Connect_Callback
                0x000000000800dfb4       0x1c USB_HOST/Target/usbh_conf.o
                0x000000000800dfb4                HAL_HCD_Connect_Callback
 .text.HAL_HCD_Disconnect_Callback
                0x000000000800dfd0       0x1c USB_HOST/Target/usbh_conf.o
                0x000000000800dfd0                HAL_HCD_Disconnect_Callback
 .text.HAL_HCD_HC_NotifyURBChange_Callback
                0x000000000800dfec       0x1c USB_HOST/Target/usbh_conf.o
                0x000000000800dfec                HAL_HCD_HC_NotifyURBChange_Callback
 .text.HAL_HCD_PortEnabled_Callback
                0x000000000800e008       0x1c USB_HOST/Target/usbh_conf.o
                0x000000000800e008                HAL_HCD_PortEnabled_Callback
 .text.HAL_HCD_PortDisabled_Callback
                0x000000000800e024       0x1c USB_HOST/Target/usbh_conf.o
                0x000000000800e024                HAL_HCD_PortDisabled_Callback
 .text.USBH_LL_Init
                0x000000000800e040       0x78 USB_HOST/Target/usbh_conf.o
                0x000000000800e040                USBH_LL_Init
 .text.USBH_LL_Start
                0x000000000800e0b8       0x36 USB_HOST/Target/usbh_conf.o
                0x000000000800e0b8                USBH_LL_Start
 .text.USBH_LL_Stop
                0x000000000800e0ee       0x36 USB_HOST/Target/usbh_conf.o
                0x000000000800e0ee                USBH_LL_Stop
 .text.USBH_LL_GetLastXferSize
                0x000000000800e124       0x26 USB_HOST/Target/usbh_conf.o
                0x000000000800e124                USBH_LL_GetLastXferSize
 .text.USBH_LL_OpenPipe
                0x000000000800e14a       0x5e USB_HOST/Target/usbh_conf.o
                0x000000000800e14a                USBH_LL_OpenPipe
 .text.USBH_LL_ClosePipe
                0x000000000800e1a8       0x3e USB_HOST/Target/usbh_conf.o
                0x000000000800e1a8                USBH_LL_ClosePipe
 .text.USBH_LL_SubmitURB
                0x000000000800e1e6       0x62 USB_HOST/Target/usbh_conf.o
                0x000000000800e1e6                USBH_LL_SubmitURB
 .text.USBH_LL_GetURBState
                0x000000000800e248       0x26 USB_HOST/Target/usbh_conf.o
                0x000000000800e248                USBH_LL_GetURBState
 .text.USBH_LL_DriverVBUS
                0x000000000800e26e       0x2e USB_HOST/Target/usbh_conf.o
                0x000000000800e26e                USBH_LL_DriverVBUS
 .text.USBH_LL_SetToggle
                0x000000000800e29c       0x66 USB_HOST/Target/usbh_conf.o
                0x000000000800e29c                USBH_LL_SetToggle
 *fill*         0x000000000800e302        0x2 
 .text.USBH_Get_USB_Status
                0x000000000800e304       0x58 USB_HOST/Target/usbh_conf.o
                0x000000000800e304                USBH_Get_USB_Status
 .text.MX_DriverVbusFS
                0x000000000800e35c       0x38 USB_HOST/Target/usbh_platform.o
                0x000000000800e35c                MX_DriverVbusFS
 .text.__errno  0x000000000800e394        0xc c:/st/stm32cubeide_1.4.0/stm32cubeide/plugins/com.st.stm32cube.ide.mcu.externaltools.gnu-tools-for-stm32.7-2018-q2-update.win32_1.4.0.202007081208/tools/bin/../lib/gcc/arm-none-eabi/7.3.1/../../../../arm-none-eabi/lib/thumb/v7e-m/fpv4-sp/hard\libc_nano.a(lib_a-errno.o)
                0x000000000800e394                __errno
 .text.__libc_init_array
                0x000000000800e3a0       0x48 c:/st/stm32cubeide_1.4.0/stm32cubeide/plugins/com.st.stm32cube.ide.mcu.externaltools.gnu-tools-for-stm32.7-2018-q2-update.win32_1.4.0.202007081208/tools/bin/../lib/gcc/arm-none-eabi/7.3.1/../../../../arm-none-eabi/lib/thumb/v7e-m/fpv4-sp/hard\libc_nano.a(lib_a-init.o)
                0x000000000800e3a0                __libc_init_array
 .text.malloc   0x000000000800e3e8       0x10 c:/st/stm32cubeide_1.4.0/stm32cubeide/plugins/com.st.stm32cube.ide.mcu.externaltools.gnu-tools-for-stm32.7-2018-q2-update.win32_1.4.0.202007081208/tools/bin/../lib/gcc/arm-none-eabi/7.3.1/../../../../arm-none-eabi/lib/thumb/v7e-m/fpv4-sp/hard\libc_nano.a(lib_a-malloc.o)
                0x000000000800e3e8                malloc
 .text.free     0x000000000800e3f8       0x10 c:/st/stm32cubeide_1.4.0/stm32cubeide/plugins/com.st.stm32cube.ide.mcu.externaltools.gnu-tools-for-stm32.7-2018-q2-update.win32_1.4.0.202007081208/tools/bin/../lib/gcc/arm-none-eabi/7.3.1/../../../../arm-none-eabi/lib/thumb/v7e-m/fpv4-sp/hard\libc_nano.a(lib_a-malloc.o)
                0x000000000800e3f8                free
 .text.memset   0x000000000800e408       0x10 c:/st/stm32cubeide_1.4.0/stm32cubeide/plugins/com.st.stm32cube.ide.mcu.externaltools.gnu-tools-for-stm32.7-2018-q2-update.win32_1.4.0.202007081208/tools/bin/../lib/gcc/arm-none-eabi/7.3.1/../../../../arm-none-eabi/lib/thumb/v7e-m/fpv4-sp/hard\libc_nano.a(lib_a-memset.o)
                0x000000000800e408                memset
 .text._free_r  0x000000000800e418       0x9c c:/st/stm32cubeide_1.4.0/stm32cubeide/plugins/com.st.stm32cube.ide.mcu.externaltools.gnu-tools-for-stm32.7-2018-q2-update.win32_1.4.0.202007081208/tools/bin/../lib/gcc/arm-none-eabi/7.3.1/../../../../arm-none-eabi/lib/thumb/v7e-m/fpv4-sp/hard\libc_nano.a(lib_a-nano-freer.o)
                0x000000000800e418                _free_r
 .text._malloc_r
                0x000000000800e4b4       0xb4 c:/st/stm32cubeide_1.4.0/stm32cubeide/plugins/com.st.stm32cube.ide.mcu.externaltools.gnu-tools-for-stm32.7-2018-q2-update.win32_1.4.0.202007081208/tools/bin/../lib/gcc/arm-none-eabi/7.3.1/../../../../arm-none-eabi/lib/thumb/v7e-m/fpv4-sp/hard\libc_nano.a(lib_a-nano-mallocr.o)
                0x000000000800e4b4                _malloc_r
 .text._sbrk_r  0x000000000800e568       0x20 c:/st/stm32cubeide_1.4.0/stm32cubeide/plugins/com.st.stm32cube.ide.mcu.externaltools.gnu-tools-for-stm32.7-2018-q2-update.win32_1.4.0.202007081208/tools/bin/../lib/gcc/arm-none-eabi/7.3.1/../../../../arm-none-eabi/lib/thumb/v7e-m/fpv4-sp/hard\libc_nano.a(lib_a-sbrkr.o)
                0x000000000800e568                _sbrk_r
 .text.sprintf  0x000000000800e588       0x40 c:/st/stm32cubeide_1.4.0/stm32cubeide/plugins/com.st.stm32cube.ide.mcu.externaltools.gnu-tools-for-stm32.7-2018-q2-update.win32_1.4.0.202007081208/tools/bin/../lib/gcc/arm-none-eabi/7.3.1/../../../../arm-none-eabi/lib/thumb/v7e-m/fpv4-sp/hard\libc_nano.a(lib_a-sprintf.o)
                0x000000000800e588                siprintf
                0x000000000800e588                sprintf
 .text.__malloc_lock
                0x000000000800e5c8        0x2 c:/st/stm32cubeide_1.4.0/stm32cubeide/plugins/com.st.stm32cube.ide.mcu.externaltools.gnu-tools-for-stm32.7-2018-q2-update.win32_1.4.0.202007081208/tools/bin/../lib/gcc/arm-none-eabi/7.3.1/../../../../arm-none-eabi/lib/thumb/v7e-m/fpv4-sp/hard\libc_nano.a(lib_a-mlock.o)
                0x000000000800e5c8                __malloc_lock
 .text.__malloc_unlock
                0x000000000800e5ca        0x2 c:/st/stm32cubeide_1.4.0/stm32cubeide/plugins/com.st.stm32cube.ide.mcu.externaltools.gnu-tools-for-stm32.7-2018-q2-update.win32_1.4.0.202007081208/tools/bin/../lib/gcc/arm-none-eabi/7.3.1/../../../../arm-none-eabi/lib/thumb/v7e-m/fpv4-sp/hard\libc_nano.a(lib_a-mlock.o)
                0x000000000800e5ca                __malloc_unlock
 .text.__ssputs_r
                0x000000000800e5cc       0xb4 c:/st/stm32cubeide_1.4.0/stm32cubeide/plugins/com.st.stm32cube.ide.mcu.externaltools.gnu-tools-for-stm32.7-2018-q2-update.win32_1.4.0.202007081208/tools/bin/../lib/gcc/arm-none-eabi/7.3.1/../../../../arm-none-eabi/lib/thumb/v7e-m/fpv4-sp/hard\libc_nano.a(lib_a-nano-svfprintf.o)
                0x000000000800e5cc                __ssputs_r
 .text._svfprintf_r
                0x000000000800e680      0x1f0 c:/st/stm32cubeide_1.4.0/stm32cubeide/plugins/com.st.stm32cube.ide.mcu.externaltools.gnu-tools-for-stm32.7-2018-q2-update.win32_1.4.0.202007081208/tools/bin/../lib/gcc/arm-none-eabi/7.3.1/../../../../arm-none-eabi/lib/thumb/v7e-m/fpv4-sp/hard\libc_nano.a(lib_a-nano-svfprintf.o)
                0x000000000800e680                _svfiprintf_r
                0x000000000800e680                _svfprintf_r
 .text._printf_common
                0x000000000800e870       0xea c:/st/stm32cubeide_1.4.0/stm32cubeide/plugins/com.st.stm32cube.ide.mcu.externaltools.gnu-tools-for-stm32.7-2018-q2-update.win32_1.4.0.202007081208/tools/bin/../lib/gcc/arm-none-eabi/7.3.1/../../../../arm-none-eabi/lib/thumb/v7e-m/fpv4-sp/hard\libc_nano.a(lib_a-nano-vfprintf_i.o)
                0x000000000800e870                _printf_common
 *fill*         0x000000000800e95a        0x2 
 .text._printf_i
                0x000000000800e95c      0x224 c:/st/stm32cubeide_1.4.0/stm32cubeide/plugins/com.st.stm32cube.ide.mcu.externaltools.gnu-tools-for-stm32.7-2018-q2-update.win32_1.4.0.202007081208/tools/bin/../lib/gcc/arm-none-eabi/7.3.1/../../../../arm-none-eabi/lib/thumb/v7e-m/fpv4-sp/hard\libc_nano.a(lib_a-nano-vfprintf_i.o)
                0x000000000800e95c                _printf_i
 .text.memcpy   0x000000000800eb80       0x16 c:/st/stm32cubeide_1.4.0/stm32cubeide/plugins/com.st.stm32cube.ide.mcu.externaltools.gnu-tools-for-stm32.7-2018-q2-update.win32_1.4.0.202007081208/tools/bin/../lib/gcc/arm-none-eabi/7.3.1/../../../../arm-none-eabi/lib/thumb/v7e-m/fpv4-sp/hard\libc_nano.a(lib_a-memcpy-stub.o)
                0x000000000800eb80                memcpy
 .text.memmove  0x000000000800eb96       0x32 c:/st/stm32cubeide_1.4.0/stm32cubeide/plugins/com.st.stm32cube.ide.mcu.externaltools.gnu-tools-for-stm32.7-2018-q2-update.win32_1.4.0.202007081208/tools/bin/../lib/gcc/arm-none-eabi/7.3.1/../../../../arm-none-eabi/lib/thumb/v7e-m/fpv4-sp/hard\libc_nano.a(lib_a-memmove.o)
                0x000000000800eb96                memmove
 .text._realloc_r
                0x000000000800ebc8       0x4c c:/st/stm32cubeide_1.4.0/stm32cubeide/plugins/com.st.stm32cube.ide.mcu.externaltools.gnu-tools-for-stm32.7-2018-q2-update.win32_1.4.0.202007081208/tools/bin/../lib/gcc/arm-none-eabi/7.3.1/../../../../arm-none-eabi/lib/thumb/v7e-m/fpv4-sp/hard\libc_nano.a(lib_a-nano-reallocr.o)
                0x000000000800ebc8                _realloc_r
 .text._malloc_usable_size_r
                0x000000000800ec14       0x10 c:/st/stm32cubeide_1.4.0/stm32cubeide/plugins/com.st.stm32cube.ide.mcu.externaltools.gnu-tools-for-stm32.7-2018-q2-update.win32_1.4.0.202007081208/tools/bin/../lib/gcc/arm-none-eabi/7.3.1/../../../../arm-none-eabi/lib/thumb/v7e-m/fpv4-sp/hard\libc_nano.a(lib_a-nano-msizer.o)
                0x000000000800ec14                _malloc_usable_size_r
 *(.glue_7)
 .glue_7        0x000000000800ec24        0x0 linker stubs
 *(.glue_7t)
 .glue_7t       0x000000000800ec24        0x0 linker stubs
 *(.eh_frame)
 .eh_frame      0x000000000800ec24        0x0 c:/st/stm32cubeide_1.4.0/stm32cubeide/plugins/com.st.stm32cube.ide.mcu.externaltools.gnu-tools-for-stm32.7-2018-q2-update.win32_1.4.0.202007081208/tools/bin/../lib/gcc/arm-none-eabi/7.3.1/thumb/v7e-m/fpv4-sp/hard/crtbegin.o
 *(.init)
 .init          0x000000000800ec24        0x4 c:/st/stm32cubeide_1.4.0/stm32cubeide/plugins/com.st.stm32cube.ide.mcu.externaltools.gnu-tools-for-stm32.7-2018-q2-update.win32_1.4.0.202007081208/tools/bin/../lib/gcc/arm-none-eabi/7.3.1/thumb/v7e-m/fpv4-sp/hard/crti.o
                0x000000000800ec24                _init
 .init          0x000000000800ec28        0x8 c:/st/stm32cubeide_1.4.0/stm32cubeide/plugins/com.st.stm32cube.ide.mcu.externaltools.gnu-tools-for-stm32.7-2018-q2-update.win32_1.4.0.202007081208/tools/bin/../lib/gcc/arm-none-eabi/7.3.1/thumb/v7e-m/fpv4-sp/hard/crtn.o
 *(.fini)
 .fini          0x000000000800ec30        0x4 c:/st/stm32cubeide_1.4.0/stm32cubeide/plugins/com.st.stm32cube.ide.mcu.externaltools.gnu-tools-for-stm32.7-2018-q2-update.win32_1.4.0.202007081208/tools/bin/../lib/gcc/arm-none-eabi/7.3.1/thumb/v7e-m/fpv4-sp/hard/crti.o
                0x000000000800ec30                _fini
 .fini          0x000000000800ec34        0x8 c:/st/stm32cubeide_1.4.0/stm32cubeide/plugins/com.st.stm32cube.ide.mcu.externaltools.gnu-tools-for-stm32.7-2018-q2-update.win32_1.4.0.202007081208/tools/bin/../lib/gcc/arm-none-eabi/7.3.1/thumb/v7e-m/fpv4-sp/hard/crtn.o
                0x000000000800ec3c                . = ALIGN (0x4)
                0x000000000800ec3c                _etext = .

.vfp11_veneer   0x000000000800ec3c        0x0
 .vfp11_veneer  0x000000000800ec3c        0x0 linker stubs

.v4_bx          0x000000000800ec3c        0x0
 .v4_bx         0x000000000800ec3c        0x0 linker stubs

.iplt           0x000000000800ec3c        0x0
 .iplt          0x000000000800ec3c        0x0 c:/st/stm32cubeide_1.4.0/stm32cubeide/plugins/com.st.stm32cube.ide.mcu.externaltools.gnu-tools-for-stm32.7-2018-q2-update.win32_1.4.0.202007081208/tools/bin/../lib/gcc/arm-none-eabi/7.3.1/thumb/v7e-m/fpv4-sp/hard/crtbegin.o

.rodata         0x000000000800ec3c      0x160
                0x000000000800ec3c                . = ALIGN (0x4)
 *(.rodata)
 .rodata        0x000000000800ec3c       0x88 Core/Src/main.o
 .rodata        0x000000000800ecc4        0x4 Middlewares/ST/STM32_USB_Host_Library/Class/CDC/Src/usbh_cdc.o
 *(.rodata*)
 .rodata.LED_PIN
                0x000000000800ecc8        0x4 Core/Src/stm32l476g_discovery.o
                0x000000000800ecc8                LED_PIN
 .rodata.JOY_PIN
                0x000000000800eccc        0xa Core/Src/stm32l476g_discovery.o
                0x000000000800eccc                JOY_PIN
 *fill*         0x000000000800ecd6        0x2 
 .rodata.CapLetterMap
                0x000000000800ecd8       0x34 Core/Src/stm32l476g_discovery_glass_lcd.o
                0x000000000800ecd8                CapLetterMap
 .rodata.NumberMap
                0x000000000800ed0c       0x14 Core/Src/stm32l476g_discovery_glass_lcd.o
                0x000000000800ed0c                NumberMap
 .rodata.AHBPrescTable
                0x000000000800ed20       0x10 Core/Src/system_stm32l4xx.o
                0x000000000800ed20                AHBPrescTable
 .rodata.APBPrescTable
                0x000000000800ed30        0x8 Core/Src/system_stm32l4xx.o
                0x000000000800ed30                APBPrescTable
 .rodata.MSIRangeTable
                0x000000000800ed38       0x30 Core/Src/system_stm32l4xx.o
                0x000000000800ed38                MSIRangeTable
 .rodata._svfprintf_r.str1.1
                0x000000000800ed68       0x11 c:/st/stm32cubeide_1.4.0/stm32cubeide/plugins/com.st.stm32cube.ide.mcu.externaltools.gnu-tools-for-stm32.7-2018-q2-update.win32_1.4.0.202007081208/tools/bin/../lib/gcc/arm-none-eabi/7.3.1/../../../../arm-none-eabi/lib/thumb/v7e-m/fpv4-sp/hard\libc_nano.a(lib_a-nano-svfprintf.o)
 .rodata._printf_i.str1.1
                0x000000000800ed79       0x22 c:/st/stm32cubeide_1.4.0/stm32cubeide/plugins/com.st.stm32cube.ide.mcu.externaltools.gnu-tools-for-stm32.7-2018-q2-update.win32_1.4.0.202007081208/tools/bin/../lib/gcc/arm-none-eabi/7.3.1/../../../../arm-none-eabi/lib/thumb/v7e-m/fpv4-sp/hard\libc_nano.a(lib_a-nano-vfprintf_i.o)
                0x000000000800ed9c                . = ALIGN (0x4)
 *fill*         0x000000000800ed9b        0x1 

.ARM.extab      0x000000000800ed9c        0x0
                0x000000000800ed9c                . = ALIGN (0x4)
 *(.ARM.extab* .gnu.linkonce.armextab.*)
                0x000000000800ed9c                . = ALIGN (0x4)

.ARM            0x000000000800ed9c        0x8
                0x000000000800ed9c                . = ALIGN (0x4)
                0x000000000800ed9c                __exidx_start = .
 *(.ARM.exidx*)
 .ARM.exidx     0x000000000800ed9c        0x8 c:/st/stm32cubeide_1.4.0/stm32cubeide/plugins/com.st.stm32cube.ide.mcu.externaltools.gnu-tools-for-stm32.7-2018-q2-update.win32_1.4.0.202007081208/tools/bin/../lib/gcc/arm-none-eabi/7.3.1/thumb/v7e-m/fpv4-sp/hard\libgcc.a(_udivmoddi4.o)
                0x000000000800eda4                __exidx_end = .
                0x000000000800eda4                . = ALIGN (0x4)

.rel.dyn        0x000000000800eda4        0x0
 .rel.iplt      0x000000000800eda4        0x0 c:/st/stm32cubeide_1.4.0/stm32cubeide/plugins/com.st.stm32cube.ide.mcu.externaltools.gnu-tools-for-stm32.7-2018-q2-update.win32_1.4.0.202007081208/tools/bin/../lib/gcc/arm-none-eabi/7.3.1/thumb/v7e-m/fpv4-sp/hard/crtbegin.o

.preinit_array  0x000000000800eda4        0x0
                0x000000000800eda4                . = ALIGN (0x4)
                0x000000000800eda4                PROVIDE (__preinit_array_start = .)
 *(.preinit_array*)
                0x000000000800eda4                PROVIDE (__preinit_array_end = .)
                0x000000000800eda4                . = ALIGN (0x4)

.init_array     0x000000000800eda4        0x4
                0x000000000800eda4                . = ALIGN (0x4)
                0x000000000800eda4                PROVIDE (__init_array_start = .)
 *(SORT_BY_NAME(.init_array.*))
 *(.init_array*)
 .init_array    0x000000000800eda4        0x4 c:/st/stm32cubeide_1.4.0/stm32cubeide/plugins/com.st.stm32cube.ide.mcu.externaltools.gnu-tools-for-stm32.7-2018-q2-update.win32_1.4.0.202007081208/tools/bin/../lib/gcc/arm-none-eabi/7.3.1/thumb/v7e-m/fpv4-sp/hard/crtbegin.o
                0x000000000800eda8                PROVIDE (__init_array_end = .)
                0x000000000800eda8                . = ALIGN (0x4)

.fini_array     0x000000000800eda8        0x4
                0x000000000800eda8                . = ALIGN (0x4)
                [!provide]                        PROVIDE (__fini_array_start = .)
 *(SORT_BY_NAME(.fini_array.*))
 *(.fini_array*)
 .fini_array    0x000000000800eda8        0x4 c:/st/stm32cubeide_1.4.0/stm32cubeide/plugins/com.st.stm32cube.ide.mcu.externaltools.gnu-tools-for-stm32.7-2018-q2-update.win32_1.4.0.202007081208/tools/bin/../lib/gcc/arm-none-eabi/7.3.1/thumb/v7e-m/fpv4-sp/hard/crtbegin.o
                [!provide]                        PROVIDE (__fini_array_end = .)
                0x000000000800edac                . = ALIGN (0x4)
                0x000000000800edac                _sidata = LOADADDR (.data)

.data           0x0000000020000000       0xe8 load address 0x000000000800edac
                0x0000000020000000                . = ALIGN (0x4)
                0x0000000020000000                _sdata = .
 *(.data)
 *(.data*)
 .data.cs43l22_drv
                0x0000000020000000       0x30 Core/Src/cs43l22.o
                0x0000000020000000                cs43l22_drv
 .data.Is_cs43l22_Stop
                0x0000000020000030        0x1 Core/Src/cs43l22.o
 *fill*         0x0000000020000031        0x3 
 .data.tryb     0x0000000020000034        0x4 Core/Src/main.o
                0x0000000020000034                tryb
 .data.LED_PORT
                0x0000000020000038        0x8 Core/Src/stm32l476g_discovery.o
                0x0000000020000038                LED_PORT
 .data.JOY_PORT
                0x0000000020000040       0x14 Core/Src/stm32l476g_discovery.o
                0x0000000020000040                JOY_PORT
 .data.I2c1Timeout
                0x0000000020000054        0x4 Core/Src/stm32l476g_discovery.o
                0x0000000020000054                I2c1Timeout
 .data.SystemCoreClock
                0x0000000020000058        0x4 Core/Src/system_stm32l4xx.o
                0x0000000020000058                SystemCoreClock
 .data.uwTickPrio
                0x000000002000005c        0x4 Drivers/STM32L4xx_HAL_Driver/Src/stm32l4xx_hal.o
                0x000000002000005c                uwTickPrio
 .data.uwTickFreq
                0x0000000020000060        0x1 Drivers/STM32L4xx_HAL_Driver/Src/stm32l4xx_hal.o
                0x0000000020000060                uwTickFreq
 *fill*         0x0000000020000061        0x3 
 .data.CDC_Class
                0x0000000020000064       0x20 Middlewares/ST/STM32_USB_Host_Library/Class/CDC/Src/usbh_cdc.o
                0x0000000020000064                CDC_Class
 .data._impure_ptr
                0x0000000020000084        0x4 c:/st/stm32cubeide_1.4.0/stm32cubeide/plugins/com.st.stm32cube.ide.mcu.externaltools.gnu-tools-for-stm32.7-2018-q2-update.win32_1.4.0.202007081208/tools/bin/../lib/gcc/arm-none-eabi/7.3.1/../../../../arm-none-eabi/lib/thumb/v7e-m/fpv4-sp/hard\libc_nano.a(lib_a-impure.o)
                0x0000000020000084                _impure_ptr
 .data.impure_data
                0x0000000020000088       0x60 c:/st/stm32cubeide_1.4.0/stm32cubeide/plugins/com.st.stm32cube.ide.mcu.externaltools.gnu-tools-for-stm32.7-2018-q2-update.win32_1.4.0.202007081208/tools/bin/../lib/gcc/arm-none-eabi/7.3.1/../../../../arm-none-eabi/lib/thumb/v7e-m/fpv4-sp/hard\libc_nano.a(lib_a-impure.o)
                0x00000000200000e8                . = ALIGN (0x4)
                0x00000000200000e8                _edata = .

.igot.plt       0x00000000200000e8        0x0 load address 0x000000000800ee94
 .igot.plt      0x00000000200000e8        0x0 c:/st/stm32cubeide_1.4.0/stm32cubeide/plugins/com.st.stm32cube.ide.mcu.externaltools.gnu-tools-for-stm32.7-2018-q2-update.win32_1.4.0.202007081208/tools/bin/../lib/gcc/arm-none-eabi/7.3.1/thumb/v7e-m/fpv4-sp/hard/crtbegin.o
                0x00000000200000e8                . = ALIGN (0x4)

.bss            0x00000000200000e8     0x6ba8 load address 0x000000000800ee94
                0x00000000200000e8                _sbss = .
                0x00000000200000e8                __bss_start__ = _sbss
 *(.bss)
 .bss           0x00000000200000e8       0x1c c:/st/stm32cubeide_1.4.0/stm32cubeide/plugins/com.st.stm32cube.ide.mcu.externaltools.gnu-tools-for-stm32.7-2018-q2-update.win32_1.4.0.202007081208/tools/bin/../lib/gcc/arm-none-eabi/7.3.1/thumb/v7e-m/fpv4-sp/hard/crtbegin.o
 *(.bss*)
 .bss.OutputDev
                0x0000000020000104        0x1 Core/Src/cs43l22.o
                0x0000000020000104                OutputDev
 *fill*         0x0000000020000105        0x3 
 .bss.HAL_RCC_DFSDM1_CLK_ENABLED
                0x0000000020000108        0x4 Core/Src/dfsdm.o
 .bss.DFSDM1_Init
                0x000000002000010c        0x4 Core/Src/dfsdm.o
 .bss.DmaRecHalfBuffCplt
                0x0000000020000110        0x4 Core/Src/main.o
                0x0000000020000110                DmaRecHalfBuffCplt
 .bss.DmaRecBuffCplt
                0x0000000020000114        0x4 Core/Src/main.o
                0x0000000020000114                DmaRecBuffCplt
 .bss.PlaybackStarted
                0x0000000020000118        0x4 Core/Src/main.o
                0x0000000020000118                PlaybackStarted
 .bss.pQSPI_Info
                0x000000002000011c       0x14 Core/Src/main.o
 .bss.SAI1_client
                0x0000000020000130        0x4 Core/Src/sai.o
 .bss.I2c1Handle
                0x0000000020000134       0x4c Core/Src/stm32l476g_discovery.o
 .bss.bLCDGlass_KeyPressed
                0x0000000020000180        0x1 Core/Src/stm32l476g_discovery_glass_lcd.o
                0x0000000020000180                bLCDGlass_KeyPressed
 *fill*         0x0000000020000181        0x3 
 .bss.__sbrk_heap_end
                0x0000000020000184        0x4 Core/Src/sysmem.o
 .bss.v_dfsdm1ChannelCounter
                0x0000000020000188        0x4 Drivers/STM32L4xx_HAL_Driver/Src/stm32l4xx_hal_dfsdm.o
 .bss.a_dfsdm1ChannelHandle
                0x000000002000018c       0x20 Drivers/STM32L4xx_HAL_Driver/Src/stm32l4xx_hal_dfsdm.o
 .bss.tmpreg.9407
                0x00000000200001ac        0x4 Drivers/STM32L4xx_HAL_Driver/Src/stm32l4xx_ll_usb.o
 .bss.Appli_state
                0x00000000200001b0        0x1 USB_HOST/App/usb_host.o
                0x00000000200001b0                Appli_state
 *fill*         0x00000000200001b1        0x3 
 .bss.__malloc_free_list
                0x00000000200001b4        0x4 c:/st/stm32cubeide_1.4.0/stm32cubeide/plugins/com.st.stm32cube.ide.mcu.externaltools.gnu-tools-for-stm32.7-2018-q2-update.win32_1.4.0.202007081208/tools/bin/../lib/gcc/arm-none-eabi/7.3.1/../../../../arm-none-eabi/lib/thumb/v7e-m/fpv4-sp/hard\libc_nano.a(lib_a-nano-mallocr.o)
                0x00000000200001b4                __malloc_free_list
 .bss.__malloc_sbrk_start
                0x00000000200001b8        0x4 c:/st/stm32cubeide_1.4.0/stm32cubeide/plugins/com.st.stm32cube.ide.mcu.externaltools.gnu-tools-for-stm32.7-2018-q2-update.win32_1.4.0.202007081208/tools/bin/../lib/gcc/arm-none-eabi/7.3.1/../../../../arm-none-eabi/lib/thumb/v7e-m/fpv4-sp/hard\libc_nano.a(lib_a-nano-mallocr.o)
                0x00000000200001b8                __malloc_sbrk_start
 *(COMMON)
 COMMON         0x00000000200001bc       0xd4 Core/Src/dfsdm.o
                0x00000000200001bc                hdfsdm1_filter0
                0x0000000020000210                hdma_dfsdm1_flt0
                0x0000000020000258                hdfsdm1_channel2
 COMMON         0x0000000020000290       0x98 Core/Src/i2c.o
                0x0000000020000290                hi2c1
                0x00000000200002dc                hi2c2
 COMMON         0x0000000020000328       0x3c Core/Src/lcd.o
                0x0000000020000328                hlcd
 COMMON         0x0000000020000364     0x6004 Core/Src/main.o
                0x0000000020000364                RecBuff
                0x0000000020002364                PlayBuff
                0x0000000020004364                audio_drv
                0x0000000020004368                filter_arr
 COMMON         0x0000000020006368       0x44 Core/Src/quadspi.o
                0x0000000020006368                hqspi
 COMMON         0x00000000200063ac       0xcc Core/Src/sai.o
                0x00000000200063ac                hdma_sai1_a
                0x00000000200063f4                hsai_BlockA1
 COMMON         0x0000000020006478       0x64 Core/Src/spi.o
                0x0000000020006478                hspi2
 COMMON         0x00000000200064dc       0x4c Core/Src/stm32l476g_discovery_glass_lcd.o
                0x00000000200064dc                Digit
                0x00000000200064ec                LCDHandle
 COMMON         0x0000000020006528       0x44 Core/Src/stm32l476g_discovery_qspi.o
                0x0000000020006528                QSPIHandle
 COMMON         0x000000002000656c       0x80 Core/Src/usart.o
                0x000000002000656c                huart2
 COMMON         0x00000000200065ec        0x4 Drivers/STM32L4xx_HAL_Driver/Src/stm32l4xx_hal.o
                0x00000000200065ec                uwTick
 COMMON         0x00000000200065f0      0x3d8 USB_HOST/App/usb_host.o
                0x00000000200065f0                hUsbHostFS
 COMMON         0x00000000200069c8      0x2c4 USB_HOST/Target/usbh_conf.o
                0x00000000200069c8                hhcd_USB_OTG_FS
 COMMON         0x0000000020006c8c        0x4 c:/st/stm32cubeide_1.4.0/stm32cubeide/plugins/com.st.stm32cube.ide.mcu.externaltools.gnu-tools-for-stm32.7-2018-q2-update.win32_1.4.0.202007081208/tools/bin/../lib/gcc/arm-none-eabi/7.3.1/../../../../arm-none-eabi/lib/thumb/v7e-m/fpv4-sp/hard\libc_nano.a(lib_a-reent.o)
                0x0000000020006c8c                errno
                0x0000000020006c90                . = ALIGN (0x4)
                0x0000000020006c90                _ebss = .
                0x0000000020006c90                __bss_end__ = _ebss

._user_heap_stack
                0x0000000020006c90      0x600 load address 0x000000000800ee94
                0x0000000020006c90                . = ALIGN (0x8)
                [!provide]                        PROVIDE (end = .)
                0x0000000020006c90                PROVIDE (_end = .)
                0x0000000020006e90                . = (. + _Min_Heap_Size)
 *fill*         0x0000000020006c90      0x200 
                0x0000000020007290                . = (. + _Min_Stack_Size)
 *fill*         0x0000000020006e90      0x400 
                0x0000000020007290                . = ALIGN (0x8)

/DISCARD/
 libc.a(*)
 libm.a(*)
 libgcc.a(*)

.ARM.attributes
                0x0000000000000000       0x30
 *(.ARM.attributes)
 .ARM.attributes
                0x0000000000000000       0x22 c:/st/stm32cubeide_1.4.0/stm32cubeide/plugins/com.st.stm32cube.ide.mcu.externaltools.gnu-tools-for-stm32.7-2018-q2-update.win32_1.4.0.202007081208/tools/bin/../lib/gcc/arm-none-eabi/7.3.1/thumb/v7e-m/fpv4-sp/hard/crti.o
 .ARM.attributes
                0x0000000000000022       0x34 c:/st/stm32cubeide_1.4.0/stm32cubeide/plugins/com.st.stm32cube.ide.mcu.externaltools.gnu-tools-for-stm32.7-2018-q2-update.win32_1.4.0.202007081208/tools/bin/../lib/gcc/arm-none-eabi/7.3.1/thumb/v7e-m/fpv4-sp/hard/crtbegin.o
 .ARM.attributes
                0x0000000000000056       0x39 Core/Src/cs43l22.o
 .ARM.attributes
                0x000000000000008f       0x39 Core/Src/dfsdm.o
 .ARM.attributes
                0x00000000000000c8       0x39 Core/Src/dma.o
 .ARM.attributes
                0x0000000000000101       0x39 Core/Src/gpio.o
 .ARM.attributes
                0x000000000000013a       0x39 Core/Src/i2c.o
 .ARM.attributes
                0x0000000000000173       0x39 Core/Src/lcd.o
 .ARM.attributes
                0x00000000000001ac       0x39 Core/Src/main.o
 .ARM.attributes
                0x00000000000001e5       0x39 Core/Src/quadspi.o
 .ARM.attributes
                0x000000000000021e       0x39 Core/Src/sai.o
 .ARM.attributes
                0x0000000000000257       0x39 Core/Src/spi.o
 .ARM.attributes
                0x0000000000000290       0x39 Core/Src/stm32l476g_discovery.o
 .ARM.attributes
                0x00000000000002c9       0x39 Core/Src/stm32l476g_discovery_glass_lcd.o
 .ARM.attributes
                0x0000000000000302       0x39 Core/Src/stm32l476g_discovery_qspi.o
 .ARM.attributes
                0x000000000000033b       0x39 Core/Src/stm32l4xx_hal_msp.o
 .ARM.attributes
                0x0000000000000374       0x39 Core/Src/stm32l4xx_it.o
 .ARM.attributes
                0x00000000000003ad       0x39 Core/Src/sysmem.o
 .ARM.attributes
                0x00000000000003e6       0x39 Core/Src/system_stm32l4xx.o
 .ARM.attributes
                0x000000000000041f       0x39 Core/Src/usart.o
 .ARM.attributes
                0x0000000000000458       0x21 Core/Startup/startup_stm32l476vgtx.o
 .ARM.attributes
                0x0000000000000479       0x39 Drivers/STM32L4xx_HAL_Driver/Src/stm32l4xx_hal.o
 .ARM.attributes
                0x00000000000004b2       0x39 Drivers/STM32L4xx_HAL_Driver/Src/stm32l4xx_hal_cortex.o
 .ARM.attributes