stm32l476g_discovery_glass_lcd.c:169:6:BSP_LCD_GLASS_Init	8	static
stm32l476g_discovery_glass_lcd.c:200:6:BSP_LCD_GLASS_DeInit	8	static
stm32l476g_discovery_glass_lcd.c:229:6:BSP_LCD_GLASS_BlinkConfig	16	static
stm32l476g_discovery_glass_lcd.c:248:6:BSP_LCD_GLASS_Contrast	16	static
stm32l476g_discovery_glass_lcd.c:263:6:BSP_LCD_GLASS_DisplayBar	24	static
stm32l476g_discovery_glass_lcd.c:317:6:BSP_LCD_GLASS_ClearBar	24	static
stm32l476g_discovery_glass_lcd.c:372:6:BSP_LCD_GLASS_BarLevelConfig	16	static
stm32l476g_discovery_glass_lcd.c:447:6:BSP_LCD_GLASS_DisplayChar	16	static
stm32l476g_discovery_glass_lcd.c:460:6:BSP_LCD_GLASS_DisplayString	24	static
stm32l476g_discovery_glass_lcd.c:486:6:BSP_LCD_GLASS_DisplayStrDeci	24	static
stm32l476g_discovery_glass_lcd.c:523:6:BSP_LCD_GLASS_Clear	8	static
stm32l476g_discovery_glass_lcd.c:538:6:BSP_LCD_GLASS_ScrollSentence	32	static
stm32l476g_discovery_glass_lcd.c:598:13:LCD_MspInit	264	static
stm32l476g_discovery_glass_lcd.c:664:13:LCD_MspDeInit	40	static
stm32l476g_discovery_glass_lcd.c:706:13:Convert	24	static
stm32l476g_discovery_glass_lcd.c:823:13:WriteChar	24	static
