stm32l476g_discovery_qspi.c:107:9:BSP_QSPI_Init	24	static,ignoring_inline_asm
stm32l476g_discovery_qspi.c:152:9:BSP_QSPI_DeInit	8	static
stm32l476g_discovery_qspi.c:175:9:BSP_QSPI_Read	80	static
stm32l476g_discovery_qspi.c:215:9:BSP_QSPI_Write	96	static
stm32l476g_discovery_qspi.c:290:9:BSP_QSPI_Erase_Block	72	static
stm32l476g_discovery_qspi.c:338:9:BSP_QSPI_Erase_Sector	72	static
stm32l476g_discovery_qspi.c:379:9:BSP_QSPI_Erase_Chip	64	static
stm32l476g_discovery_qspi.c:419:9:BSP_QSPI_GetStatus	72	static
stm32l476g_discovery_qspi.c:472:9:BSP_QSPI_GetInfo	16	static
stm32l476g_discovery_qspi.c:488:9:BSP_QSPI_EnableMemoryMappedMode	72	static
stm32l476g_discovery_qspi.c:520:9:BSP_QSPI_SuspendErase	64	static
stm32l476g_discovery_qspi.c:567:9:BSP_QSPI_ResumeErase	64	static
stm32l476g_discovery_qspi.c:626:13:QSPI_MspInit	40	static
stm32l476g_discovery_qspi.c:658:13:QSPI_MspDeInit	32	static
stm32l476g_discovery_qspi.c:693:16:QSPI_ResetMemory	72	static
stm32l476g_discovery_qspi.c:735:16:QSPI_DummyCyclesCfg	88	static,ignoring_inline_asm
stm32l476g_discovery_qspi.c:794:16:QSPI_WriteEnable	96	static
stm32l476g_discovery_qspi.c:840:16:QSPI_AutoPollingMemReady	96	static
