Archive member included to satisfy reference by file (symbol)

c:/st/stm32cubeide_1.9.0/stm32cubeide/plugins/com.st.stm32cube.ide.mcu.externaltools.gnu-tools-for-stm32.10.3-2021.10.win32_1.0.0.202111181127/tools/bin/../lib/gcc/arm-none-eabi/10.3.1/../../../../arm-none-eabi/lib/thumb/v7e-m+fp/hard\libc_nano.a(lib_a-errno.o)
                              ./Core/Src/syscalls.o (__errno)
c:/st/stm32cubeide_1.9.0/stm32cubeide/plugins/com.st.stm32cube.ide.mcu.externaltools.gnu-tools-for-stm32.10.3-2021.10.win32_1.0.0.202111181127/tools/bin/../lib/gcc/arm-none-eabi/10.3.1/../../../../arm-none-eabi/lib/thumb/v7e-m+fp/hard\libc_nano.a(lib_a-exit.o)
                              c:/st/stm32cubeide_1.9.0/stm32cubeide/plugins/com.st.stm32cube.ide.mcu.externaltools.gnu-tools-for-stm32.10.3-2021.10.win32_1.0.0.202111181127/tools/bin/../lib/gcc/arm-none-eabi/10.3.1/../../../../arm-none-eabi/lib/thumb/v7e-m+fp/hard/crt0.o (exit)
c:/st/stm32cubeide_1.9.0/stm32cubeide/plugins/com.st.stm32cube.ide.mcu.externaltools.gnu-tools-for-stm32.10.3-2021.10.win32_1.0.0.202111181127/tools/bin/../lib/gcc/arm-none-eabi/10.3.1/../../../../arm-none-eabi/lib/thumb/v7e-m+fp/hard\libc_nano.a(lib_a-impure.o)
                              c:/st/stm32cubeide_1.9.0/stm32cubeide/plugins/com.st.stm32cube.ide.mcu.externaltools.gnu-tools-for-stm32.10.3-2021.10.win32_1.0.0.202111181127/tools/bin/../lib/gcc/arm-none-eabi/10.3.1/../../../../arm-none-eabi/lib/thumb/v7e-m+fp/hard\libc_nano.a(lib_a-exit.o) (_global_impure_ptr)
c:/st/stm32cubeide_1.9.0/stm32cubeide/plugins/com.st.stm32cube.ide.mcu.externaltools.gnu-tools-for-stm32.10.3-2021.10.win32_1.0.0.202111181127/tools/bin/../lib/gcc/arm-none-eabi/10.3.1/../../../../arm-none-eabi/lib/thumb/v7e-m+fp/hard\libc_nano.a(lib_a-init.o)
                              c:/st/stm32cubeide_1.9.0/stm32cubeide/plugins/com.st.stm32cube.ide.mcu.externaltools.gnu-tools-for-stm32.10.3-2021.10.win32_1.0.0.202111181127/tools/bin/../lib/gcc/arm-none-eabi/10.3.1/../../../../arm-none-eabi/lib/thumb/v7e-m+fp/hard/crt0.o (__libc_init_array)
c:/st/stm32cubeide_1.9.0/stm32cubeide/plugins/com.st.stm32cube.ide.mcu.externaltools.gnu-tools-for-stm32.10.3-2021.10.win32_1.0.0.202111181127/tools/bin/../lib/gcc/arm-none-eabi/10.3.1/../../../../arm-none-eabi/lib/thumb/v7e-m+fp/hard\libc_nano.a(lib_a-memcpy-stub.o)
                              ./Middlewares/Third_Party/FreeRTOS/Source/queue.o (memcpy)
c:/st/stm32cubeide_1.9.0/stm32cubeide/plugins/com.st.stm32cube.ide.mcu.externaltools.gnu-tools-for-stm32.10.3-2021.10.win32_1.0.0.202111181127/tools/bin/../lib/gcc/arm-none-eabi/10.3.1/../../../../arm-none-eabi/lib/thumb/v7e-m+fp/hard\libc_nano.a(lib_a-memset.o)
                              c:/st/stm32cubeide_1.9.0/stm32cubeide/plugins/com.st.stm32cube.ide.mcu.externaltools.gnu-tools-for-stm32.10.3-2021.10.win32_1.0.0.202111181127/tools/bin/../lib/gcc/arm-none-eabi/10.3.1/../../../../arm-none-eabi/lib/thumb/v7e-m+fp/hard/crt0.o (memset)

Discarded input sections

 .text          0x0000000000000000        0x0 c:/st/stm32cubeide_1.9.0/stm32cubeide/plugins/com.st.stm32cube.ide.mcu.externaltools.gnu-tools-for-stm32.10.3-2021.10.win32_1.0.0.202111181127/tools/bin/../lib/gcc/arm-none-eabi/10.3.1/thumb/v7e-m+fp/hard/crti.o
 .data          0x0000000000000000        0x0 c:/st/stm32cubeide_1.9.0/stm32cubeide/plugins/com.st.stm32cube.ide.mcu.externaltools.gnu-tools-for-stm32.10.3-2021.10.win32_1.0.0.202111181127/tools/bin/../lib/gcc/arm-none-eabi/10.3.1/thumb/v7e-m+fp/hard/crti.o
 .bss           0x0000000000000000        0x0 c:/st/stm32cubeide_1.9.0/stm32cubeide/plugins/com.st.stm32cube.ide.mcu.externaltools.gnu-tools-for-stm32.10.3-2021.10.win32_1.0.0.202111181127/tools/bin/../lib/gcc/arm-none-eabi/10.3.1/thumb/v7e-m+fp/hard/crti.o
 .data          0x0000000000000000        0x4 c:/st/stm32cubeide_1.9.0/stm32cubeide/plugins/com.st.stm32cube.ide.mcu.externaltools.gnu-tools-for-stm32.10.3-2021.10.win32_1.0.0.202111181127/tools/bin/../lib/gcc/arm-none-eabi/10.3.1/thumb/v7e-m+fp/hard/crtbegin.o
 .rodata        0x0000000000000000       0x24 c:/st/stm32cubeide_1.9.0/stm32cubeide/plugins/com.st.stm32cube.ide.mcu.externaltools.gnu-tools-for-stm32.10.3-2021.10.win32_1.0.0.202111181127/tools/bin/../lib/gcc/arm-none-eabi/10.3.1/thumb/v7e-m+fp/hard/crtbegin.o
 .text          0x0000000000000000       0x7c c:/st/stm32cubeide_1.9.0/stm32cubeide/plugins/com.st.stm32cube.ide.mcu.externaltools.gnu-tools-for-stm32.10.3-2021.10.win32_1.0.0.202111181127/tools/bin/../lib/gcc/arm-none-eabi/10.3.1/../../../../arm-none-eabi/lib/thumb/v7e-m+fp/hard/crt0.o
 .data          0x0000000000000000        0x0 c:/st/stm32cubeide_1.9.0/stm32cubeide/plugins/com.st.stm32cube.ide.mcu.externaltools.gnu-tools-for-stm32.10.3-2021.10.win32_1.0.0.202111181127/tools/bin/../lib/gcc/arm-none-eabi/10.3.1/../../../../arm-none-eabi/lib/thumb/v7e-m+fp/hard/crt0.o
[...]
Memory Configuration

Name             Origin             Length             Attributes
RAM              0x0000000020000000 0x0000000000018000 xrw
RAM2             0x0000000010000000 0x0000000000008000 xrw
FLASH            0x0000000008000000 0x0000000000100000 xr
*default*        0x0000000000000000 0xffffffffffffffff

Linker script and memory map

LOAD c:/st/stm32cubeide_1.9.0/stm32cubeide/plugins/com.st.stm32cube.ide.mcu.externaltools.gnu-tools-for-stm32.10.3-2021.10.win32_1.0.0.202111181127/tools/bin/../lib/gcc/arm-none-eabi/10.3.1/thumb/v7e-m+fp/hard/crti.o
LOAD c:/st/stm32cubeide_1.9.0/stm32cubeide/plugins/com.st.stm32cube.ide.mcu.externaltools.gnu-tools-for-stm32.10.3-2021.10.win32_1.0.0.202111181127/tools/bin/../lib/gcc/arm-none-eabi/10.3.1/thumb/v7e-m+fp/hard/crtbegin.o
LOAD c:/st/stm32cubeide_1.9.0/stm32cubeide/plugins/com.st.stm32cube.ide.mcu.externaltools.gnu-tools-for-stm32.10.3-2021.10.win32_1.0.0.202111181127/tools/bin/../lib/gcc/arm-none-eabi/10.3.1/../../../../arm-none-eabi/lib/thumb/v7e-m+fp/hard/crt0.o
LOAD ./Core/Src/freertos.o
LOAD ./Core/Src/gpio.o
LOAD ./Core/Src/main.o
LOAD ./Core/Src/quadspi.o
LOAD ./Core/Src/stm32l4xx_hal_msp.o
LOAD ./Core/Src/stm32l4xx_it.o
LOAD ./Core/Src/syscalls.o
LOAD ./Core/Src/sysmem.o
LOAD ./Core/Src/system_stm32l4xx.o
LOAD ./Core/Startup/startup_stm32l476vgtx.o
LOAD ./Drivers/STM32L4xx_HAL_Driver/Src/stm32l4xx_hal.o
LOAD ./Drivers/STM32L4xx_HAL_Driver/Src/stm32l4xx_hal_cortex.o
LOAD ./Drivers/STM32L4xx_HAL_Driver/Src/stm32l4xx_hal_dma.o
LOAD ./Drivers/STM32L4xx_HAL_Driver/Src/stm32l4xx_hal_dma_ex.o
LOAD ./Drivers/STM32L4xx_HAL_Driver/Src/stm32l4xx_hal_exti.o
LOAD ./Drivers/STM32L4xx_HAL_Driver/Src/stm32l4xx_hal_flash.o
LOAD ./Drivers/STM32L4xx_HAL_Driver/Src/stm32l4xx_hal_flash_ex.o
LOAD ./Drivers/STM32L4xx_HAL_Driver/Src/stm32l4xx_hal_flash_ramfunc.o
LOAD ./Drivers/STM32L4xx_HAL_Driver/Src/stm32l4xx_hal_gpio.o
LOAD ./Drivers/STM32L4xx_HAL_Driver/Src/stm32l4xx_hal_i2c.o
LOAD ./Drivers/STM32L4xx_HAL_Driver/Src/stm32l4xx_hal_i2c_ex.o
LOAD ./Drivers/STM32L4xx_HAL_Driver/Src/stm32l4xx_hal_pcd.o
LOAD ./Drivers/STM32L4xx_HAL_Driver/Src/stm32l4xx_hal_pcd_ex.o
LOAD ./Drivers/STM32L4xx_HAL_Driver/Src/stm32l4xx_hal_pwr.o
LOAD ./Drivers/STM32L4xx_HAL_Driver/Src/stm32l4xx_hal_pwr_ex.o
LOAD ./Drivers/STM32L4xx_HAL_Driver/Src/stm32l4xx_hal_qspi.o
LOAD ./Drivers/STM32L4xx_HAL_Driver/Src/stm32l4xx_hal_rcc.o
LOAD ./Drivers/STM32L4xx_HAL_Driver/Src/stm32l4xx_hal_rcc_ex.o
LOAD ./Drivers/STM32L4xx_HAL_Driver/Src/stm32l4xx_hal_tim.o
LOAD ./Drivers/STM32L4xx_HAL_Driver/Src/stm32l4xx_hal_tim_ex.o
LOAD ./Drivers/STM32L4xx_HAL_Driver/Src/stm32l4xx_ll_usb.o
LOAD ./Middlewares/ST/STM32_USB_Device_Library/Class/MSC/Src/usbd_msc.o
LOAD ./Middlewares/ST/STM32_USB_Device_Library/Class/MSC/Src/usbd_msc_bot.o
LOAD ./Middlewares/ST/STM32_USB_Device_Library/Class/MSC/Src/usbd_msc_data.o
LOAD ./Middlewares/ST/STM32_USB_Device_Library/Class/MSC/Src/usbd_msc_scsi.o
LOAD ./Middlewares/ST/STM32_USB_Device_Library/Core/Src/usbd_core.o
LOAD ./Middlewares/ST/STM32_USB_Device_Library/Core/Src/usbd_ctlreq.o
LOAD ./Middlewares/ST/STM32_USB_Device_Library/Core/Src/usbd_ioreq.o
LOAD ./Middlewares/Third_Party/FreeRTOS/Source/CMSIS_RTOS/cmsis_os.o
LOAD ./Middlewares/Third_Party/FreeRTOS/Source/croutine.o
LOAD ./Middlewares/Third_Party/FreeRTOS/Source/event_groups.o
LOAD ./Middlewares/Third_Party/FreeRTOS/Source/list.o
LOAD ./Middlewares/Third_Party/FreeRTOS/Source/queue.o
LOAD ./Middlewares/Third_Party/FreeRTOS/Source/stream_buffer.o
LOAD ./Middlewares/Third_Party/FreeRTOS/Source/tasks.o
LOAD ./Middlewares/Third_Party/FreeRTOS/Source/timers.o
LOAD ./Middlewares/Third_Party/FreeRTOS/Source/portable/GCC/ARM_CM4F/port.o
LOAD ./Middlewares/Third_Party/FreeRTOS/Source/portable/MemMang/heap_4.o
LOAD ./USB_DEVICE/App/usb_device.o
LOAD ./USB_DEVICE/App/usbd_desc.o
LOAD ./USB_DEVICE/App/usbd_storage_if.o
LOAD ./USB_DEVICE/Target/usbd_conf.o
START GROUP
LOAD c:/st/stm32cubeide_1.9.0/stm32cubeide/plugins/com.st.stm32cube.ide.mcu.externaltools.gnu-tools-for-stm32.10.3-2021.10.win32_1.0.0.202111181127/tools/bin/../lib/gcc/arm-none-eabi/10.3.1/../../../../arm-none-eabi/lib/thumb/v7e-m+fp/hard\libc_nano.a
LOAD c:/st/stm32cubeide_1.9.0/stm32cubeide/plugins/com.st.stm32cube.ide.mcu.externaltools.gnu-tools-for-stm32.10.3-2021.10.win32_1.0.0.202111181127/tools/bin/../lib/gcc/arm-none-eabi/10.3.1/../../../../arm-none-eabi/lib/thumb/v7e-m+fp/hard\libm.a
END GROUP
START GROUP
LOAD c:/st/stm32cubeide_1.9.0/stm32cubeide/plugins/com.st.stm32cube.ide.mcu.externaltools.gnu-tools-for-stm32.10.3-2021.10.win32_1.0.0.202111181127/tools/bin/../lib/gcc/arm-none-eabi/10.3.1/thumb/v7e-m+fp/hard\libgcc.a
LOAD c:/st/stm32cubeide_1.9.0/stm32cubeide/plugins/com.st.stm32cube.ide.mcu.externaltools.gnu-tools-for-stm32.10.3-2021.10.win32_1.0.0.202111181127/tools/bin/../lib/gcc/arm-none-eabi/10.3.1/../../../../arm-none-eabi/lib/thumb/v7e-m+fp/hard\libc_nano.a
END GROUP
START GROUP
LOAD c:/st/stm32cubeide_1.9.0/stm32cubeide/plugins/com.st.stm32cube.ide.mcu.externaltools.gnu-tools-for-stm32.10.3-2021.10.win32_1.0.0.202111181127/tools/bin/../lib/gcc/arm-none-eabi/10.3.1/thumb/v7e-m+fp/hard\libgcc.a
LOAD c:/st/stm32cubeide_1.9.0/stm32cubeide/plugins/com.st.stm32cube.ide.mcu.externaltools.gnu-tools-for-stm32.10.3-2021.10.win32_1.0.0.202111181127/tools/bin/../lib/gcc/arm-none-eabi/10.3.1/../../../../arm-none-eabi/lib/thumb/v7e-m+fp/hard\libc_nano.a
LOAD c:/st/stm32cubeide_1.9.0/stm32cubeide/plugins/com.st.stm32cube.ide.mcu.externaltools.gnu-tools-for-stm32.10.3-2021.10.win32_1.0.0.202111181127/tools/bin/../lib/gcc/arm-none-eabi/10.3.1/../../../../arm-none-eabi/lib/thumb/v7e-m+fp/hard\libnosys.a
END GROUP
START GROUP
LOAD c:/st/stm32cubeide_1.9.0/stm32cubeide/plugins/com.st.stm32cube.ide.mcu.externaltools.gnu-tools-for-stm32.10.3-2021.10.win32_1.0.0.202111181127/tools/bin/../lib/gcc/arm-none-eabi/10.3.1/thumb/v7e-m+fp/hard\libgcc.a
LOAD c:/st/stm32cubeide_1.9.0/stm32cubeide/plugins/com.st.stm32cube.ide.mcu.externaltools.gnu-tools-for-stm32.10.3-2021.10.win32_1.0.0.202111181127/tools/bin/../lib/gcc/arm-none-eabi/10.3.1/../../../../arm-none-eabi/lib/thumb/v7e-m+fp/hard\libc_nano.a
LOAD c:/st/stm32cubeide_1.9.0/stm32cubeide/plugins/com.st.stm32cube.ide.mcu.externaltools.gnu-tools-for-stm32.10.3-2021.10.win32_1.0.0.202111181127/tools/bin/../lib/gcc/arm-none-eabi/10.3.1/../../../../arm-none-eabi/lib/thumb/v7e-m+fp/hard\libnosys.a
END GROUP
LOAD c:/st/stm32cubeide_1.9.0/stm32cubeide/plugins/com.st.stm32cube.ide.mcu.externaltools.gnu-tools-for-stm32.10.3-2021.10.win32_1.0.0.202111181127/tools/bin/../lib/gcc/arm-none-eabi/10.3.1/thumb/v7e-m+fp/hard/crtend.o
LOAD c:/st/stm32cubeide_1.9.0/stm32cubeide/plugins/com.st.stm32cube.ide.mcu.externaltools.gnu-tools-for-stm32.10.3-2021.10.win32_1.0.0.202111181127/tools/bin/../lib/gcc/arm-none-eabi/10.3.1/thumb/v7e-m+fp/hard/crtn.o
                0x0000000020018000                _estack = (ORIGIN (RAM) + LENGTH (RAM))
                0x0000000000000200                _Min_Heap_Size = 0x200
                0x0000000000000400                _Min_Stack_Size = 0x400

.isr_vector     0x0000000008000000      0x188
                0x0000000008000000                . = ALIGN (0x4)
 *(.isr_vector)
 .isr_vector    0x0000000008000000      0x188 ./Core/Startup/startup_stm32l476vgtx.o
                0x0000000008000000                g_pfnVectors
                0x0000000008000188                . = ALIGN (0x4)

.text           0x0000000008000190     0xb3e0
                0x0000000008000190                . = ALIGN (0x4)
 *(.text)
 .text          0x0000000008000190       0x40 c:/st/stm32cubeide_1.9.0/stm32cubeide/plugins/com.st.stm32cube.ide.mcu.externaltools.gnu-tools-for-stm32.10.3-2021.10.win32_1.0.0.202111181127/tools/bin/../lib/gcc/arm-none-eabi/10.3.1/thumb/v7e-m+fp/hard/crtbegin.o
 *(.text*)
 .text.vApplicationGetIdleTaskMemory
                0x00000000080001d0       0x34 ./Core/Src/freertos.o
                0x00000000080001d0                vApplicationGetIdleTaskMemory
 .text.MX_FREERTOS_Init
                0x0000000008000204       0x68 ./Core/Src/freertos.o
                0x0000000008000204                MX_FREERTOS_Init
 .text.appTaskBody
                0x000000000800026c       0x20 ./Core/Src/freertos.o
                0x000000000800026c                appTaskBody
 .text.usbTaskBody
                0x000000000800028c       0x9c ./Core/Src/freertos.o
                0x000000000800028c                usbTaskBody
 .text.MX_GPIO_Init
                0x0000000008000328      0x3d0 ./Core/Src/gpio.o
                0x0000000008000328                MX_GPIO_Init
 .text.main     0x00000000080006f8       0x1e ./Core/Src/main.o
                0x00000000080006f8                main
 *fill*         0x0000000008000716        0x2 
 .text.SystemClock_Config
                0x0000000008000718       0xc4 ./Core/Src/main.o
                0x0000000008000718                SystemClock_Config
 .text.Error_Handler
                0x00000000080007dc        0xa ./Core/Src/main.o
                0x00000000080007dc                Error_Handler
 *fill*         0x00000000080007e6        0x2 
 .text.MX_QUADSPI_Init
                0x00000000080007e8       0x4c ./Core/Src/quadspi.o
                0x00000000080007e8                MX_QUADSPI_Init
 .text.HAL_QSPI_MspInit
                0x0000000008000834       0x88 ./Core/Src/quadspi.o
                0x0000000008000834                HAL_QSPI_MspInit
 .text.BSP_QSPI_Init
                0x00000000080008bc       0x30 ./Core/Src/quadspi.o
                0x00000000080008bc                BSP_QSPI_Init
 .text.BSP_QSPI_Read
                0x00000000080008ec       0x84 ./Core/Src/quadspi.o
                0x00000000080008ec                BSP_QSPI_Read
 .text.BSP_QSPI_Write
                0x0000000008000970      0x110 ./Core/Src/quadspi.o
                0x0000000008000970                BSP_QSPI_Write
 .text.BSP_QSPI_Erase_Block
                0x0000000008000a80       0x88 ./Core/Src/quadspi.o
                0x0000000008000a80                BSP_QSPI_Erase_Block
 .text.BSP_QSPI_GetStatus
                0x0000000008000b08       0x9c ./Core/Src/quadspi.o
                0x0000000008000b08                BSP_QSPI_GetStatus
 .text.BSP_QSPI_GetInfo
                0x0000000008000ba4       0x3e ./Core/Src/quadspi.o
                0x0000000008000ba4                BSP_QSPI_GetInfo
 .text.QSPI_ResetMemory
                0x0000000008000be2       0x84 ./Core/Src/quadspi.o
 .text.QSPI_DummyCyclesCfg
                0x0000000008000c66       0xf6 ./Core/Src/quadspi.o
 .text.QSPI_WriteEnable
                0x0000000008000d5c       0x92 ./Core/Src/quadspi.o
 .text.QSPI_AutoPollingMemReady
                0x0000000008000dee       0x70 ./Core/Src/quadspi.o
 *fill*         0x0000000008000e5e        0x2 
 .text.HAL_MspInit
                0x0000000008000e60       0x50 ./Core/Src/stm32l4xx_hal_msp.o
                0x0000000008000e60                HAL_MspInit
 .text.SysTick_Handler
                0x0000000008000eb0       0x10 ./Core/Src/stm32l4xx_it.o
                0x0000000008000eb0                SysTick_Handler
 .text.OTG_FS_IRQHandler
                0x0000000008000ec0       0x14 ./Core/Src/stm32l4xx_it.o
                0x0000000008000ec0                OTG_FS_IRQHandler
 .text.SystemInit
                0x0000000008000ed4       0x24 ./Core/Src/system_stm32l4xx.o
                0x0000000008000ed4                SystemInit
 .text.Reset_Handler
                0x0000000008000ef8       0x50 ./Core/Startup/startup_stm32l476vgtx.o
                0x0000000008000ef8                Reset_Handler
 .text.Default_Handler
                0x0000000008000f48        0x2 ./Core/Startup/startup_stm32l476vgtx.o
                0x0000000008000f48                RTC_Alarm_IRQHandler
                0x0000000008000f48                EXTI2_IRQHandler
                0x0000000008000f48                TIM8_TRG_COM_IRQHandler
                0x0000000008000f48                TIM8_CC_IRQHandler
                0x0000000008000f48                DebugMon_Handler
                0x0000000008000f48                TIM1_CC_IRQHandler
                0x0000000008000f48                TSC_IRQHandler
                0x0000000008000f48                HardFault_Handler
                0x0000000008000f48                TAMP_STAMP_IRQHandler
                0x0000000008000f48                NMI_Handler
                0x0000000008000f48                EXTI3_IRQHandler
                0x0000000008000f48                LPTIM2_IRQHandler
                0x0000000008000f48                DFSDM1_FLT1_IRQHandler
                0x0000000008000f48                I2C3_ER_IRQHandler
                0x0000000008000f48                DFSDM1_FLT2_IRQHandler
                0x0000000008000f48                EXTI0_IRQHandler
                0x0000000008000f48                I2C2_EV_IRQHandler
                0x0000000008000f48                CAN1_RX0_IRQHandler
                0x0000000008000f48                FPU_IRQHandler
                0x0000000008000f48                TIM1_UP_TIM16_IRQHandler
                0x0000000008000f48                UsageFault_Handler
                0x0000000008000f48                ADC1_2_IRQHandler
                0x0000000008000f48                SPI1_IRQHandler
                0x0000000008000f48                TIM6_DAC_IRQHandler
                0x0000000008000f48                TIM8_UP_IRQHandler
                0x0000000008000f48                DMA2_Channel2_IRQHandler
                0x0000000008000f48                DMA1_Channel4_IRQHandler
                0x0000000008000f48                SAI2_IRQHandler
                0x0000000008000f48                DFSDM1_FLT3_IRQHandler
                0x0000000008000f48                USART3_IRQHandler
                0x0000000008000f48                DMA1_Channel7_IRQHandler
                0x0000000008000f48                CAN1_RX1_IRQHandler
                0x0000000008000f48                LCD_IRQHandler
                0x0000000008000f48                UART5_IRQHandler
                0x0000000008000f48                ADC3_IRQHandler
                0x0000000008000f48                TIM4_IRQHandler
                0x0000000008000f48                DMA2_Channel1_IRQHandler
                0x0000000008000f48                QUADSPI_IRQHandler
                0x0000000008000f48                I2C1_EV_IRQHandler
                0x0000000008000f48                DMA1_Channel6_IRQHandler
                0x0000000008000f48                UART4_IRQHandler
                0x0000000008000f48                DMA2_Channel4_IRQHandler
                0x0000000008000f48                TIM3_IRQHandler
                0x0000000008000f48                RCC_IRQHandler
                0x0000000008000f48                DMA1_Channel1_IRQHandler
                0x0000000008000f48                Default_Handler
                0x0000000008000f48                DMA2_Channel7_IRQHandler
                0x0000000008000f48                EXTI15_10_IRQHandler
                0x0000000008000f48                TIM7_IRQHandler
                0x0000000008000f48                SDMMC1_IRQHandler
                0x0000000008000f48                TIM5_IRQHandler
                0x0000000008000f48                I2C3_EV_IRQHandler
                0x0000000008000f48                EXTI9_5_IRQHandler
                0x0000000008000f48                RTC_WKUP_IRQHandler
                0x0000000008000f48                PVD_PVM_IRQHandler
                0x0000000008000f48                SPI2_IRQHandler
                0x0000000008000f48                MemManage_Handler
                0x0000000008000f48                CAN1_TX_IRQHandler
                0x0000000008000f48                DMA2_Channel5_IRQHandler
                0x0000000008000f48                DMA1_Channel5_IRQHandler
                0x0000000008000f48                EXTI4_IRQHandler
                0x0000000008000f48                RNG_IRQHandler
                0x0000000008000f48                TIM1_TRG_COM_TIM17_IRQHandler
                0x0000000008000f48                DMA1_Channel3_IRQHandler
                0x0000000008000f48                COMP_IRQHandler
                0x0000000008000f48                WWDG_IRQHandler
                0x0000000008000f48                LPUART1_IRQHandler
                0x0000000008000f48                DMA2_Channel6_IRQHandler
                0x0000000008000f48                TIM2_IRQHandler
                0x0000000008000f48                EXTI1_IRQHandler
                0x0000000008000f48                USART2_IRQHandler
                0x0000000008000f48                DFSDM1_FLT0_IRQHandler
                0x0000000008000f48                I2C2_ER_IRQHandler
                0x0000000008000f48                DMA1_Channel2_IRQHandler
                0x0000000008000f48                TIM8_BRK_IRQHandler
                0x0000000008000f48                CAN1_SCE_IRQHandler
                0x0000000008000f48                FLASH_IRQHandler
                0x0000000008000f48                BusFault_Handler
                0x0000000008000f48                USART1_IRQHandler
                0x0000000008000f48                SPI3_IRQHandler
                0x0000000008000f48                I2C1_ER_IRQHandler
                0x0000000008000f48                FMC_IRQHandler
                0x0000000008000f48                SWPMI1_IRQHandler
                0x0000000008000f48                LPTIM1_IRQHandler
                0x0000000008000f48                SAI1_IRQHandler
                0x0000000008000f48                DMA2_Channel3_IRQHandler
                0x0000000008000f48                TIM1_BRK_TIM15_IRQHandler
 *fill*         0x0000000008000f4a        0x2 
 .text.HAL_Init
                0x0000000008000f4c       0x40 ./Drivers/STM32L4xx_HAL_Driver/Src/stm32l4xx_hal.o
                0x0000000008000f4c                HAL_Init
 .text.HAL_InitTick
                0x0000000008000f8c       0x78 ./Drivers/STM32L4xx_HAL_Driver/Src/stm32l4xx_hal.o
                0x0000000008000f8c                HAL_InitTick
 .text.HAL_IncTick
                0x0000000008001004       0x28 ./Drivers/STM32L4xx_HAL_Driver/Src/stm32l4xx_hal.o
                0x0000000008001004                HAL_IncTick
 .text.HAL_GetTick
                0x000000000800102c       0x18 ./Drivers/STM32L4xx_HAL_Driver/Src/stm32l4xx_hal.o
                0x000000000800102c                HAL_GetTick
 .text.HAL_Delay
                0x0000000008001044       0x48 ./Drivers/STM32L4xx_HAL_Driver/Src/stm32l4xx_hal.o
                0x0000000008001044                HAL_Delay
 .text.__NVIC_SetPriorityGrouping
                0x000000000800108c       0x48 ./Drivers/STM32L4xx_HAL_Driver/Src/stm32l4xx_hal_cortex.o
 .text.__NVIC_GetPriorityGrouping
                0x00000000080010d4       0x1c ./Drivers/STM32L4xx_HAL_Driver/Src/stm32l4xx_hal_cortex.o
 .text.__NVIC_EnableIRQ
                0x00000000080010f0       0x3c ./Drivers/STM32L4xx_HAL_Driver/Src/stm32l4xx_hal_cortex.o
 .text.__NVIC_DisableIRQ
                0x000000000800112c       0x48 ./Drivers/STM32L4xx_HAL_Driver/Src/stm32l4xx_hal_cortex.o
 .text.__NVIC_SetPriority
                0x0000000008001174       0x54 ./Drivers/STM32L4xx_HAL_Driver/Src/stm32l4xx_hal_cortex.o
 .text.NVIC_EncodePriority
                0x00000000080011c8       0x66 ./Drivers/STM32L4xx_HAL_Driver/Src/stm32l4xx_hal_cortex.o
 *fill*         0x000000000800122e        0x2 
 .text.SysTick_Config
                0x0000000008001230       0x44 ./Drivers/STM32L4xx_HAL_Driver/Src/stm32l4xx_hal_cortex.o
 .text.HAL_NVIC_SetPriorityGrouping
                0x0000000008001274       0x16 ./Drivers/STM32L4xx_HAL_Driver/Src/stm32l4xx_hal_cortex.o
                0x0000000008001274                HAL_NVIC_SetPriorityGrouping
 .text.HAL_NVIC_SetPriority
                0x000000000800128a       0x38 ./Drivers/STM32L4xx_HAL_Driver/Src/stm32l4xx_hal_cortex.o
                0x000000000800128a                HAL_NVIC_SetPriority
 .text.HAL_NVIC_EnableIRQ
                0x00000000080012c2       0x1c ./Drivers/STM32L4xx_HAL_Driver/Src/stm32l4xx_hal_cortex.o
                0x00000000080012c2                HAL_NVIC_EnableIRQ
 .text.HAL_NVIC_DisableIRQ
                0x00000000080012de       0x1c ./Drivers/STM32L4xx_HAL_Driver/Src/stm32l4xx_hal_cortex.o
                0x00000000080012de                HAL_NVIC_DisableIRQ
 .text.HAL_SYSTICK_Config
                0x00000000080012fa       0x18 ./Drivers/STM32L4xx_HAL_Driver/Src/stm32l4xx_hal_cortex.o
                0x00000000080012fa                HAL_SYSTICK_Config
 .text.HAL_DMA_Abort
                0x0000000008001312       0x7c ./Drivers/STM32L4xx_HAL_Driver/Src/stm32l4xx_hal_dma.o
                0x0000000008001312                HAL_DMA_Abort
 *fill*         0x000000000800138e        0x2 
 .text.HAL_GPIO_Init
                0x0000000008001390      0x354 ./Drivers/STM32L4xx_HAL_Driver/Src/stm32l4xx_hal_gpio.o
                0x0000000008001390                HAL_GPIO_Init
 .text.HAL_GPIO_DeInit
                0x00000000080016e4      0x1e8 ./Drivers/STM32L4xx_HAL_Driver/Src/stm32l4xx_hal_gpio.o
                0x00000000080016e4                HAL_GPIO_DeInit
 .text.HAL_GPIO_ReadPin
                0x00000000080018cc       0x30 ./Drivers/STM32L4xx_HAL_Driver/Src/stm32l4xx_hal_gpio.o
                0x00000000080018cc                HAL_GPIO_ReadPin
 .text.HAL_GPIO_WritePin
                0x00000000080018fc       0x30 ./Drivers/STM32L4xx_HAL_Driver/Src/stm32l4xx_hal_gpio.o
                0x00000000080018fc                HAL_GPIO_WritePin
 .text.HAL_GPIO_TogglePin
                0x000000000800192c       0x34 ./Drivers/STM32L4xx_HAL_Driver/Src/stm32l4xx_hal_gpio.o
                0x000000000800192c                HAL_GPIO_TogglePin
 .text.HAL_PCD_Init
                0x0000000008001960      0x248 ./Drivers/STM32L4xx_HAL_Driver/Src/stm32l4xx_hal_pcd.o
                0x0000000008001960                HAL_PCD_Init
 .text.HAL_PCD_DeInit
                0x0000000008001ba8       0x46 ./Drivers/STM32L4xx_HAL_Driver/Src/stm32l4xx_hal_pcd.o
                0x0000000008001ba8                HAL_PCD_DeInit
 .text.HAL_PCD_Start
                0x0000000008001bee       0x5e ./Drivers/STM32L4xx_HAL_Driver/Src/stm32l4xx_hal_pcd.o
                0x0000000008001bee                HAL_PCD_Start
 .text.HAL_PCD_Stop
                0x0000000008001c4c       0x6a ./Drivers/STM32L4xx_HAL_Driver/Src/stm32l4xx_hal_pcd.o
                0x0000000008001c4c                HAL_PCD_Stop
 .text.HAL_PCD_IRQHandler
                0x0000000008001cb6      0x732 ./Drivers/STM32L4xx_HAL_Driver/Src/stm32l4xx_hal_pcd.o
                0x0000000008001cb6                HAL_PCD_IRQHandler
 .text.HAL_PCD_SetAddress
                0x00000000080023e8       0x4a ./Drivers/STM32L4xx_HAL_Driver/Src/stm32l4xx_hal_pcd.o
                0x00000000080023e8                HAL_PCD_SetAddress
 .text.HAL_PCD_EP_Open
                0x0000000008002432       0xd0 ./Drivers/STM32L4xx_HAL_Driver/Src/stm32l4xx_hal_pcd.o
                0x0000000008002432                HAL_PCD_EP_Open
 .text.HAL_PCD_EP_Close
                0x0000000008002502       0x94 ./Drivers/STM32L4xx_HAL_Driver/Src/stm32l4xx_hal_pcd.o
                0x0000000008002502                HAL_PCD_EP_Close
 .text.HAL_PCD_EP_Receive
                0x0000000008002596       0x7c ./Drivers/STM32L4xx_HAL_Driver/Src/stm32l4xx_hal_pcd.o
                0x0000000008002596                HAL_PCD_EP_Receive
 .text.HAL_PCD_EP_GetRxCount
                0x0000000008002612       0x30 ./Drivers/STM32L4xx_HAL_Driver/Src/stm32l4xx_hal_pcd.o
                0x0000000008002612                HAL_PCD_EP_GetRxCount
 .text.HAL_PCD_EP_Transmit
                0x0000000008002642       0x7a ./Drivers/STM32L4xx_HAL_Driver/Src/stm32l4xx_hal_pcd.o
                0x0000000008002642                HAL_PCD_EP_Transmit
 .text.HAL_PCD_EP_SetStall
                0x00000000080026bc       0xc4 ./Drivers/STM32L4xx_HAL_Driver/Src/stm32l4xx_hal_pcd.o
                0x00000000080026bc                HAL_PCD_EP_SetStall
 .text.HAL_PCD_EP_ClrStall
                0x0000000008002780       0xac ./Drivers/STM32L4xx_HAL_Driver/Src/stm32l4xx_hal_pcd.o
                0x0000000008002780                HAL_PCD_EP_ClrStall
 .text.HAL_PCD_EP_Flush
                0x000000000800282c       0x5a ./Drivers/STM32L4xx_HAL_Driver/Src/stm32l4xx_hal_pcd.o
                0x000000000800282c                HAL_PCD_EP_Flush
 .text.PCD_WriteEmptyTxFifo
                0x0000000008002886      0x110 ./Drivers/STM32L4xx_HAL_Driver/Src/stm32l4xx_hal_pcd.o
 *fill*         0x0000000008002996        0x2 
 .text.PCD_EP_OutXfrComplete_int
                0x0000000008002998       0x9c ./Drivers/STM32L4xx_HAL_Driver/Src/stm32l4xx_hal_pcd.o
 .text.PCD_EP_OutSetupPacket_int
                0x0000000008002a34       0x68 ./Drivers/STM32L4xx_HAL_Driver/Src/stm32l4xx_hal_pcd.o
 .text.HAL_PCDEx_SetTxFiFo
                0x0000000008002a9c       0x8e ./Drivers/STM32L4xx_HAL_Driver/Src/stm32l4xx_hal_pcd_ex.o
                0x0000000008002a9c                HAL_PCDEx_SetTxFiFo
 .text.HAL_PCDEx_SetRxFiFo
                0x0000000008002b2a       0x22 ./Drivers/STM32L4xx_HAL_Driver/Src/stm32l4xx_hal_pcd_ex.o
                0x0000000008002b2a                HAL_PCDEx_SetRxFiFo
 .text.HAL_PCDEx_ActivateLPM
                0x0000000008002b4c       0x48 ./Drivers/STM32L4xx_HAL_Driver/Src/stm32l4xx_hal_pcd_ex.o
                0x0000000008002b4c                HAL_PCDEx_ActivateLPM
 .text.HAL_PCDEx_LPM_Callback
                0x0000000008002b94       0x18 ./Drivers/STM32L4xx_HAL_Driver/Src/stm32l4xx_hal_pcd_ex.o
                0x0000000008002b94                HAL_PCDEx_LPM_Callback
 .text.HAL_PWR_EnableBkUpAccess
                0x0000000008002bac       0x20 ./Drivers/STM32L4xx_HAL_Driver/Src/stm32l4xx_hal_pwr.o
                0x0000000008002bac                HAL_PWR_EnableBkUpAccess
 .text.HAL_PWREx_GetVoltageRange
                0x0000000008002bcc       0x1c ./Drivers/STM32L4xx_HAL_Driver/Src/stm32l4xx_hal_pwr_ex.o
                0x0000000008002bcc                HAL_PWREx_GetVoltageRange
 .text.HAL_PWREx_ControlVoltageScaling
                0x0000000008002be8       0xac ./Drivers/STM32L4xx_HAL_Driver/Src/stm32l4xx_hal_pwr_ex.o
                0x0000000008002be8                HAL_PWREx_ControlVoltageScaling
 .text.HAL_PWREx_EnableVddUSB
                0x0000000008002c94       0x20 ./Drivers/STM32L4xx_HAL_Driver/Src/stm32l4xx_hal_pwr_ex.o
                0x0000000008002c94                HAL_PWREx_EnableVddUSB
 .text.HAL_PWREx_DisableVddUSB
                0x0000000008002cb4       0x20 ./Drivers/STM32L4xx_HAL_Driver/Src/stm32l4xx_hal_pwr_ex.o
                0x0000000008002cb4                HAL_PWREx_DisableVddUSB
 .text.HAL_QSPI_Init
                0x0000000008002cd4       0xec ./Drivers/STM32L4xx_HAL_Driver/Src/stm32l4xx_hal_qspi.o
                0x0000000008002cd4                HAL_QSPI_Init
 .text.HAL_QSPI_Command
                0x0000000008002dc0       0xbc ./Drivers/STM32L4xx_HAL_Driver/Src/stm32l4xx_hal_qspi.o
                0x0000000008002dc0                HAL_QSPI_Command
 .text.HAL_QSPI_Transmit
                0x0000000008002e7c      0x12e ./Drivers/STM32L4xx_HAL_Driver/Src/stm32l4xx_hal_qspi.o
                0x0000000008002e7c                HAL_QSPI_Transmit
 .text.HAL_QSPI_Receive
                0x0000000008002faa      0x144 ./Drivers/STM32L4xx_HAL_Driver/Src/stm32l4xx_hal_qspi.o
                0x0000000008002faa                HAL_QSPI_Receive
 .text.HAL_QSPI_AutoPolling
                0x00000000080030ee       0xee ./Drivers/STM32L4xx_HAL_Driver/Src/stm32l4xx_hal_qspi.o
                0x00000000080030ee                HAL_QSPI_AutoPolling
 .text.HAL_QSPI_Abort
                0x00000000080031dc       0xda ./Drivers/STM32L4xx_HAL_Driver/Src/stm32l4xx_hal_qspi.o
                0x00000000080031dc                HAL_QSPI_Abort
 .text.HAL_QSPI_SetTimeout
                0x00000000080032b6       0x1c ./Drivers/STM32L4xx_HAL_Driver/Src/stm32l4xx_hal_qspi.o
                0x00000000080032b6                HAL_QSPI_SetTimeout
 .text.QSPI_WaitFlagStateUntilTimeout
                0x00000000080032d2       0x6e ./Drivers/STM32L4xx_HAL_Driver/Src/stm32l4xx_hal_qspi.o
 .text.QSPI_Config
                0x0000000008003340      0x30c ./Drivers/STM32L4xx_HAL_Driver/Src/stm32l4xx_hal_qspi.o
 .text.HAL_RCC_OscConfig
                0x000000000800364c      0x7d0 ./Drivers/STM32L4xx_HAL_Driver/Src/stm32l4xx_hal_rcc.o
                0x000000000800364c                HAL_RCC_OscConfig
 .text.HAL_RCC_ClockConfig
                0x0000000008003e1c      0x1c4 ./Drivers/STM32L4xx_HAL_Driver/Src/stm32l4xx_hal_rcc.o
                0x0000000008003e1c                HAL_RCC_ClockConfig
 .text.HAL_RCC_GetSysClockFreq
                0x0000000008003fe0      0x118 ./Drivers/STM32L4xx_HAL_Driver/Src/stm32l4xx_hal_rcc.o
                0x0000000008003fe0                HAL_RCC_GetSysClockFreq
 .text.HAL_RCC_GetHCLKFreq
                0x00000000080040f8       0x18 ./Drivers/STM32L4xx_HAL_Driver/Src/stm32l4xx_hal_rcc.o
                0x00000000080040f8                HAL_RCC_GetHCLKFreq
 .text.RCC_SetFlashLatencyFromMSIRange
                0x0000000008004110       0xc0 ./Drivers/STM32L4xx_HAL_Driver/Src/stm32l4xx_hal_rcc.o
 .text.HAL_RCCEx_PeriphCLKConfig
                0x00000000080041d0      0x5d4 ./Drivers/STM32L4xx_HAL_Driver/Src/stm32l4xx_hal_rcc_ex.o
                0x00000000080041d0                HAL_RCCEx_PeriphCLKConfig
 .text.HAL_RCCEx_EnableMSIPLLMode
                0x00000000080047a4       0x20 ./Drivers/STM32L4xx_HAL_Driver/Src/stm32l4xx_hal_rcc_ex.o
                0x00000000080047a4                HAL_RCCEx_EnableMSIPLLMode
 .text.RCCEx_PLLSAI1_Config
                0x00000000080047c4      0x1e8 ./Drivers/STM32L4xx_HAL_Driver/Src/stm32l4xx_hal_rcc_ex.o
 .text.RCCEx_PLLSAI2_Config
                0x00000000080049ac      0x1bc ./Drivers/STM32L4xx_HAL_Driver/Src/stm32l4xx_hal_rcc_ex.o
 .text.USB_CoreInit
                0x0000000008004b68       0x58 ./Drivers/STM32L4xx_HAL_Driver/Src/stm32l4xx_ll_usb.o
                0x0000000008004b68                USB_CoreInit
 .text.USB_SetTurnaroundTime
                0x0000000008004bc0      0x138 ./Drivers/STM32L4xx_HAL_Driver/Src/stm32l4xx_ll_usb.o
                0x0000000008004bc0                USB_SetTurnaroundTime
 .text.USB_EnableGlobalInt
                0x0000000008004cf8       0x22 ./Drivers/STM32L4xx_HAL_Driver/Src/stm32l4xx_ll_usb.o
                0x0000000008004cf8                USB_EnableGlobalInt
 .text.USB_DisableGlobalInt
                0x0000000008004d1a       0x22 ./Drivers/STM32L4xx_HAL_Driver/Src/stm32l4xx_ll_usb.o
                0x0000000008004d1a                USB_DisableGlobalInt
 .text.USB_SetCurrentMode
                0x0000000008004d3c       0x98 ./Drivers/STM32L4xx_HAL_Driver/Src/stm32l4xx_ll_usb.o
                0x0000000008004d3c                USB_SetCurrentMode
 .text.USB_DevInit
                0x0000000008004dd4      0x298 ./Drivers/STM32L4xx_HAL_Driver/Src/stm32l4xx_ll_usb.o
                0x0000000008004dd4                USB_DevInit
 .text.USB_FlushTxFifo
                0x000000000800506c       0x64 ./Drivers/STM32L4xx_HAL_Driver/Src/stm32l4xx_ll_usb.o
                0x000000000800506c                USB_FlushTxFifo
 .text.USB_FlushRxFifo
                0x00000000080050d0       0x5c ./Drivers/STM32L4xx_HAL_Driver/Src/stm32l4xx_ll_usb.o
                0x00000000080050d0                USB_FlushRxFifo
 .text.USB_SetDevSpeed
                0x000000000800512c       0x32 ./Drivers/STM32L4xx_HAL_Driver/Src/stm32l4xx_ll_usb.o
                0x000000000800512c                USB_SetDevSpeed
 .text.USB_GetDevSpeed
                0x000000000800515e       0x3e ./Drivers/STM32L4xx_HAL_Driver/Src/stm32l4xx_ll_usb.o
                0x000000000800515e                USB_GetDevSpeed
 .text.USB_ActivateEndpoint
                0x000000000800519c      0x10e ./Drivers/STM32L4xx_HAL_Driver/Src/stm32l4xx_ll_usb.o
                0x000000000800519c                USB_ActivateEndpoint
 *fill*         0x00000000080052aa        0x2 
 .text.USB_DeactivateEndpoint
                0x00000000080052ac      0x1b8 ./Drivers/STM32L4xx_HAL_Driver/Src/stm32l4xx_ll_usb.o
                0x00000000080052ac                USB_DeactivateEndpoint
 .text.USB_EPStartXfer
                0x0000000008005464      0x3b8 ./Drivers/STM32L4xx_HAL_Driver/Src/stm32l4xx_ll_usb.o
                0x0000000008005464                USB_EPStartXfer
 .text.USB_EP0StartXfer
                0x000000000800581c      0x23c ./Drivers/STM32L4xx_HAL_Driver/Src/stm32l4xx_ll_usb.o
                0x000000000800581c                USB_EP0StartXfer
 .text.USB_WritePacket
                0x0000000008005a58       0x74 ./Drivers/STM32L4xx_HAL_Driver/Src/stm32l4xx_ll_usb.o
                0x0000000008005a58                USB_WritePacket
 .text.USB_ReadPacket
                0x0000000008005acc       0xb0 ./Drivers/STM32L4xx_HAL_Driver/Src/stm32l4xx_ll_usb.o
                0x0000000008005acc                USB_ReadPacket
 .text.USB_EPSetStall
                0x0000000008005b7c       0xdc ./Drivers/STM32L4xx_HAL_Driver/Src/stm32l4xx_ll_usb.o
                0x0000000008005b7c                USB_EPSetStall
 .text.USB_EPClearStall
                0x0000000008005c58       0xcc ./Drivers/STM32L4xx_HAL_Driver/Src/stm32l4xx_ll_usb.o
                0x0000000008005c58                USB_EPClearStall
 .text.USB_StopDevice
                0x0000000008005d24       0x9e ./Drivers/STM32L4xx_HAL_Driver/Src/stm32l4xx_ll_usb.o
                0x0000000008005d24                USB_StopDevice
 .text.USB_SetDevAddress
                0x0000000008005dc2       0x4c ./Drivers/STM32L4xx_HAL_Driver/Src/stm32l4xx_ll_usb.o
                0x0000000008005dc2                USB_SetDevAddress
 .text.USB_DevConnect
                0x0000000008005e0e       0x42 ./Drivers/STM32L4xx_HAL_Driver/Src/stm32l4xx_ll_usb.o
                0x0000000008005e0e                USB_DevConnect
 .text.USB_DevDisconnect
                0x0000000008005e50       0x42 ./Drivers/STM32L4xx_HAL_Driver/Src/stm32l4xx_ll_usb.o
                0x0000000008005e50                USB_DevDisconnect
 .text.USB_ReadInterrupts
                0x0000000008005e92       0x26 ./Drivers/STM32L4xx_HAL_Driver/Src/stm32l4xx_ll_usb.o
                0x0000000008005e92                USB_ReadInterrupts
 .text.USB_ReadDevAllOutEpInterrupt
                0x0000000008005eb8       0x34 ./Drivers/STM32L4xx_HAL_Driver/Src/stm32l4xx_ll_usb.o
                0x0000000008005eb8                USB_ReadDevAllOutEpInterrupt
 .text.USB_ReadDevAllInEpInterrupt
                0x0000000008005eec       0x34 ./Drivers/STM32L4xx_HAL_Driver/Src/stm32l4xx_ll_usb.o
                0x0000000008005eec                USB_ReadDevAllInEpInterrupt
 .text.USB_ReadDevOutEPInterrupt
                0x0000000008005f20       0x3c ./Drivers/STM32L4xx_HAL_Driver/Src/stm32l4xx_ll_usb.o
                0x0000000008005f20                USB_ReadDevOutEPInterrupt
 .text.USB_ReadDevInEPInterrupt
                0x0000000008005f5c       0x5c ./Drivers/STM32L4xx_HAL_Driver/Src/stm32l4xx_ll_usb.o
                0x0000000008005f5c                USB_ReadDevInEPInterrupt
 .text.USB_GetMode
                0x0000000008005fb8       0x1c ./Drivers/STM32L4xx_HAL_Driver/Src/stm32l4xx_ll_usb.o
                0x0000000008005fb8                USB_GetMode
 .text.USB_ActivateSetup
                0x0000000008005fd4       0x46 ./Drivers/STM32L4xx_HAL_Driver/Src/stm32l4xx_ll_usb.o
                0x0000000008005fd4                USB_ActivateSetup
 *fill*         0x000000000800601a        0x2 
 .text.USB_EP0_OutStart
                0x000000000800601c       0x90 ./Drivers/STM32L4xx_HAL_Driver/Src/stm32l4xx_ll_usb.o
                0x000000000800601c                USB_EP0_OutStart
 .text.USB_CoreReset
                0x00000000080060ac       0x64 ./Drivers/STM32L4xx_HAL_Driver/Src/stm32l4xx_ll_usb.o
 .text.USBD_MSC_Init
                0x0000000008006110       0x9a ./Middlewares/ST/STM32_USB_Device_Library/Class/MSC/Src/usbd_msc.o
                0x0000000008006110                USBD_MSC_Init
 .text.USBD_MSC_DeInit
                0x00000000080061aa       0x58 ./Middlewares/ST/STM32_USB_Device_Library/Class/MSC/Src/usbd_msc.o
                0x00000000080061aa                USBD_MSC_DeInit
 *fill*         0x0000000008006202        0x2 
 .text.USBD_MSC_Setup
                0x0000000008006204      0x1e4 ./Middlewares/ST/STM32_USB_Device_Library/Class/MSC/Src/usbd_msc.o
                0x0000000008006204                USBD_MSC_Setup
 .text.USBD_MSC_DataIn
                0x00000000080063e8       0x20 ./Middlewares/ST/STM32_USB_Device_Library/Class/MSC/Src/usbd_msc.o
                0x00000000080063e8                USBD_MSC_DataIn
 .text.USBD_MSC_DataOut
                0x0000000008006408       0x20 ./Middlewares/ST/STM32_USB_Device_Library/Class/MSC/Src/usbd_msc.o
                0x0000000008006408                USBD_MSC_DataOut
 .text.USBD_MSC_GetHSCfgDesc
                0x0000000008006428       0x20 ./Middlewares/ST/STM32_USB_Device_Library/Class/MSC/Src/usbd_msc.o
                0x0000000008006428                USBD_MSC_GetHSCfgDesc
 .text.USBD_MSC_GetFSCfgDesc
                0x0000000008006448       0x20 ./Middlewares/ST/STM32_USB_Device_Library/Class/MSC/Src/usbd_msc.o
                0x0000000008006448                USBD_MSC_GetFSCfgDesc
 .text.USBD_MSC_GetOtherSpeedCfgDesc
                0x0000000008006468       0x20 ./Middlewares/ST/STM32_USB_Device_Library/Class/MSC/Src/usbd_msc.o
                0x0000000008006468                USBD_MSC_GetOtherSpeedCfgDesc
 .text.USBD_MSC_GetDeviceQualifierDescriptor
                0x0000000008006488       0x20 ./Middlewares/ST/STM32_USB_Device_Library/Class/MSC/Src/usbd_msc.o
                0x0000000008006488                USBD_MSC_GetDeviceQualifierDescriptor
 .text.USBD_MSC_RegisterStorage
                0x00000000080064a8       0x2a ./Middlewares/ST/STM32_USB_Device_Library/Class/MSC/Src/usbd_msc.o
                0x00000000080064a8                USBD_MSC_RegisterStorage
 .text.MSC_BOT_Init
                0x00000000080064d2       0x7e ./Middlewares/ST/STM32_USB_Device_Library/Class/MSC/Src/usbd_msc_bot.o
                0x00000000080064d2                MSC_BOT_Init
 .text.MSC_BOT_Reset
                0x0000000008006550       0x4e ./Middlewares/ST/STM32_USB_Device_Library/Class/MSC/Src/usbd_msc_bot.o
                0x0000000008006550                MSC_BOT_Reset
 .text.MSC_BOT_DeInit
                0x000000000800659e       0x28 ./Middlewares/ST/STM32_USB_Device_Library/Class/MSC/Src/usbd_msc_bot.o
                0x000000000800659e                MSC_BOT_DeInit
 .text.MSC_BOT_DataIn
                0x00000000080065c6       0x70 ./Middlewares/ST/STM32_USB_Device_Library/Class/MSC/Src/usbd_msc_bot.o
                0x00000000080065c6                MSC_BOT_DataIn
 .text.MSC_BOT_DataOut
                0x0000000008006636       0x64 ./Middlewares/ST/STM32_USB_Device_Library/Class/MSC/Src/usbd_msc_bot.o
                0x0000000008006636                MSC_BOT_DataOut
 *fill*         0x000000000800669a        0x2 
 .text.MSC_BOT_CBW_Decode
                0x000000000800669c      0x130 ./Middlewares/ST/STM32_USB_Device_Library/Class/MSC/Src/usbd_msc_bot.o
 .text.MSC_BOT_SendData
                0x00000000080067cc       0x68 ./Middlewares/ST/STM32_USB_Device_Library/Class/MSC/Src/usbd_msc_bot.o
 .text.MSC_BOT_SendCSW
                0x0000000008006834       0x6c ./Middlewares/ST/STM32_USB_Device_Library/Class/MSC/Src/usbd_msc_bot.o
                0x0000000008006834                MSC_BOT_SendCSW
 .text.MSC_BOT_Abort
                0x00000000080068a0       0x68 ./Middlewares/ST/STM32_USB_Device_Library/Class/MSC/Src/usbd_msc_bot.o
 .text.MSC_BOT_CplClrFeature
                0x0000000008006908       0x5a ./Middlewares/ST/STM32_USB_Device_Library/Class/MSC/Src/usbd_msc_bot.o
                0x0000000008006908                MSC_BOT_CplClrFeature
 *fill*         0x0000000008006962        0x2 
 .text.SCSI_ProcessCmd
                0x0000000008006964      0x2fc ./Middlewares/ST/STM32_USB_Device_Library/Class/MSC/Src/usbd_msc_scsi.o
                0x0000000008006964                SCSI_ProcessCmd
 .text.SCSI_TestUnitReady
                0x0000000008006c60       0xa8 ./Middlewares/ST/STM32_USB_Device_Library/Class/MSC/Src/usbd_msc_scsi.o
 .text.SCSI_Inquiry
                0x0000000008006d08       0xf0 ./Middlewares/ST/STM32_USB_Device_Library/Class/MSC/Src/usbd_msc_scsi.o
 .text.SCSI_ReadCapacity10
                0x0000000008006df8      0x10c ./Middlewares/ST/STM32_USB_Device_Library/Class/MSC/Src/usbd_msc_scsi.o
 .text.SCSI_ReadCapacity16
                0x0000000008006f04      0x176 ./Middlewares/ST/STM32_USB_Device_Library/Class/MSC/Src/usbd_msc_scsi.o
 .text.SCSI_ReadFormatCapacity
                0x000000000800707a       0xe8 ./Middlewares/ST/STM32_USB_Device_Library/Class/MSC/Src/usbd_msc_scsi.o
 *fill*         0x0000000008007162        0x2 
 .text.SCSI_ModeSense6
                0x0000000008007164       0x58 ./Middlewares/ST/STM32_USB_Device_Library/Class/MSC/Src/usbd_msc_scsi.o
 .text.SCSI_ModeSense10
                0x00000000080071bc       0x58 ./Middlewares/ST/STM32_USB_Device_Library/Class/MSC/Src/usbd_msc_scsi.o
 .text.SCSI_RequestSense
                0x0000000008007214      0x12c ./Middlewares/ST/STM32_USB_Device_Library/Class/MSC/Src/usbd_msc_scsi.o
 .text.SCSI_SenseCode
                0x0000000008007340       0xb0 ./Middlewares/ST/STM32_USB_Device_Library/Class/MSC/Src/usbd_msc_scsi.o
                0x0000000008007340                SCSI_SenseCode
 .text.SCSI_StartStopUnit
                0x00000000080073f0       0xb2 ./Middlewares/ST/STM32_USB_Device_Library/Class/MSC/Src/usbd_msc_scsi.o
 .text.SCSI_AllowPreventRemovable
                0x00000000080074a2       0x5a ./Middlewares/ST/STM32_USB_Device_Library/Class/MSC/Src/usbd_msc_scsi.o
 .text.SCSI_Read10
                0x00000000080074fc      0x15c ./Middlewares/ST/STM32_USB_Device_Library/Class/MSC/Src/usbd_msc_scsi.o
 .text.SCSI_Read12
                0x0000000008007658      0x170 ./Middlewares/ST/STM32_USB_Device_Library/Class/MSC/Src/usbd_msc_scsi.o
 .text.SCSI_Write10
                0x00000000080077c8      0x1a4 ./Middlewares/ST/STM32_USB_Device_Library/Class/MSC/Src/usbd_msc_scsi.o
 .text.SCSI_Write12
                0x000000000800796c      0x1c4 ./Middlewares/ST/STM32_USB_Device_Library/Class/MSC/Src/usbd_msc_scsi.o
 .text.SCSI_Verify10
                0x0000000008007b30       0x76 ./Middlewares/ST/STM32_USB_Device_Library/Class/MSC/Src/usbd_msc_scsi.o
 .text.SCSI_CheckAddressRange
                0x0000000008007ba6       0x52 ./Middlewares/ST/STM32_USB_Device_Library/Class/MSC/Src/usbd_msc_scsi.o
 .text.SCSI_ProcessRead
                0x0000000008007bf8      0x114 ./Middlewares/ST/STM32_USB_Device_Library/Class/MSC/Src/usbd_msc_scsi.o
 .text.SCSI_ProcessWrite
                0x0000000008007d0c      0x13a ./Middlewares/ST/STM32_USB_Device_Library/Class/MSC/Src/usbd_msc_scsi.o
 .text.SCSI_UpdateBotData
                0x0000000008007e46       0x52 ./Middlewares/ST/STM32_USB_Device_Library/Class/MSC/Src/usbd_msc_scsi.o
 .text.USBD_Init
                0x0000000008007e98       0x60 ./Middlewares/ST/STM32_USB_Device_Library/Core/Src/usbd_core.o
                0x0000000008007e98                USBD_Init
 .text.USBD_DeInit
                0x0000000008007ef8       0x68 ./Middlewares/ST/STM32_USB_Device_Library/Core/Src/usbd_core.o
                0x0000000008007ef8                USBD_DeInit
 .text.USBD_RegisterClass
                0x0000000008007f60       0x4e ./Middlewares/ST/STM32_USB_Device_Library/Core/Src/usbd_core.o
                0x0000000008007f60                USBD_RegisterClass
 .text.USBD_Start
                0x0000000008007fae       0x18 ./Middlewares/ST/STM32_USB_Device_Library/Core/Src/usbd_core.o
                0x0000000008007fae                USBD_Start
 .text.USBD_RunTestMode
                0x0000000008007fc6       0x16 ./Middlewares/ST/STM32_USB_Device_Library/Core/Src/usbd_core.o
                0x0000000008007fc6                USBD_RunTestMode
 .text.USBD_SetClassConfig
                0x0000000008007fdc       0x38 ./Middlewares/ST/STM32_USB_Device_Library/Core/Src/usbd_core.o
                0x0000000008007fdc                USBD_SetClassConfig
 .text.USBD_ClrClassConfig
                0x0000000008008014       0x30 ./Middlewares/ST/STM32_USB_Device_Library/Core/Src/usbd_core.o
                0x0000000008008014                USBD_ClrClassConfig
 .text.USBD_LL_SetupStage
                0x0000000008008044       0xaa ./Middlewares/ST/STM32_USB_Device_Library/Core/Src/usbd_core.o
                0x0000000008008044                USBD_LL_SetupStage
 .text.USBD_LL_DataOutStage
                0x00000000080080ee       0xc6 ./Middlewares/ST/STM32_USB_Device_Library/Core/Src/usbd_core.o
                0x00000000080080ee                USBD_LL_DataOutStage
 .text.USBD_LL_DataInStage
                0x00000000080081b4      0x12c ./Middlewares/ST/STM32_USB_Device_Library/Core/Src/usbd_core.o
                0x00000000080081b4                USBD_LL_DataInStage
 .text.USBD_LL_Reset
                0x00000000080082e0       0x9c ./Middlewares/ST/STM32_USB_Device_Library/Core/Src/usbd_core.o
                0x00000000080082e0                USBD_LL_Reset
 .text.USBD_LL_SetSpeed
                0x000000000800837c       0x20 ./Middlewares/ST/STM32_USB_Device_Library/Core/Src/usbd_core.o
                0x000000000800837c                USBD_LL_SetSpeed
 .text.USBD_LL_Suspend
                0x000000000800839c       0x2c ./Middlewares/ST/STM32_USB_Device_Library/Core/Src/usbd_core.o
                0x000000000800839c                USBD_LL_Suspend
 .text.USBD_LL_Resume
                0x00000000080083c8       0x30 ./Middlewares/ST/STM32_USB_Device_Library/Core/Src/usbd_core.o
                0x00000000080083c8                USBD_LL_Resume
 .text.USBD_LL_SOF
                0x00000000080083f8       0x44 ./Middlewares/ST/STM32_USB_Device_Library/Core/Src/usbd_core.o
                0x00000000080083f8                USBD_LL_SOF
 .text.USBD_LL_IsoINIncomplete
                0x000000000800843c       0x4c ./Middlewares/ST/STM32_USB_Device_Library/Core/Src/usbd_core.o
                0x000000000800843c                USBD_LL_IsoINIncomplete
 .text.USBD_LL_IsoOUTIncomplete
                0x0000000008008488       0x4c ./Middlewares/ST/STM32_USB_Device_Library/Core/Src/usbd_core.o
                0x0000000008008488                USBD_LL_IsoOUTIncomplete
 .text.USBD_LL_DevConnected
                0x00000000080084d4       0x16 ./Middlewares/ST/STM32_USB_Device_Library/Core/Src/usbd_core.o
                0x00000000080084d4                USBD_LL_DevConnected
 .text.USBD_LL_DevDisconnected
                0x00000000080084ea       0x38 ./Middlewares/ST/STM32_USB_Device_Library/Core/Src/usbd_core.o
                0x00000000080084ea                USBD_LL_DevDisconnected
 .text.SWAPBYTE
                0x0000000008008522       0x3c ./Middlewares/ST/STM32_USB_Device_Library/Core/Src/usbd_ctlreq.o
 *fill*         0x000000000800855e        0x2 
 .text.USBD_StdDevReq
                0x0000000008008560       0xdc ./Middlewares/ST/STM32_USB_Device_Library/Core/Src/usbd_ctlreq.o
                0x0000000008008560                USBD_StdDevReq
 .text.USBD_StdItfReq
                0x000000000800863c       0x92 ./Middlewares/ST/STM32_USB_Device_Library/Core/Src/usbd_ctlreq.o
                0x000000000800863c                USBD_StdItfReq
 .text.USBD_StdEPReq
                0x00000000080086ce      0x2c4 ./Middlewares/ST/STM32_USB_Device_Library/Core/Src/usbd_ctlreq.o
                0x00000000080086ce                USBD_StdEPReq
 *fill*         0x0000000008008992        0x2 
 .text.USBD_GetDescriptor
                0x0000000008008994      0x2d4 ./Middlewares/ST/STM32_USB_Device_Library/Core/Src/usbd_ctlreq.o
 .text.USBD_SetAddress
                0x0000000008008c68       0x88 ./Middlewares/ST/STM32_USB_Device_Library/Core/Src/usbd_ctlreq.o
 .text.USBD_SetConfig
                0x0000000008008cf0      0x14c ./Middlewares/ST/STM32_USB_Device_Library/Core/Src/usbd_ctlreq.o
 .text.USBD_GetConfig
                0x0000000008008e3c       0x6c ./Middlewares/ST/STM32_USB_Device_Library/Core/Src/usbd_ctlreq.o
 .text.USBD_GetStatus
                0x0000000008008ea8       0x68 ./Middlewares/ST/STM32_USB_Device_Library/Core/Src/usbd_ctlreq.o
 .text.USBD_SetFeature
                0x0000000008008f10       0x28 ./Middlewares/ST/STM32_USB_Device_Library/Core/Src/usbd_ctlreq.o
 .text.USBD_ClrFeature
                0x0000000008008f38       0x44 ./Middlewares/ST/STM32_USB_Device_Library/Core/Src/usbd_ctlreq.o
 .text.USBD_ParseSetupRequest
                0x0000000008008f7c       0x74 ./Middlewares/ST/STM32_USB_Device_Library/Core/Src/usbd_ctlreq.o
                0x0000000008008f7c                USBD_ParseSetupRequest
 .text.USBD_CtlError
                0x0000000008008ff0       0x22 ./Middlewares/ST/STM32_USB_Device_Library/Core/Src/usbd_ctlreq.o
                0x0000000008008ff0                USBD_CtlError
 .text.USBD_GetString
                0x0000000008009012       0x8c ./Middlewares/ST/STM32_USB_Device_Library/Core/Src/usbd_ctlreq.o
                0x0000000008009012                USBD_GetString
 .text.USBD_GetLen
                0x000000000800909e       0x34 ./Middlewares/ST/STM32_USB_Device_Library/Core/Src/usbd_ctlreq.o
 .text.USBD_CtlSendData
                0x00000000080090d2       0x36 ./Middlewares/ST/STM32_USB_Device_Library/Core/Src/usbd_ioreq.o
                0x00000000080090d2                USBD_CtlSendData
 .text.USBD_CtlContinueSendData
                0x0000000008009108       0x22 ./Middlewares/ST/STM32_USB_Device_Library/Core/Src/usbd_ioreq.o
                0x0000000008009108                USBD_CtlContinueSendData
 .text.USBD_CtlContinueRx
                0x000000000800912a       0x22 ./Middlewares/ST/STM32_USB_Device_Library/Core/Src/usbd_ioreq.o
                0x000000000800912a                USBD_CtlContinueRx
 .text.USBD_CtlSendStatus
                0x000000000800914c       0x26 ./Middlewares/ST/STM32_USB_Device_Library/Core/Src/usbd_ioreq.o
                0x000000000800914c                USBD_CtlSendStatus
 .text.USBD_CtlReceiveStatus
                0x0000000008009172       0x26 ./Middlewares/ST/STM32_USB_Device_Library/Core/Src/usbd_ioreq.o
                0x0000000008009172                USBD_CtlReceiveStatus
 .text.makeFreeRtosPriority
                0x0000000008009198       0x30 ./Middlewares/Third_Party/FreeRTOS/Source/CMSIS_RTOS/cmsis_os.o
 .text.osKernelStart
                0x00000000080091c8        0xe ./Middlewares/Third_Party/FreeRTOS/Source/CMSIS_RTOS/cmsis_os.o
                0x00000000080091c8                osKernelStart
 .text.osThreadCreate
                0x00000000080091d6       0x98 ./Middlewares/Third_Party/FreeRTOS/Source/CMSIS_RTOS/cmsis_os.o
                0x00000000080091d6                osThreadCreate
 .text.osDelay  0x000000000800926e       0x28 ./Middlewares/Third_Party/FreeRTOS/Source/CMSIS_RTOS/cmsis_os.o
                0x000000000800926e                osDelay
 .text.osSystickHandler
                0x0000000008009296       0x16 ./Middlewares/Third_Party/FreeRTOS/Source/CMSIS_RTOS/cmsis_os.o
                0x0000000008009296                osSystickHandler
 .text.vListInitialise
                0x00000000080092ac       0x40 ./Middlewares/Third_Party/FreeRTOS/Source/list.o
                0x00000000080092ac                vListInitialise
 .text.vListInitialiseItem
                0x00000000080092ec       0x1a ./Middlewares/Third_Party/FreeRTOS/Source/list.o
                0x00000000080092ec                vListInitialiseItem
 .text.vListInsertEnd
                0x0000000008009306       0x48 ./Middlewares/Third_Party/FreeRTOS/Source/list.o
                0x0000000008009306                vListInsertEnd
 .text.vListInsert
                0x000000000800934e       0x72 ./Middlewares/Third_Party/FreeRTOS/Source/list.o
                0x000000000800934e                vListInsert
 .text.uxListRemove
                0x00000000080093c0       0x54 ./Middlewares/Third_Party/FreeRTOS/Source/list.o
                0x00000000080093c0                uxListRemove
 .text.xTaskCreateStatic
                0x0000000008009414       0xba ./Middlewares/Third_Party/FreeRTOS/Source/tasks.o
                0x0000000008009414                xTaskCreateStatic
 .text.xTaskCreate
                0x00000000080094ce       0x8a ./Middlewares/Third_Party/FreeRTOS/Source/tasks.o
                0x00000000080094ce                xTaskCreate
 .text.prvInitialiseNewTask
                0x0000000008009558      0x10e ./Middlewares/Third_Party/FreeRTOS/Source/tasks.o
 *fill*         0x0000000008009666        0x2 
 .text.prvAddNewTaskToReadyList
                0x0000000008009668       0xd4 ./Middlewares/Third_Party/FreeRTOS/Source/tasks.o
 .text.vTaskDelay
                0x000000000800973c       0x68 ./Middlewares/Third_Party/FreeRTOS/Source/tasks.o
                0x000000000800973c                vTaskDelay
 .text.vTaskStartScheduler
                0x00000000080097a4       0xc0 ./Middlewares/Third_Party/FreeRTOS/Source/tasks.o
                0x00000000080097a4                vTaskStartScheduler
 .text.vTaskSuspendAll
                0x0000000008009864       0x1c ./Middlewares/Third_Party/FreeRTOS/Source/tasks.o
                0x0000000008009864                vTaskSuspendAll
 .text.xTaskResumeAll
                0x0000000008009880      0x138 ./Middlewares/Third_Party/FreeRTOS/Source/tasks.o
                0x0000000008009880                xTaskResumeAll
 .text.xTaskIncrementTick
                0x00000000080099b8      0x170 ./Middlewares/Third_Party/FreeRTOS/Source/tasks.o
                0x00000000080099b8                xTaskIncrementTick
 .text.vTaskSwitchContext
                0x0000000008009b28       0xb8 ./Middlewares/Third_Party/FreeRTOS/Source/tasks.o
                0x0000000008009b28                vTaskSwitchContext
 .text.prvIdleTask
                0x0000000008009be0       0x30 ./Middlewares/Third_Party/FreeRTOS/Source/tasks.o
 .text.prvInitialiseTaskLists
                0x0000000008009c10       0x80 ./Middlewares/Third_Party/FreeRTOS/Source/tasks.o
 .text.prvCheckTasksWaitingTermination
                0x0000000008009c90       0x5c ./Middlewares/Third_Party/FreeRTOS/Source/tasks.o
 .text.prvDeleteTCB
                0x0000000008009cec       0x5e ./Middlewares/Third_Party/FreeRTOS/Source/tasks.o
 *fill*         0x0000000008009d4a        0x2 
 .text.prvResetNextTaskUnblockTime
                0x0000000008009d4c       0x40 ./Middlewares/Third_Party/FreeRTOS/Source/tasks.o
 .text.xTaskGetSchedulerState
                0x0000000008009d8c       0x3c ./Middlewares/Third_Party/FreeRTOS/Source/tasks.o
                0x0000000008009d8c                xTaskGetSchedulerState
 .text.prvAddCurrentTaskToDelayedList
                0x0000000008009dc8       0xcc ./Middlewares/Third_Party/FreeRTOS/Source/tasks.o
 .text.pxPortInitialiseStack
                0x0000000008009e94       0x68 ./Middlewares/Third_Party/FreeRTOS/Source/portable/GCC/ARM_CM4F/port.o
                0x0000000008009e94                pxPortInitialiseStack
 .text.prvTaskExitError
                0x0000000008009efc       0x58 ./Middlewares/Third_Party/FreeRTOS/Source/portable/GCC/ARM_CM4F/port.o
 *fill*         0x0000000008009f54        0xc 
 .text.SVC_Handler
                0x0000000008009f60       0x28 ./Middlewares/Third_Party/FreeRTOS/Source/portable/GCC/ARM_CM4F/port.o
                0x0000000008009f60                SVC_Handler
 .text.prvPortStartFirstTask
                0x0000000008009f88       0x28 ./Middlewares/Third_Party/FreeRTOS/Source/portable/GCC/ARM_CM4F/port.o
 .text.xPortStartScheduler
                0x0000000008009fb0      0x144 ./Middlewares/Third_Party/FreeRTOS/Source/portable/GCC/ARM_CM4F/port.o
                0x0000000008009fb0                xPortStartScheduler
 .text.vPortEnterCritical
                0x000000000800a0f4       0x60 ./Middlewares/Third_Party/FreeRTOS/Source/portable/GCC/ARM_CM4F/port.o
                0x000000000800a0f4                vPortEnterCritical
 .text.vPortExitCritical
                0x000000000800a154       0x54 ./Middlewares/Third_Party/FreeRTOS/Source/portable/GCC/ARM_CM4F/port.o
                0x000000000800a154                vPortExitCritical
 *fill*         0x000000000800a1a8        0x8 
 .text.PendSV_Handler
                0x000000000800a1b0       0x68 ./Middlewares/Third_Party/FreeRTOS/Source/portable/GCC/ARM_CM4F/port.o
                0x000000000800a1b0                PendSV_Handler
 .text.xPortSysTickHandler
                0x000000000800a218       0x44 ./Middlewares/Third_Party/FreeRTOS/Source/portable/GCC/ARM_CM4F/port.o
                0x000000000800a218                xPortSysTickHandler
 .text.vPortSetupTimerInterrupt
                0x000000000800a25c       0x48 ./Middlewares/Third_Party/FreeRTOS/Source/portable/GCC/ARM_CM4F/port.o
                0x000000000800a25c                vPortSetupTimerInterrupt
 .text.vPortEnableVFP
                0x000000000800a2a4       0x14 ./Middlewares/Third_Party/FreeRTOS/Source/portable/GCC/ARM_CM4F/port.o
 .text.pvPortMalloc
                0x000000000800a2b8      0x198 ./Middlewares/Third_Party/FreeRTOS/Source/portable/MemMang/heap_4.o
                0x000000000800a2b8                pvPortMalloc
 .text.vPortFree
                0x000000000800a450       0xc4 ./Middlewares/Third_Party/FreeRTOS/Source/portable/MemMang/heap_4.o
                0x000000000800a450                vPortFree
 .text.prvHeapInit
                0x000000000800a514       0xc4 ./Middlewares/Third_Party/FreeRTOS/Source/portable/MemMang/heap_4.o
 .text.prvInsertBlockIntoFreeList
                0x000000000800a5d8       0xb4 ./Middlewares/Third_Party/FreeRTOS/Source/portable/MemMang/heap_4.o
 .text.MX_USB_DEVICE_Init
                0x000000000800a68c       0x60 ./USB_DEVICE/App/usb_device.o
                0x000000000800a68c                MX_USB_DEVICE_Init
 .text.USBD_FS_DeviceDescriptor
                0x000000000800a6ec       0x24 ./USB_DEVICE/App/usbd_desc.o
                0x000000000800a6ec                USBD_FS_DeviceDescriptor
 .text.USBD_FS_LangIDStrDescriptor
                0x000000000800a710       0x24 ./USB_DEVICE/App/usbd_desc.o
                0x000000000800a710                USBD_FS_LangIDStrDescriptor
 .text.USBD_FS_ProductStrDescriptor
                0x000000000800a734       0x3c ./USB_DEVICE/App/usbd_desc.o
                0x000000000800a734                USBD_FS_ProductStrDescriptor
 .text.USBD_FS_ManufacturerStrDescriptor
                0x000000000800a770       0x28 ./USB_DEVICE/App/usbd_desc.o
                0x000000000800a770                USBD_FS_ManufacturerStrDescriptor
 .text.USBD_FS_SerialStrDescriptor
                0x000000000800a798       0x24 ./USB_DEVICE/App/usbd_desc.o
                0x000000000800a798                USBD_FS_SerialStrDescriptor
 .text.USBD_FS_ConfigStrDescriptor
                0x000000000800a7bc       0x3c ./USB_DEVICE/App/usbd_desc.o
                0x000000000800a7bc                USBD_FS_ConfigStrDescriptor
 .text.USBD_FS_InterfaceStrDescriptor
                0x000000000800a7f8       0x3c ./USB_DEVICE/App/usbd_desc.o
                0x000000000800a7f8                USBD_FS_InterfaceStrDescriptor
 .text.Get_SerialNum
                0x000000000800a834       0x58 ./USB_DEVICE/App/usbd_desc.o
 .text.IntToUnicode
                0x000000000800a88c       0x7e ./USB_DEVICE/App/usbd_desc.o
 *fill*         0x000000000800a90a        0x2 
 .text.STORAGE_Init_FS
                0x000000000800a90c       0x38 ./USB_DEVICE/App/usbd_storage_if.o
 .text.STORAGE_GetCapacity_FS
                0x000000000800a944       0x32 ./USB_DEVICE/App/usbd_storage_if.o
 .text.STORAGE_IsReady_FS
                0x000000000800a976       0x52 ./USB_DEVICE/App/usbd_storage_if.o
 .text.STORAGE_IsWriteProtected_FS
                0x000000000800a9c8       0x18 ./USB_DEVICE/App/usbd_storage_if.o
 .text.STORAGE_Read_FS
                0x000000000800a9e0       0xa8 ./USB_DEVICE/App/usbd_storage_if.o
 .text.STORAGE_Write_FS
                0x000000000800aa88       0xd0 ./USB_DEVICE/App/usbd_storage_if.o
 .text.STORAGE_GetMaxLun_FS
                0x000000000800ab58       0x10 ./USB_DEVICE/App/usbd_storage_if.o
 .text.HAL_PCD_MspInit
                0x000000000800ab68      0x124 ./USB_DEVICE/Target/usbd_conf.o
                0x000000000800ab68                HAL_PCD_MspInit
 .text.HAL_PCD_MspDeInit
                0x000000000800ac8c       0x78 ./USB_DEVICE/Target/usbd_conf.o
                0x000000000800ac8c                HAL_PCD_MspDeInit
 .text.HAL_PCD_SetupStageCallback
                0x000000000800ad04       0x24 ./USB_DEVICE/Target/usbd_conf.o
                0x000000000800ad04                HAL_PCD_SetupStageCallback
 .text.HAL_PCD_DataOutStageCallback
                0x000000000800ad28       0x36 ./USB_DEVICE/Target/usbd_conf.o
                0x000000000800ad28                HAL_PCD_DataOutStageCallback
 .text.HAL_PCD_DataInStageCallback
                0x000000000800ad5e       0x34 ./USB_DEVICE/Target/usbd_conf.o
                0x000000000800ad5e                HAL_PCD_DataInStageCallback
 .text.HAL_PCD_SOFCallback
                0x000000000800ad92       0x1c ./USB_DEVICE/Target/usbd_conf.o
                0x000000000800ad92                HAL_PCD_SOFCallback
 .text.HAL_PCD_ResetCallback
                0x000000000800adae       0x3c ./USB_DEVICE/Target/usbd_conf.o
                0x000000000800adae                HAL_PCD_ResetCallback
 *fill*         0x000000000800adea        0x2 
 .text.HAL_PCD_SuspendCallback
                0x000000000800adec       0x4c ./USB_DEVICE/Target/usbd_conf.o
                0x000000000800adec                HAL_PCD_SuspendCallback
 .text.HAL_PCD_ResumeCallback
                0x000000000800ae38       0x50 ./USB_DEVICE/Target/usbd_conf.o
                0x000000000800ae38                HAL_PCD_ResumeCallback
 .text.HAL_PCD_ISOOUTIncompleteCallback
                0x000000000800ae88       0x24 ./USB_DEVICE/Target/usbd_conf.o
                0x000000000800ae88                HAL_PCD_ISOOUTIncompleteCallback
 .text.HAL_PCD_ISOINIncompleteCallback
                0x000000000800aeac       0x24 ./USB_DEVICE/Target/usbd_conf.o
                0x000000000800aeac                HAL_PCD_ISOINIncompleteCallback
 .text.HAL_PCD_ConnectCallback
                0x000000000800aed0       0x1c ./USB_DEVICE/Target/usbd_conf.o
                0x000000000800aed0                HAL_PCD_ConnectCallback
 .text.HAL_PCD_DisconnectCallback
                0x000000000800aeec       0x1c ./USB_DEVICE/Target/usbd_conf.o
                0x000000000800aeec                HAL_PCD_DisconnectCallback
 .text.USBD_LL_Init
                0x000000000800af08       0x98 ./USB_DEVICE/Target/usbd_conf.o
                0x000000000800af08                USBD_LL_Init
 .text.USBD_LL_DeInit
                0x000000000800afa0       0x64 ./USB_DEVICE/Target/usbd_conf.o
                0x000000000800afa0                USBD_LL_DeInit
 .text.USBD_LL_Start
                0x000000000800b004       0x64 ./USB_DEVICE/Target/usbd_conf.o
                0x000000000800b004                USBD_LL_Start
 .text.USBD_LL_Stop
                0x000000000800b068       0x64 ./USB_DEVICE/Target/usbd_conf.o
                0x000000000800b068                USBD_LL_Stop
 .text.USBD_LL_OpenEP
                0x000000000800b0cc       0x7c ./USB_DEVICE/Target/usbd_conf.o
                0x000000000800b0cc                USBD_LL_OpenEP
 .text.USBD_LL_CloseEP
                0x000000000800b148       0x6c ./USB_DEVICE/Target/usbd_conf.o
                0x000000000800b148                USBD_LL_CloseEP
 .text.USBD_LL_FlushEP
                0x000000000800b1b4       0x6c ./USB_DEVICE/Target/usbd_conf.o
                0x000000000800b1b4                USBD_LL_FlushEP
 .text.USBD_LL_StallEP
                0x000000000800b220       0x6c ./USB_DEVICE/Target/usbd_conf.o
                0x000000000800b220                USBD_LL_StallEP
 .text.USBD_LL_ClearStallEP
                0x000000000800b28c       0x6c ./USB_DEVICE/Target/usbd_conf.o
                0x000000000800b28c                USBD_LL_ClearStallEP
 .text.USBD_LL_IsStallEP
                0x000000000800b2f8       0x58 ./USB_DEVICE/Target/usbd_conf.o
                0x000000000800b2f8                USBD_LL_IsStallEP
 .text.USBD_LL_SetUSBAddress
                0x000000000800b350       0x6c ./USB_DEVICE/Target/usbd_conf.o
                0x000000000800b350                USBD_LL_SetUSBAddress
 .text.USBD_LL_Transmit
                0x000000000800b3bc       0x70 ./USB_DEVICE/Target/usbd_conf.o
                0x000000000800b3bc                USBD_LL_Transmit
 .text.USBD_LL_PrepareReceive
                0x000000000800b42c       0x70 ./USB_DEVICE/Target/usbd_conf.o
                0x000000000800b42c                USBD_LL_PrepareReceive
 .text.USBD_LL_GetRxDataSize
                0x000000000800b49c       0x26 ./USB_DEVICE/Target/usbd_conf.o
                0x000000000800b49c                USBD_LL_GetRxDataSize
 *fill*         0x000000000800b4c2        0x2 
 .text.USBD_static_malloc
                0x000000000800b4c4       0x1c ./USB_DEVICE/Target/usbd_conf.o
                0x000000000800b4c4                USBD_static_malloc
 .text.USBD_static_free
                0x000000000800b4e0       0x14 ./USB_DEVICE/Target/usbd_conf.o
                0x000000000800b4e0                USBD_static_free
 .text.SystemClockConfig_Resume
                0x000000000800b4f4        0xc ./USB_DEVICE/Target/usbd_conf.o
 .text.__libc_init_array
                0x000000000800b500       0x48 c:/st/stm32cubeide_1.9.0/stm32cubeide/plugins/com.st.stm32cube.ide.mcu.externaltools.gnu-tools-for-stm32.10.3-2021.10.win32_1.0.0.202111181127/tools/bin/../lib/gcc/arm-none-eabi/10.3.1/../../../../arm-none-eabi/lib/thumb/v7e-m+fp/hard\libc_nano.a(lib_a-init.o)
                0x000000000800b500                __libc_init_array
 .text.memset   0x000000000800b548       0x10 c:/st/stm32cubeide_1.9.0/stm32cubeide/plugins/com.st.stm32cube.ide.mcu.externaltools.gnu-tools-for-stm32.10.3-2021.10.win32_1.0.0.202111181127/tools/bin/../lib/gcc/arm-none-eabi/10.3.1/../../../../arm-none-eabi/lib/thumb/v7e-m+fp/hard\libc_nano.a(lib_a-memset.o)
                0x000000000800b548                memset
 *(.glue_7)
 .glue_7        0x000000000800b558        0x0 linker stubs
 *(.glue_7t)
 .glue_7t       0x000000000800b558        0x0 linker stubs
 *(.eh_frame)
 .eh_frame      0x000000000800b558        0x0 c:/st/stm32cubeide_1.9.0/stm32cubeide/plugins/com.st.stm32cube.ide.mcu.externaltools.gnu-tools-for-stm32.10.3-2021.10.win32_1.0.0.202111181127/tools/bin/../lib/gcc/arm-none-eabi/10.3.1/thumb/v7e-m+fp/hard/crtbegin.o
 *(.init)
 .init          0x000000000800b558        0x4 c:/st/stm32cubeide_1.9.0/stm32cubeide/plugins/com.st.stm32cube.ide.mcu.externaltools.gnu-tools-for-stm32.10.3-2021.10.win32_1.0.0.202111181127/tools/bin/../lib/gcc/arm-none-eabi/10.3.1/thumb/v7e-m+fp/hard/crti.o
                0x000000000800b558                _init
 .init          0x000000000800b55c        0x8 c:/st/stm32cubeide_1.9.0/stm32cubeide/plugins/com.st.stm32cube.ide.mcu.externaltools.gnu-tools-for-stm32.10.3-2021.10.win32_1.0.0.202111181127/tools/bin/../lib/gcc/arm-none-eabi/10.3.1/thumb/v7e-m+fp/hard/crtn.o
 *(.fini)
 .fini          0x000000000800b564        0x4 c:/st/stm32cubeide_1.9.0/stm32cubeide/plugins/com.st.stm32cube.ide.mcu.externaltools.gnu-tools-for-stm32.10.3-2021.10.win32_1.0.0.202111181127/tools/bin/../lib/gcc/arm-none-eabi/10.3.1/thumb/v7e-m+fp/hard/crti.o
                0x000000000800b564                _fini
 .fini          0x000000000800b568        0x8 c:/st/stm32cubeide_1.9.0/stm32cubeide/plugins/com.st.stm32cube.ide.mcu.externaltools.gnu-tools-for-stm32.10.3-2021.10.win32_1.0.0.202111181127/tools/bin/../lib/gcc/arm-none-eabi/10.3.1/thumb/v7e-m+fp/hard/crtn.o
                0x000000000800b570                . = ALIGN (0x4)
                0x000000000800b570                _etext = .

.vfp11_veneer   0x000000000800b570        0x0
 .vfp11_veneer  0x000000000800b570        0x0 linker stubs

.v4_bx          0x000000000800b570        0x0
 .v4_bx         0x000000000800b570        0x0 linker stubs

.iplt           0x000000000800b570        0x0
 .iplt          0x000000000800b570        0x0 c:/st/stm32cubeide_1.9.0/stm32cubeide/plugins/com.st.stm32cube.ide.mcu.externaltools.gnu-tools-for-stm32.10.3-2021.10.win32_1.0.0.202111181127/tools/bin/../lib/gcc/arm-none-eabi/10.3.1/thumb/v7e-m+fp/hard/crtbegin.o

.rodata         0x000000000800b570       0xf8
                0x000000000800b570                . = ALIGN (0x4)
 *(.rodata)
 .rodata        0x000000000800b570       0x48 ./Core/Src/freertos.o
 .rodata        0x000000000800b5b8        0x5 ./Middlewares/Third_Party/FreeRTOS/Source/tasks.o
 *fill*         0x000000000800b5bd        0x3 
 .rodata        0x000000000800b5c0       0x42 ./USB_DEVICE/App/usbd_desc.o
 *(.rodata*)
 *fill*         0x000000000800b602        0x2 
 .rodata.AHBPrescTable
                0x000000000800b604       0x10 ./Core/Src/system_stm32l4xx.o
                0x000000000800b604                AHBPrescTable
 .rodata.MSIRangeTable
                0x000000000800b614       0x30 ./Core/Src/system_stm32l4xx.o
                0x000000000800b614                MSIRangeTable
 .rodata.STORAGE_Inquirydata_FS
                0x000000000800b644       0x24 ./USB_DEVICE/App/usbd_storage_if.o
                0x000000000800b644                STORAGE_Inquirydata_FS
                0x000000000800b668                . = ALIGN (0x4)

.rel.dyn        0x000000000800b668        0x0
 .rel.iplt      0x000000000800b668        0x0 c:/st/stm32cubeide_1.9.0/stm32cubeide/plugins/com.st.stm32cube.ide.mcu.externaltools.gnu-tools-for-stm32.10.3-2021.10.win32_1.0.0.202111181127/tools/bin/../lib/gcc/arm-none-eabi/10.3.1/thumb/v7e-m+fp/hard/crtbegin.o

.ARM.extab      0x000000000800b668        0x0
                0x000000000800b668                . = ALIGN (0x4)
 *(.ARM.extab* .gnu.linkonce.armextab.*)
                0x000000000800b668                . = ALIGN (0x4)

.ARM            0x000000000800b668        0x0
                0x000000000800b668                . = ALIGN (0x4)
                0x000000000800b668                __exidx_start = .
 *(.ARM.exidx*)
                0x000000000800b668                __exidx_end = .
                0x000000000800b668                . = ALIGN (0x4)

.preinit_array  0x000000000800b668        0x0
                0x000000000800b668                . = ALIGN (0x4)
                0x000000000800b668                PROVIDE (__preinit_array_start = .)
 *(.preinit_array*)
                0x000000000800b668                PROVIDE (__preinit_array_end = .)
                0x000000000800b668                . = ALIGN (0x4)

.init_array     0x000000000800b668        0x4
                0x000000000800b668                . = ALIGN (0x4)
                0x000000000800b668                PROVIDE (__init_array_start = .)
 *(SORT_BY_NAME(.init_array.*))
 *(.init_array*)
 .init_array    0x000000000800b668        0x4 c:/st/stm32cubeide_1.9.0/stm32cubeide/plugins/com.st.stm32cube.ide.mcu.externaltools.gnu-tools-for-stm32.10.3-2021.10.win32_1.0.0.202111181127/tools/bin/../lib/gcc/arm-none-eabi/10.3.1/thumb/v7e-m+fp/hard/crtbegin.o
                0x000000000800b66c                PROVIDE (__init_array_end = .)
                0x000000000800b66c                . = ALIGN (0x4)

.fini_array     0x000000000800b66c        0x4
                0x000000000800b66c                . = ALIGN (0x4)
                [!provide]                        PROVIDE (__fini_array_start = .)
 *(SORT_BY_NAME(.fini_array.*))
 *(.fini_array*)
 .fini_array    0x000000000800b66c        0x4 c:/st/stm32cubeide_1.9.0/stm32cubeide/plugins/com.st.stm32cube.ide.mcu.externaltools.gnu-tools-for-stm32.10.3-2021.10.win32_1.0.0.202111181127/tools/bin/../lib/gcc/arm-none-eabi/10.3.1/thumb/v7e-m+fp/hard/crtbegin.o
                [!provide]                        PROVIDE (__fini_array_end = .)
                0x000000000800b670                . = ALIGN (0x4)
                0x000000000800b670                _sidata = LOADADDR (.data)

.data           0x0000000020000000      0x168 load address 0x000000000800b670
                0x0000000020000000                . = ALIGN (0x4)
                0x0000000020000000                _sdata = .
 *(.data)
 *(.data*)
 .data.SystemCoreClock
                0x0000000020000000        0x4 ./Core/Src/system_stm32l4xx.o
                0x0000000020000000                SystemCoreClock
 .data.uwTickPrio
                0x0000000020000004        0x4 ./Drivers/STM32L4xx_HAL_Driver/Src/stm32l4xx_hal.o
                0x0000000020000004                uwTickPrio
 .data.uwTickFreq
                0x0000000020000008        0x1 ./Drivers/STM32L4xx_HAL_Driver/Src/stm32l4xx_hal.o
                0x0000000020000008                uwTickFreq
 *fill*         0x0000000020000009        0x3 
 .data.USBD_MSC
                0x000000002000000c       0x38 ./Middlewares/ST/STM32_USB_Device_Library/Class/MSC/Src/usbd_msc.o
                0x000000002000000c                USBD_MSC
 .data.USBD_MSC_CfgHSDesc
                0x0000000020000044       0x20 ./Middlewares/ST/STM32_USB_Device_Library/Class/MSC/Src/usbd_msc.o
 .data.USBD_MSC_CfgFSDesc
                0x0000000020000064       0x20 ./Middlewares/ST/STM32_USB_Device_Library/Class/MSC/Src/usbd_msc.o
 .data.USBD_MSC_OtherSpeedCfgDesc
                0x0000000020000084       0x20 ./Middlewares/ST/STM32_USB_Device_Library/Class/MSC/Src/usbd_msc.o
 .data.USBD_MSC_DeviceQualifierDesc
                0x00000000200000a4        0xa ./Middlewares/ST/STM32_USB_Device_Library/Class/MSC/Src/usbd_msc.o
 *fill*         0x00000000200000ae        0x2 
 .data.MSC_Page00_Inquiry_Data
                0x00000000200000b0        0x6 ./Middlewares/ST/STM32_USB_Device_Library/Class/MSC/Src/usbd_msc_data.o
                0x00000000200000b0                MSC_Page00_Inquiry_Data
 *fill*         0x00000000200000b6        0x2 
 .data.MSC_Page80_Inquiry_Data
                0x00000000200000b8        0x8 ./Middlewares/ST/STM32_USB_Device_Library/Class/MSC/Src/usbd_msc_data.o
                0x00000000200000b8                MSC_Page80_Inquiry_Data
 .data.MSC_Mode_Sense6_data
                0x00000000200000c0       0x17 ./Middlewares/ST/STM32_USB_Device_Library/Class/MSC/Src/usbd_msc_data.o
                0x00000000200000c0                MSC_Mode_Sense6_data
 *fill*         0x00000000200000d7        0x1 
 .data.MSC_Mode_Sense10_data
                0x00000000200000d8       0x1b ./Middlewares/ST/STM32_USB_Device_Library/Class/MSC/Src/usbd_msc_data.o
                0x00000000200000d8                MSC_Mode_Sense10_data
 *fill*         0x00000000200000f3        0x1 
 .data.uxCriticalNesting
                0x00000000200000f4        0x4 ./Middlewares/Third_Party/FreeRTOS/Source/portable/GCC/ARM_CM4F/port.o
 .data.FS_Desc  0x00000000200000f8       0x1c ./USB_DEVICE/App/usbd_desc.o
                0x00000000200000f8                FS_Desc
 .data.USBD_FS_DeviceDesc
                0x0000000020000114       0x12 ./USB_DEVICE/App/usbd_desc.o
                0x0000000020000114                USBD_FS_DeviceDesc
 *fill*         0x0000000020000126        0x2 
 .data.USBD_LangIDDesc
                0x0000000020000128        0x4 ./USB_DEVICE/App/usbd_desc.o
                0x0000000020000128                USBD_LangIDDesc
 .data.USBD_StringSerial
                0x000000002000012c       0x1a ./USB_DEVICE/App/usbd_desc.o
                0x000000002000012c                USBD_StringSerial
 *fill*         0x0000000020000146        0x2 
 .data.USBD_Storage_Interface_fops_FS
                0x0000000020000148       0x20 ./USB_DEVICE/App/usbd_storage_if.o
                0x0000000020000148                USBD_Storage_Interface_fops_FS
 *(.RamFunc)
 *(.RamFunc*)
                0x0000000020000168                . = ALIGN (0x4)
                0x0000000020000168                _edata = .

.igot.plt       0x0000000020000168        0x0 load address 0x000000000800b7d8
 .igot.plt      0x0000000020000168        0x0 c:/st/stm32cubeide_1.9.0/stm32cubeide/plugins/com.st.stm32cube.ide.mcu.externaltools.gnu-tools-for-stm32.10.3-2021.10.win32_1.0.0.202111181127/tools/bin/../lib/gcc/arm-none-eabi/10.3.1/thumb/v7e-m+fp/hard/crtbegin.o
                0x0000000020000168                . = ALIGN (0x4)

.bss            0x0000000020000168     0xad68 load address 0x000000000800b7d8
                0x0000000020000168                _sbss = .
                0x0000000020000168                __bss_start__ = _sbss
 *(.bss)
 .bss           0x0000000020000168       0x1c c:/st/stm32cubeide_1.9.0/stm32cubeide/plugins/com.st.stm32cube.ide.mcu.externaltools.gnu-tools-for-stm32.10.3-2021.10.win32_1.0.0.202111181127/tools/bin/../lib/gcc/arm-none-eabi/10.3.1/thumb/v7e-m+fp/hard/crtbegin.o
 *(.bss*)
 .bss.appTaskHandle
                0x0000000020000184        0x4 ./Core/Src/freertos.o
                0x0000000020000184                appTaskHandle
 .bss.usbTaskHandle
                0x0000000020000188        0x4 ./Core/Src/freertos.o
                0x0000000020000188                usbTaskHandle
 .bss.xIdleTaskTCBBuffer
                0x000000002000018c       0x54 ./Core/Src/freertos.o
 .bss.xIdleStack
                0x00000000200001e0      0x200 ./Core/Src/freertos.o
 .bss.hqspi     0x00000000200003e0       0x44 ./Core/Src/quadspi.o
                0x00000000200003e0                hqspi
 .bss.uwTick    0x0000000020000424        0x4 ./Drivers/STM32L4xx_HAL_Driver/Src/stm32l4xx_hal.o
                0x0000000020000424                uwTick
 .bss.cfgidx.0  0x0000000020000428        0x1 ./Middlewares/ST/STM32_USB_Device_Library/Core/Src/usbd_ctlreq.o
 *fill*         0x0000000020000429        0x3 
 .bss.pxCurrentTCB
                0x000000002000042c        0x4 ./Middlewares/Third_Party/FreeRTOS/Source/tasks.o
                0x000000002000042c                pxCurrentTCB
 .bss.pxReadyTasksLists
                0x0000000020000430       0x8c ./Middlewares/Third_Party/FreeRTOS/Source/tasks.o
 .bss.xDelayedTaskList1
                0x00000000200004bc       0x14 ./Middlewares/Third_Party/FreeRTOS/Source/tasks.o
 .bss.xDelayedTaskList2
                0x00000000200004d0       0x14 ./Middlewares/Third_Party/FreeRTOS/Source/tasks.o
 .bss.pxDelayedTaskList
                0x00000000200004e4        0x4 ./Middlewares/Third_Party/FreeRTOS/Source/tasks.o
 .bss.pxOverflowDelayedTaskList
                0x00000000200004e8        0x4 ./Middlewares/Third_Party/FreeRTOS/Source/tasks.o
 .bss.xPendingReadyList
                0x00000000200004ec       0x14 ./Middlewares/Third_Party/FreeRTOS/Source/tasks.o
 .bss.xTasksWaitingTermination
                0x0000000020000500       0x14 ./Middlewares/Third_Party/FreeRTOS/Source/tasks.o
 .bss.uxDeletedTasksWaitingCleanUp
                0x0000000020000514        0x4 ./Middlewares/Third_Party/FreeRTOS/Source/tasks.o
 .bss.xSuspendedTaskList
                0x0000000020000518       0x14 ./Middlewares/Third_Party/FreeRTOS/Source/tasks.o
 .bss.uxCurrentNumberOfTasks
                0x000000002000052c        0x4 ./Middlewares/Third_Party/FreeRTOS/Source/tasks.o
 .bss.xTickCount
                0x0000000020000530        0x4 ./Middlewares/Third_Party/FreeRTOS/Source/tasks.o
 .bss.uxTopReadyPriority
                0x0000000020000534        0x4 ./Middlewares/Third_Party/FreeRTOS/Source/tasks.o
 .bss.xSchedulerRunning
                0x0000000020000538        0x4 ./Middlewares/Third_Party/FreeRTOS/Source/tasks.o
 .bss.xPendedTicks
                0x000000002000053c        0x4 ./Middlewares/Third_Party/FreeRTOS/Source/tasks.o
 .bss.xYieldPending
                0x0000000020000540        0x4 ./Middlewares/Third_Party/FreeRTOS/Source/tasks.o
 .bss.xNumOfOverflows
                0x0000000020000544        0x4 ./Middlewares/Third_Party/FreeRTOS/Source/tasks.o
 .bss.uxTaskNumber
                0x0000000020000548        0x4 ./Middlewares/Third_Party/FreeRTOS/Source/tasks.o
 .bss.xNextTaskUnblockTime
                0x000000002000054c        0x4 ./Middlewares/Third_Party/FreeRTOS/Source/tasks.o
 .bss.xIdleTaskHandle
                0x0000000020000550        0x4 ./Middlewares/Third_Party/FreeRTOS/Source/tasks.o
 .bss.uxSchedulerSuspended
                0x0000000020000554        0x4 ./Middlewares/Third_Party/FreeRTOS/Source/tasks.o
 .bss.ucMaxSysCallPriority
                0x0000000020000558        0x1 ./Middlewares/Third_Party/FreeRTOS/Source/portable/GCC/ARM_CM4F/port.o
 *fill*         0x0000000020000559        0x3 
 .bss.ulMaxPRIGROUPValue
                0x000000002000055c        0x4 ./Middlewares/Third_Party/FreeRTOS/Source/portable/GCC/ARM_CM4F/port.o
 .bss.ucHeap    0x0000000020000560     0x8000 ./Middlewares/Third_Party/FreeRTOS/Source/portable/MemMang/heap_4.o
 .bss.xStart    0x0000000020008560        0x8 ./Middlewares/Third_Party/FreeRTOS/Source/portable/MemMang/heap_4.o
 .bss.pxEnd     0x0000000020008568        0x4 ./Middlewares/Third_Party/FreeRTOS/Source/portable/MemMang/heap_4.o
 .bss.xFreeBytesRemaining
                0x000000002000856c        0x4 ./Middlewares/Third_Party/FreeRTOS/Source/portable/MemMang/heap_4.o
 .bss.xMinimumEverFreeBytesRemaining
                0x0000000020008570        0x4 ./Middlewares/Third_Party/FreeRTOS/Source/portable/MemMang/heap_4.o
 .bss.xNumberOfSuccessfulAllocations
                0x0000000020008574        0x4 ./Middlewares/Third_Party/FreeRTOS/Source/portable/MemMang/heap_4.o
 .bss.xNumberOfSuccessfulFrees
                0x0000000020008578        0x4 ./Middlewares/Third_Party/FreeRTOS/Source/portable/MemMang/heap_4.o
 .bss.xBlockAllocatedBit
                0x000000002000857c        0x4 ./Middlewares/Third_Party/FreeRTOS/Source/portable/MemMang/heap_4.o
 .bss.hUsbDeviceFS
                0x0000000020008580      0x2d0 ./USB_DEVICE/App/usb_device.o
                0x0000000020008580                hUsbDeviceFS
 .bss.USBD_StrDesc
                0x0000000020008850      0x200 ./USB_DEVICE/App/usbd_desc.o
                0x0000000020008850                USBD_StrDesc
 .bss.QSPI_ReadBuffer
                0x0000000020008a50     0x1000 ./USB_DEVICE/App/usbd_storage_if.o
                0x0000000020008a50                QSPI_ReadBuffer
 .bss.hpcd_USB_OTG_FS
                0x0000000020009a50      0x408 ./USB_DEVICE/Target/usbd_conf.o
                0x0000000020009a50                hpcd_USB_OTG_FS
 .bss.mem.0     0x0000000020009e58     0x1078 ./USB_DEVICE/Target/usbd_conf.o
 *(COMMON)
                0x000000002000aed0                . = ALIGN (0x4)
                0x000000002000aed0                _ebss = .
                0x000000002000aed0                __bss_end__ = _ebss

._user_heap_stack
                0x000000002000aed0      0x600 load address 0x000000000800b7d8
                0x000000002000aed0                . = ALIGN (0x8)
                [!provide]                        PROVIDE (end = .)
                0x000000002000aed0                PROVIDE (_end = .)
                0x000000002000b0d0                . = (. + _Min_Heap_Size)
 *fill*         0x000000002000aed0      0x200 
                0x000000002000b4d0                . = (. + _Min_Stack_Size)
 *fill*         0x000000002000b0d0      0x400 
                0x000000002000b4d0                . = ALIGN (0x8)

/DISCARD/
 libc.a(*)
 libm.a(*)
 libgcc.a(*)

.ARM.attributes
                0x0000000000000000       0x30
 *(.ARM.attributes)
 .ARM.attributes
                0x0000000000000000       0x1e c:/st/stm32cubeide_1.9.0/stm32cubeide/plugins/com.st.stm32cube.ide.mcu.externaltools.gnu-tools-for-stm32.10.3-2021.10.win32_1.0.0.202111181127/tools/bin/../lib/gcc/arm-none-eabi/10.3.1/thumb/v7e-m+fp/hard/crti.o
 .ARM.attributes
                0x000000000000001e       0x34 c:/st/stm32cubeide_1.9.0/stm32cubeide/plugins/com.st.stm32cube.ide.mcu.externaltools.gnu-tools-for-stm32.10.3-2021.10.win32_1.0.0.202111181127/tools/bin/../lib/gcc/arm-none-eabi/10.3.1/thumb/v7e-m+fp/hard/crtbegin.o
 .ARM.attributes
                0x0000000000000052       0x34 ./Core/Src/freertos.o
 .ARM.attributes
                0x0000000000000086       0x34 ./Core/Src/gpio.o
 .ARM.attributes
                0x00000000000000ba       0x34 ./Core/Src/main.o
 .ARM.attributes
                0x00000000000000ee       0x34 ./Core/Src/quadspi.o
 .ARM.attributes
                0x0000000000000122       0x34 ./Core/Src/stm32l4xx_hal_msp.o
 .ARM.attributes
                0x0000000000000156       0x34 ./Core/Src/stm32l4xx_it.o
 .ARM.attributes
                0x000000000000018a       0x34 ./Core/Src/system_stm32l4xx.o
 .ARM.attributes
                0x00000000000001be       0x21 ./Core/Startup/startup_stm32l476vgtx.o
 .ARM.attributes
                0x00000000000001df       0x34 ./Drivers/STM32L4xx_HAL_Driver/Src/stm32l4xx_hal.o
 .ARM.attributes
                0x0000000000000213       0x34 ./Drivers/STM32L4xx_HAL_Driver/Src/stm32l4xx_hal_cortex.o
 .ARM.attributes
                0x0000000000000247       0x34 ./Drivers/STM32L4xx_HAL_Driver/Src/stm32l4xx_hal_dma.o
 .ARM.attributes
                0x000000000000027b       0x34 ./Drivers/STM32L4xx_HAL_Driver/Src/stm32l4xx_hal_gpio.o
 .ARM.attributes
                0x00000000000002af       0x34 ./Drivers/STM32L4xx_HAL_Driver/Src/stm32l4xx_hal_pcd.o
 .ARM.attributes
                0x00000000000002e3       0x34 ./Drivers/STM32L4xx_HAL_Driver/Src/stm32l4xx_hal_pcd_ex.o
 .ARM.attributes
                0x0000000000000317       0x34 ./Drivers/STM32L4xx_HAL_Driver/Src/stm32l4xx_hal_pwr.o
 .ARM.attributes
                0x000000000000034b       0x34 ./Drivers/STM32L4xx_HAL_Driver/Src/stm32l4xx_hal_pwr_ex.o
 .ARM.attributes
                0x000000000000037f       0x34 ./Drivers/STM32L4xx_HAL_Driver/Src/stm32l4xx_hal_qspi.o
 .ARM.attributes
                0x00000000000003b3       0x34 ./Drivers/STM32L4xx_HAL_Driver/Src/stm32l4xx_hal_rcc.o
 .ARM.attributes
                0x00000000000003e7       0x34 ./Drivers/STM32L4xx_HAL_Driver/Src/stm32l4xx_hal_rcc_ex.o
 .ARM.attributes
                0x000000000000041b       0x34 ./Drivers/STM32L4xx_HAL_Driver/Src/stm32l4xx_ll_usb.o
 .ARM.attributes
                0x000000000000044f       0x34 ./Middlewares/ST/STM32_USB_Device_Library/Class/MSC/Src/usbd_msc.o
 .ARM.attributes
                0x0000000000000483       0x34 ./Middlewares/ST/STM32_USB_Device_Library/Class/MSC/Src/usbd_msc_bot.o
 .ARM.attributes
                0x00000000000004b7       0x34 ./Middlewares/ST/STM32_USB_Device_Library/Class/MSC/Src/usbd_msc_data.o
 .ARM.attributes
                0x00000000000004eb       0x34 ./Middlewares/ST/STM32_USB_Device_Library/Class/MSC/Src/usbd_msc_scsi.o
 .ARM.attributes
                0x000000000000051f       0x34 ./Middlewares/ST/STM32_USB_Device_Library/Core/Src/usbd_core.o
 .ARM.attributes
                0x0000000000000553       0x34 ./Middlewares/ST/STM32_USB_Device_Library/Core/Src/usbd_ctlreq.o
 .ARM.attributes
                0x0000000000000587       0x34 ./Middlewares/ST/STM32_USB_Device_Library/Core/Src/usbd_ioreq.o
 .ARM.attributes
                0x00000000000005bb       0x34 ./Middlewares/Third_Party/FreeRTOS/Source/CMSIS_RTOS/cmsis_os.o
 .ARM.attributes
                0x00000000000005ef       0x34 ./Middlewares/Third_Party/FreeRTOS/Source/list.o
 .ARM.attributes
                0x0000000000000623       0x34 ./Middlewares/Third_Party/FreeRTOS/Source/tasks.o
 .ARM.attributes
                0x0000000000000657       0x34 ./Middlewares/Third_Party/FreeRTOS/Source/portable/GCC/ARM_CM4F/port.o
 .ARM.attributes
                0x000000000000068b       0x34 ./Middlewares/Third_Party/FreeRTOS/Source/portable/MemMang/heap_4.o
 .ARM.attributes
                0x00000000000006bf       0x34 ./USB_DEVICE/App/usb_device.o
 .ARM.attributes
                0x00000000000006f3       0x34 ./USB_DEVICE/App/usbd_desc.o
 .ARM.attributes
                0x0000000000000727       0x34 ./USB_DEVICE/App/usbd_storage_if.o
 .ARM.attributes
                0x000000000000075b       0x34 ./USB_DEVICE/Target/usbd_conf.o
 .ARM.attributes
                0x000000000000078f       0x34 c:/st/stm32cubeide_1.9.0/stm32cubeide/plugins/com.st.stm32cube.ide.mcu.externaltools.gnu-tools-for-stm32.10.3-2021.10.win32_1.0.0.202111181127/tools/bin/../lib/gcc/arm-none-eabi/10.3.1/../../../../arm-none-eabi/lib/thumb/v7e-m+fp/hard\libc_nano.a(lib_a-init.o)
 .ARM.attributes
                0x00000000000007c3       0x34 c:/st/stm32cubeide_1.9.0/stm32cubeide/plugins/com.st.stm32cube.ide.mcu.externaltools.gnu-tools-for-stm32.10.3-2021.10.win32_1.0.0.202111181127/tools/bin/../lib/gcc/arm-none-eabi/10.3.1/../../../../arm-none-eabi/lib/thumb/v7e-m+fp/hard\libc_nano.a(lib_a-memset.o)
 .ARM.attributes
                0x00000000000007f7       0x1e c:/st/stm32cubeide_1.9.0/stm32cubeide/plugins/com.st.stm32cube.ide.mcu.externaltools.gnu-tools-for-stm32.10.3-2021.10.win32_1.0.0.202111181127/tools/bin/../lib/gcc/arm-none-eabi/10.3.1/thumb/v7e-m+fp/hard/crtn.o
OUTPUT(XD.elf elf32-littlearm)
LOAD linker stubs
LOAD c:/st/stm32cubeide_1.9.0/stm32cubeide/plugins/com.st.stm32cube.ide.mcu.externaltools.gnu-tools-for-stm32.10.3-2021.10.win32_1.0.0.202111181127/tools/bin/../lib/gcc/arm-none-eabi/10.3.1/../../../../arm-none-eabi/lib/thumb/v7e-m+fp/hard\libc.a
LOAD c:/st/stm32cubeide_1.9.0/stm32cubeide/plugins/com.st.stm32cube.ide.mcu.externaltools.gnu-tools-for-stm32.10.3-2021.10.win32_1.0.0.202111181127/tools/bin/../lib/gcc/arm-none-eabi/10.3.1/../../../../arm-none-eabi/lib/thumb/v7e-m+fp/hard\libm.a
LOAD c:/st/stm32cubeide_1.9.0/stm32cubeide/plugins/com.st.stm32cube.ide.mcu.externaltools.gnu-tools-for-stm32.10.3-2021.10.win32_1.0.0.202111181127/tools/bin/../lib/gcc/arm-none-eabi/10.3.1/thumb/v7e-m+fp/hard\libgcc.a

.debug_info     0x0000000000000000    0x1a9aa
 .debug_info    0x0000000000000000      0xb42 ./Core/Src/freertos.o
 .debug_info    0x0000000000000b42      0x541 ./Core/Src/gpio.o
 .debug_info    0x0000000000001083      0x5f5 ./Core/Src/main.o
 .debug_info    0x0000000000001678      0xfdf ./Core/Src/quadspi.o
 .debug_info    0x0000000000002657      0x55c ./Core/Src/stm32l4xx_hal_msp.o
 .debug_info    0x0000000000002bb3      0x627 ./Core/Src/stm32l4xx_it.o
 .debug_info    0x00000000000031da      0x5c6 ./Core/Src/system_stm32l4xx.o
 .debug_info    0x00000000000037a0       0x22 ./Core/Startup/startup_stm32l476vgtx.o
 .debug_info    0x00000000000037c2      0xc57 ./Drivers/STM32L4xx_HAL_Driver/Src/stm32l4xx_hal.o
 .debug_info    0x0000000000004419      0xe21 ./Drivers/STM32L4xx_HAL_Driver/Src/stm32l4xx_hal_cortex.o
 .debug_info    0x000000000000523a      0x76a ./Drivers/STM32L4xx_HAL_Driver/Src/stm32l4xx_hal_dma.o
 .debug_info    0x00000000000059a4      0x821 ./Drivers/STM32L4xx_HAL_Driver/Src/stm32l4xx_hal_gpio.o
 .debug_info    0x00000000000061c5     0x15e1 ./Drivers/STM32L4xx_HAL_Driver/Src/stm32l4xx_hal_pcd.o
 .debug_info    0x00000000000077a6      0x8bf ./Drivers/STM32L4xx_HAL_Driver/Src/stm32l4xx_hal_pcd_ex.o
 .debug_info    0x0000000000008065      0x950 ./Drivers/STM32L4xx_HAL_Driver/Src/stm32l4xx_hal_pwr.o
 .debug_info    0x00000000000089b5      0x9f0 ./Drivers/STM32L4xx_HAL_Driver/Src/stm32l4xx_hal_pwr_ex.o
 .debug_info    0x00000000000093a5     0x124f ./Drivers/STM32L4xx_HAL_Driver/Src/stm32l4xx_hal_qspi.o
 .debug_info    0x000000000000a5f4      0xced ./Drivers/STM32L4xx_HAL_Driver/Src/stm32l4xx_hal_rcc.o
 .debug_info    0x000000000000b2e1      0xe92 ./Drivers/STM32L4xx_HAL_Driver/Src/stm32l4xx_hal_rcc_ex.o
 .debug_info    0x000000000000c173     0x1aac ./Drivers/STM32L4xx_HAL_Driver/Src/stm32l4xx_ll_usb.o
 .debug_info    0x000000000000dc1f      0xd24 ./Middlewares/ST/STM32_USB_Device_Library/Class/MSC/Src/usbd_msc.o
 .debug_info    0x000000000000e943      0xc8d ./Middlewares/ST/STM32_USB_Device_Library/Class/MSC/Src/usbd_msc_bot.o
 .debug_info    0x000000000000f5d0      0x136 ./Middlewares/ST/STM32_USB_Device_Library/Class/MSC/Src/usbd_msc_data.o
 .debug_info    0x000000000000f706     0x1264 ./Middlewares/ST/STM32_USB_Device_Library/Class/MSC/Src/usbd_msc_scsi.o
 .debug_info    0x000000000001096a      0xbbf ./Middlewares/ST/STM32_USB_Device_Library/Core/Src/usbd_core.o
 .debug_info    0x0000000000011529      0xad2 ./Middlewares/ST/STM32_USB_Device_Library/Core/Src/usbd_ctlreq.o
 .debug_info    0x0000000000011ffb      0x781 ./Middlewares/ST/STM32_USB_Device_Library/Core/Src/usbd_ioreq.o
 .debug_info    0x000000000001277c     0x1c43 ./Middlewares/Third_Party/FreeRTOS/Source/CMSIS_RTOS/cmsis_os.o
 .debug_info    0x00000000000143bf      0x2d1 ./Middlewares/Third_Party/FreeRTOS/Source/list.o
 .debug_info    0x0000000000014690     0x1de4 ./Middlewares/Third_Party/FreeRTOS/Source/tasks.o
 .debug_info    0x0000000000016474      0x507 ./Middlewares/Third_Party/FreeRTOS/Source/portable/GCC/ARM_CM4F/port.o
 .debug_info    0x000000000001697b      0x50b ./Middlewares/Third_Party/FreeRTOS/Source/portable/MemMang/heap_4.o
 .debug_info    0x0000000000016e86      0x73e ./USB_DEVICE/App/usb_device.o
 .debug_info    0x00000000000175c4      0x496 ./USB_DEVICE/App/usbd_desc.o
 .debug_info    0x0000000000017a5a      0xf2a ./USB_DEVICE/App/usbd_storage_if.o
 .debug_info    0x0000000000018984     0x2026 ./USB_DEVICE/Target/usbd_conf.o

.debug_abbrev   0x0000000000000000     0x4cf6
 .debug_abbrev  0x0000000000000000      0x23f ./Core/Src/freertos.o
 .debug_abbrev  0x000000000000023f      0x146 ./Core/Src/gpio.o
 .debug_abbrev  0x0000000000000385      0x1c2 ./Core/Src/main.o
 .debug_abbrev  0x0000000000000547      0x321 ./Core/Src/quadspi.o
 .debug_abbrev  0x0000000000000868      0x103 ./Core/Src/stm32l4xx_hal_msp.o
 .debug_abbrev  0x000000000000096b      0x17f ./Core/Src/stm32l4xx_it.o
 .debug_abbrev  0x0000000000000aea      0x116 ./Core/Src/system_stm32l4xx.o
 .debug_abbrev  0x0000000000000c00       0x12 ./Core/Startup/startup_stm32l476vgtx.o
 .debug_abbrev  0x0000000000000c12      0x23a ./Drivers/STM32L4xx_HAL_Driver/Src/stm32l4xx_hal.o
 .debug_abbrev  0x0000000000000e4c      0x316 ./Drivers/STM32L4xx_HAL_Driver/Src/stm32l4xx_hal_cortex.o
 .debug_abbrev  0x0000000000001162      0x1d7 ./Drivers/STM32L4xx_HAL_Driver/Src/stm32l4xx_hal_dma.o
 .debug_abbrev  0x0000000000001339      0x1bb ./Drivers/STM32L4xx_HAL_Driver/Src/stm32l4xx_hal_gpio.o