Archive member included to satisfy reference by file (symbol)

c:/st/stm32cubeide_1.9.0/stm32cubeide/plugins/com.st.stm32cube.ide.mcu.externaltools.gnu-tools-for-stm32.10.3-2021.10.win32_1.0.0.202111181127/tools/bin/../lib/gcc/arm-none-eabi/10.3.1/../../../../arm-none-eabi/lib/thumb/v7e-m+fp/hard\libc_nano.a(lib_a-errno.o)
                              ./Core/Src/syscalls.o (__errno)
c:/st/stm32cubeide_1.9.0/stm32cubeide/plugins/com.st.stm32cube.ide.mcu.externaltools.gnu-tools-for-stm32.10.3-2021.10.win32_1.0.0.202111181127/tools/bin/../lib/gcc/arm-none-eabi/10.3.1/../../../../arm-none-eabi/lib/thumb/v7e-m+fp/hard\libc_nano.a(lib_a-exit.o)
                              c:/st/stm32cubeide_1.9.0/stm32cubeide/plugins/com.st.stm32cube.ide.mcu.externaltools.gnu-tools-for-stm32.10.3-2021.10.win32_1.0.0.202111181127/tools/bin/../lib/gcc/arm-none-eabi/10.3.1/../../../../arm-none-eabi/lib/thumb/v7e-m+fp/hard/crt0.o (exit)
c:/st/stm32cubeide_1.9.0/stm32cubeide/plugins/com.st.stm32cube.ide.mcu.externaltools.gnu-tools-for-stm32.10.3-2021.10.win32_1.0.0.202111181127/tools/bin/../lib/gcc/arm-none-eabi/10.3.1/../../../../arm-none-eabi/lib/thumb/v7e-m+fp/hard\libc_nano.a(lib_a-impure.o)
                              c:/st/stm32cubeide_1.9.0/stm32cubeide/plugins/com.st.stm32cube.ide.mcu.externaltools.gnu-tools-for-stm32.10.3-2021.10.win32_1.0.0.202111181127/tools/bin/../lib/gcc/arm-none-eabi/10.3.1/../../../../arm-none-eabi/lib/thumb/v7e-m+fp/hard\libc_nano.a(lib_a-exit.o) (_global_impure_ptr)
c:/st/stm32cubeide_1.9.0/stm32cubeide/plugins/com.st.stm32cube.ide.mcu.externaltools.gnu-tools-for-stm32.10.3-2021.10.win32_1.0.0.202111181127/tools/bin/../lib/gcc/arm-none-eabi/10.3.1/../../../../arm-none-eabi/lib/thumb/v7e-m+fp/hard\libc_nano.a(lib_a-init.o)
                              c:/st/stm32cubeide_1.9.0/stm32cubeide/plugins/com.st.stm32cube.ide.mcu.externaltools.gnu-tools-for-stm32.10.3-2021.10.win32_1.0.0.202111181127/tools/bin/../lib/gcc/arm-none-eabi/10.3.1/../../../../arm-none-eabi/lib/thumb/v7e-m+fp/hard/crt0.o (__libc_init_array)
c:/st/stm32cubeide_1.9.0/stm32cubeide/plugins/com.st.stm32cube.ide.mcu.externaltools.gnu-tools-for-stm32.10.3-2021.10.win32_1.0.0.202111181127/tools/bin/../lib/gcc/arm-none-eabi/10.3.1/../../../../arm-none-eabi/lib/thumb/v7e-m+fp/hard\libc_nano.a(lib_a-memset.o)
                              c:/st/stm32cubeide_1.9.0/stm32cubeide/plugins/com.st.stm32cube.ide.mcu.externaltools.gnu-tools-for-stm32.10.3-2021.10.win32_1.0.0.202111181127/tools/bin/../lib/gcc/arm-none-eabi/10.3.1/../../../../arm-none-eabi/lib/thumb/v7e-m+fp/hard/crt0.o (memset)

Discarded input sections

 .text          0x0000000000000000        0x0 c:/st/stm32cubeide_1.9.0/stm32cubeide/plugins/com.st.stm32cube.ide.mcu.externaltools.gnu-tools-for-stm32.10.3-2021.10.win32_1.0.0.202111181127/tools/bin/../lib/gcc/arm-none-eabi/10.3.1/thumb/v7e-m+fp/hard/crti.o
 .data          0x0000000000000000        0x0 c:/st/stm32cubeide_1.9.0/stm32cubeide/plugins/com.st.stm32cube.ide.mcu.externaltools.gnu-tools-for-stm32.10.3-2021.10.win32_1.0.0.202111181127/tools/bin/../lib/gcc/arm-none-eabi/10.3.1/thumb/v7e-m+fp/hard/crti.o
 .bss           0x0000000000000000        0x0 c:/st/stm32cubeide_1.9.0/stm32cubeide/plugins/com.st.stm32cube.ide.mcu.externaltools.gnu-tools-for-stm32.10.3-2021.10.win32_1.0.0.202111181127/tools/bin/../lib/gcc/arm-none-eabi/10.3.1/thumb/v7e-m+fp/hard/crti.o
 .data          0x0000000000000000        0x4 c:/st/stm32cubeide_1.9.0/stm32cubeide/plugins/com.st.stm32cube.ide.mcu.externaltools.gnu-tools-for-stm32.10.3-2021.10.win32_1.0.0.202111181127/tools/bin/../lib/gcc/arm-none-eabi/10.3.1/thumb/v7e-m+fp/hard/crtbegin.o
 .rodata        0x0000000000000000       0x24 c:/st/stm32cubeide_1.9.0/stm32cubeide/plugins/com.st.stm32cube.ide.mcu.externaltools.gnu-tools-for-stm32.10.3-2021.10.win32_1.0.0.202111181127/tools/bin/../lib/gcc/arm-none-eabi/10.3.1/thumb/v7e-m+fp/hard/crtbegin.o
 .text          0x0000000000000000       0x7c c:/st/stm32cubeide_1.9.0/stm32cubeide/plugins/com.st.stm32cube.ide.mcu.externaltools.gnu-tools-for-stm32.10.3-2021.10.win32_1.0.0.202111181127/tools/bin/../lib/gcc/arm-none-eabi/10.3.1/../../../../arm-none-eabi/lib/thumb/v7e-m+fp/hard/crt0.o
 .data          0x0000000000000000        0x0 c:/st/stm32cubeide_1.9.0/stm32cubeide/plugins/com.st.stm32cube.ide.mcu.externaltools.gnu-tools-for-stm32.10.3-2021.10.win32_1.0.0.202111181127/tools/bin/../lib/gcc/arm-none-eabi/10.3.1/../../../../arm-none-eabi/lib/thumb/v7e-m+fp/hard/crt0.o
 .bss           0x0000000000000000        0x0 c:/st/stm32cubeide_1.9.0/stm32cubeide/plugins/com.st.stm32cube.ide.mcu.externaltools.gnu-tools-for-stm32.10.3-2021.10.win32_1.0.0.202111181127/tools/bin/../lib/gcc/arm-none-eabi/10.3.1/../../../../arm-none-eabi/lib/thumb/v7e-m+fp/hard/crt0.o
[...]
Memory Configuration

Name             Origin             Length             Attributes
RAM              0x0000000020000000 0x0000000000018000 xrw
RAM2             0x0000000010000000 0x0000000000008000 xrw
FLASH            0x0000000008000000 0x0000000000100000 xr
*default*        0x0000000000000000 0xffffffffffffffff

Linker script and memory map

LOAD c:/st/stm32cubeide_1.9.0/stm32cubeide/plugins/com.st.stm32cube.ide.mcu.externaltools.gnu-tools-for-stm32.10.3-2021.10.win32_1.0.0.202111181127/tools/bin/../lib/gcc/arm-none-eabi/10.3.1/thumb/v7e-m+fp/hard/crti.o
LOAD c:/st/stm32cubeide_1.9.0/stm32cubeide/plugins/com.st.stm32cube.ide.mcu.externaltools.gnu-tools-for-stm32.10.3-2021.10.win32_1.0.0.202111181127/tools/bin/../lib/gcc/arm-none-eabi/10.3.1/thumb/v7e-m+fp/hard/crtbegin.o
LOAD c:/st/stm32cubeide_1.9.0/stm32cubeide/plugins/com.st.stm32cube.ide.mcu.externaltools.gnu-tools-for-stm32.10.3-2021.10.win32_1.0.0.202111181127/tools/bin/../lib/gcc/arm-none-eabi/10.3.1/../../../../arm-none-eabi/lib/thumb/v7e-m+fp/hard/crt0.o
LOAD ./Core/Src/cs43l22.o
LOAD ./Core/Src/dfsdm.o
LOAD ./Core/Src/dma.o
LOAD ./Core/Src/gpio.o
LOAD ./Core/Src/main.o
LOAD ./Core/Src/quadspi.o
LOAD ./Core/Src/sai.o
LOAD ./Core/Src/stm32l476g_discovery.o
LOAD ./Core/Src/stm32l4xx_hal_msp.o
LOAD ./Core/Src/stm32l4xx_it.o
LOAD ./Core/Src/syscalls.o
LOAD ./Core/Src/sysmem.o
LOAD ./Core/Src/system_stm32l4xx.o
LOAD ./Core/Startup/startup_stm32l476vgtx.o
LOAD ./Drivers/STM32L4xx_HAL_Driver/Src/stm32l4xx_hal.o
LOAD ./Drivers/STM32L4xx_HAL_Driver/Src/stm32l4xx_hal_cortex.o
LOAD ./Drivers/STM32L4xx_HAL_Driver/Src/stm32l4xx_hal_dfsdm.o
LOAD ./Drivers/STM32L4xx_HAL_Driver/Src/stm32l4xx_hal_dma.o
LOAD ./Drivers/STM32L4xx_HAL_Driver/Src/stm32l4xx_hal_dma_ex.o
LOAD ./Drivers/STM32L4xx_HAL_Driver/Src/stm32l4xx_hal_exti.o
LOAD ./Drivers/STM32L4xx_HAL_Driver/Src/stm32l4xx_hal_flash.o
LOAD ./Drivers/STM32L4xx_HAL_Driver/Src/stm32l4xx_hal_flash_ex.o
LOAD ./Drivers/STM32L4xx_HAL_Driver/Src/stm32l4xx_hal_flash_ramfunc.o
LOAD ./Drivers/STM32L4xx_HAL_Driver/Src/stm32l4xx_hal_gpio.o
LOAD ./Drivers/STM32L4xx_HAL_Driver/Src/stm32l4xx_hal_i2c.o
LOAD ./Drivers/STM32L4xx_HAL_Driver/Src/stm32l4xx_hal_i2c_ex.o
LOAD ./Drivers/STM32L4xx_HAL_Driver/Src/stm32l4xx_hal_pcd.o
LOAD ./Drivers/STM32L4xx_HAL_Driver/Src/stm32l4xx_hal_pcd_ex.o
LOAD ./Drivers/STM32L4xx_HAL_Driver/Src/stm32l4xx_hal_pwr.o
LOAD ./Drivers/STM32L4xx_HAL_Driver/Src/stm32l4xx_hal_pwr_ex.o
LOAD ./Drivers/STM32L4xx_HAL_Driver/Src/stm32l4xx_hal_qspi.o
LOAD ./Drivers/STM32L4xx_HAL_Driver/Src/stm32l4xx_hal_rcc.o
LOAD ./Drivers/STM32L4xx_HAL_Driver/Src/stm32l4xx_hal_rcc_ex.o
LOAD ./Drivers/STM32L4xx_HAL_Driver/Src/stm32l4xx_hal_sai.o
LOAD ./Drivers/STM32L4xx_HAL_Driver/Src/stm32l4xx_hal_sai_ex.o
LOAD ./Drivers/STM32L4xx_HAL_Driver/Src/stm32l4xx_hal_tim.o
LOAD ./Drivers/STM32L4xx_HAL_Driver/Src/stm32l4xx_hal_tim_ex.o
LOAD ./Drivers/STM32L4xx_HAL_Driver/Src/stm32l4xx_ll_usb.o
LOAD ./Middlewares/ST/STM32_USB_Device_Library/Class/MSC/Src/usbd_msc.o
LOAD ./Middlewares/ST/STM32_USB_Device_Library/Class/MSC/Src/usbd_msc_bot.o
LOAD ./Middlewares/ST/STM32_USB_Device_Library/Class/MSC/Src/usbd_msc_data.o
LOAD ./Middlewares/ST/STM32_USB_Device_Library/Class/MSC/Src/usbd_msc_scsi.o
LOAD ./Middlewares/ST/STM32_USB_Device_Library/Core/Src/usbd_core.o
LOAD ./Middlewares/ST/STM32_USB_Device_Library/Core/Src/usbd_ctlreq.o
LOAD ./Middlewares/ST/STM32_USB_Device_Library/Core/Src/usbd_ioreq.o
LOAD ./USB_DEVICE/App/usb_device.o
LOAD ./USB_DEVICE/App/usbd_desc.o
LOAD ./USB_DEVICE/App/usbd_storage_if.o
LOAD ./USB_DEVICE/Target/usbd_conf.o
START GROUP
LOAD c:/st/stm32cubeide_1.9.0/stm32cubeide/plugins/com.st.stm32cube.ide.mcu.externaltools.gnu-tools-for-stm32.10.3-2021.10.win32_1.0.0.202111181127/tools/bin/../lib/gcc/arm-none-eabi/10.3.1/../../../../arm-none-eabi/lib/thumb/v7e-m+fp/hard\libc_nano.a
LOAD c:/st/stm32cubeide_1.9.0/stm32cubeide/plugins/com.st.stm32cube.ide.mcu.externaltools.gnu-tools-for-stm32.10.3-2021.10.win32_1.0.0.202111181127/tools/bin/../lib/gcc/arm-none-eabi/10.3.1/../../../../arm-none-eabi/lib/thumb/v7e-m+fp/hard\libm.a
END GROUP
START GROUP
LOAD c:/st/stm32cubeide_1.9.0/stm32cubeide/plugins/com.st.stm32cube.ide.mcu.externaltools.gnu-tools-for-stm32.10.3-2021.10.win32_1.0.0.202111181127/tools/bin/../lib/gcc/arm-none-eabi/10.3.1/thumb/v7e-m+fp/hard\libgcc.a
LOAD c:/st/stm32cubeide_1.9.0/stm32cubeide/plugins/com.st.stm32cube.ide.mcu.externaltools.gnu-tools-for-stm32.10.3-2021.10.win32_1.0.0.202111181127/tools/bin/../lib/gcc/arm-none-eabi/10.3.1/../../../../arm-none-eabi/lib/thumb/v7e-m+fp/hard\libc_nano.a
END GROUP
START GROUP
LOAD c:/st/stm32cubeide_1.9.0/stm32cubeide/plugins/com.st.stm32cube.ide.mcu.externaltools.gnu-tools-for-stm32.10.3-2021.10.win32_1.0.0.202111181127/tools/bin/../lib/gcc/arm-none-eabi/10.3.1/thumb/v7e-m+fp/hard\libgcc.a
LOAD c:/st/stm32cubeide_1.9.0/stm32cubeide/plugins/com.st.stm32cube.ide.mcu.externaltools.gnu-tools-for-stm32.10.3-2021.10.win32_1.0.0.202111181127/tools/bin/../lib/gcc/arm-none-eabi/10.3.1/../../../../arm-none-eabi/lib/thumb/v7e-m+fp/hard\libc_nano.a
LOAD c:/st/stm32cubeide_1.9.0/stm32cubeide/plugins/com.st.stm32cube.ide.mcu.externaltools.gnu-tools-for-stm32.10.3-2021.10.win32_1.0.0.202111181127/tools/bin/../lib/gcc/arm-none-eabi/10.3.1/../../../../arm-none-eabi/lib/thumb/v7e-m+fp/hard\libnosys.a
END GROUP
START GROUP
LOAD c:/st/stm32cubeide_1.9.0/stm32cubeide/plugins/com.st.stm32cube.ide.mcu.externaltools.gnu-tools-for-stm32.10.3-2021.10.win32_1.0.0.202111181127/tools/bin/../lib/gcc/arm-none-eabi/10.3.1/thumb/v7e-m+fp/hard\libgcc.a
LOAD c:/st/stm32cubeide_1.9.0/stm32cubeide/plugins/com.st.stm32cube.ide.mcu.externaltools.gnu-tools-for-stm32.10.3-2021.10.win32_1.0.0.202111181127/tools/bin/../lib/gcc/arm-none-eabi/10.3.1/../../../../arm-none-eabi/lib/thumb/v7e-m+fp/hard\libc_nano.a
LOAD c:/st/stm32cubeide_1.9.0/stm32cubeide/plugins/com.st.stm32cube.ide.mcu.externaltools.gnu-tools-for-stm32.10.3-2021.10.win32_1.0.0.202111181127/tools/bin/../lib/gcc/arm-none-eabi/10.3.1/../../../../arm-none-eabi/lib/thumb/v7e-m+fp/hard\libnosys.a
END GROUP
LOAD c:/st/stm32cubeide_1.9.0/stm32cubeide/plugins/com.st.stm32cube.ide.mcu.externaltools.gnu-tools-for-stm32.10.3-2021.10.win32_1.0.0.202111181127/tools/bin/../lib/gcc/arm-none-eabi/10.3.1/thumb/v7e-m+fp/hard/crtend.o
LOAD c:/st/stm32cubeide_1.9.0/stm32cubeide/plugins/com.st.stm32cube.ide.mcu.externaltools.gnu-tools-for-stm32.10.3-2021.10.win32_1.0.0.202111181127/tools/bin/../lib/gcc/arm-none-eabi/10.3.1/thumb/v7e-m+fp/hard/crtn.o
                0x0000000020018000                _estack = (ORIGIN (RAM) + LENGTH (RAM))
                0x0000000000000200                _Min_Heap_Size = 0x200
                0x0000000000000400                _Min_Stack_Size = 0x400

.isr_vector     0x0000000008000000      0x188
                0x0000000008000000                . = ALIGN (0x4)
 *(.isr_vector)
 .isr_vector    0x0000000008000000      0x188 ./Core/Startup/startup_stm32l476vgtx.o
                0x0000000008000000                g_pfnVectors
                0x0000000008000188                . = ALIGN (0x4)

.text           0x0000000008000188     0xcf34
                0x0000000008000188                . = ALIGN (0x4)
 *(.text)
 .text          0x0000000008000188       0x40 c:/st/stm32cubeide_1.9.0/stm32cubeide/plugins/com.st.stm32cube.ide.mcu.externaltools.gnu-tools-for-stm32.10.3-2021.10.win32_1.0.0.202111181127/tools/bin/../lib/gcc/arm-none-eabi/10.3.1/thumb/v7e-m+fp/hard/crtbegin.o
 *(.text*)
 .text.cs43l22_Init
                0x00000000080001c8      0x1c8 ./Core/Src/cs43l22.o
                0x00000000080001c8                cs43l22_Init
 .text.cs43l22_DeInit
                0x0000000008000390        0xc ./Core/Src/cs43l22.o
                0x0000000008000390                cs43l22_DeInit
 .text.cs43l22_ReadID
                0x000000000800039c       0x30 ./Core/Src/cs43l22.o
                0x000000000800039c                cs43l22_ReadID
 .text.cs43l22_Play
                0x00000000080003cc       0x74 ./Core/Src/cs43l22.o
                0x00000000080003cc                cs43l22_Play
 .text.cs43l22_Pause
                0x0000000008000440       0x42 ./Core/Src/cs43l22.o
                0x0000000008000440                cs43l22_Pause
 *fill*         0x0000000008000482        0x2 
 .text.cs43l22_Resume
                0x0000000008000484       0x78 ./Core/Src/cs43l22.o
                0x0000000008000484                cs43l22_Resume
 .text.cs43l22_Stop
                0x00000000080004fc       0x68 ./Core/Src/cs43l22.o
                0x00000000080004fc                cs43l22_Stop
 .text.cs43l22_SetVolume
                0x0000000008000564       0xbc ./Core/Src/cs43l22.o
                0x0000000008000564                cs43l22_SetVolume
 .text.cs43l22_SetFrequency
                0x0000000008000620       0x1a ./Core/Src/cs43l22.o
                0x0000000008000620                cs43l22_SetFrequency
 *fill*         0x000000000800063a        0x2 
 .text.cs43l22_SetMute
                0x000000000800063c       0xbc ./Core/Src/cs43l22.o
                0x000000000800063c                cs43l22_SetMute
 .text.cs43l22_SetOutputMode
                0x00000000080006f8       0xe4 ./Core/Src/cs43l22.o
                0x00000000080006f8                cs43l22_SetOutputMode
 .text.cs43l22_Reset
                0x00000000080007dc       0x18 ./Core/Src/cs43l22.o
                0x00000000080007dc                cs43l22_Reset
 .text.CODEC_IO_Write
                0x00000000080007f4       0x2e ./Core/Src/cs43l22.o
 *fill*         0x0000000008000822        0x2 
 .text.MX_DFSDM1_Init
                0x0000000008000824      0x100 ./Core/Src/dfsdm.o
                0x0000000008000824                MX_DFSDM1_Init
 .text.HAL_DFSDM_FilterMspInit
                0x0000000008000924      0x100 ./Core/Src/dfsdm.o
                0x0000000008000924                HAL_DFSDM_FilterMspInit
 .text.HAL_DFSDM_ChannelMspInit
                0x0000000008000a24       0x88 ./Core/Src/dfsdm.o
                0x0000000008000a24                HAL_DFSDM_ChannelMspInit
 .text.MX_DMA_Init
                0x0000000008000aac       0x64 ./Core/Src/dma.o
                0x0000000008000aac                MX_DMA_Init
 .text.MX_GPIO_Init
                0x0000000008000b10      0x388 ./Core/Src/gpio.o
                0x0000000008000b10                MX_GPIO_Init
 .text.main     0x0000000008000e98       0x5c ./Core/Src/main.o
                0x0000000008000e98                main
 .text.SystemClock_Config
                0x0000000008000ef4       0xc4 ./Core/Src/main.o
                0x0000000008000ef4                SystemClock_Config
 .text.PeriphCommonClock_Config
                0x0000000008000fb8       0x5a ./Core/Src/main.o
                0x0000000008000fb8                PeriphCommonClock_Config
 .text.Error_Handler
                0x0000000008001012       0x10 ./Core/Src/main.o
                0x0000000008001012                Error_Handler
 *fill*         0x0000000008001022        0x2 
 .text.MX_QUADSPI_Init
                0x0000000008001024       0x4c ./Core/Src/quadspi.o
                0x0000000008001024                MX_QUADSPI_Init
 .text.HAL_QSPI_MspInit
                0x0000000008001070       0x88 ./Core/Src/quadspi.o
                0x0000000008001070                HAL_QSPI_MspInit
 .text.BSP_QSPI_Init
                0x00000000080010f8       0x30 ./Core/Src/quadspi.o
                0x00000000080010f8                BSP_QSPI_Init
 .text.BSP_QSPI_Read
                0x0000000008001128       0x84 ./Core/Src/quadspi.o
                0x0000000008001128                BSP_QSPI_Read
 .text.BSP_QSPI_Write
                0x00000000080011ac      0x110 ./Core/Src/quadspi.o
                0x00000000080011ac                BSP_QSPI_Write
 .text.BSP_QSPI_Erase_Block
                0x00000000080012bc       0x88 ./Core/Src/quadspi.o
                0x00000000080012bc                BSP_QSPI_Erase_Block
 .text.BSP_QSPI_GetStatus
                0x0000000008001344       0x9c ./Core/Src/quadspi.o
                0x0000000008001344                BSP_QSPI_GetStatus
 .text.BSP_QSPI_GetInfo
                0x00000000080013e0       0x3e ./Core/Src/quadspi.o
                0x00000000080013e0                BSP_QSPI_GetInfo
 .text.QSPI_ResetMemory
                0x000000000800141e       0x84 ./Core/Src/quadspi.o
 .text.QSPI_DummyCyclesCfg
                0x00000000080014a2       0xf6 ./Core/Src/quadspi.o
 .text.QSPI_WriteEnable
                0x0000000008001598       0x92 ./Core/Src/quadspi.o
 .text.QSPI_AutoPollingMemReady
                0x000000000800162a       0x70 ./Core/Src/quadspi.o
 *fill*         0x000000000800169a        0x2 
 .text.MX_SAI1_Init
                0x000000000800169c      0x12c ./Core/Src/sai.o
                0x000000000800169c                MX_SAI1_Init
 .text.HAL_SAI_MspInit
                0x00000000080017c8      0x104 ./Core/Src/sai.o
                0x00000000080017c8                HAL_SAI_MspInit
 .text.BSP_LED_Init
                0x00000000080018cc       0x9c ./Core/Src/stm32l476g_discovery.o
                0x00000000080018cc                BSP_LED_Init
 .text.BSP_LED_On
                0x0000000008001968       0x34 ./Core/Src/stm32l476g_discovery.o
                0x0000000008001968                BSP_LED_On
 .text.I2C1_Init
                0x000000000800199c       0x5c ./Core/Src/stm32l476g_discovery.o
 .text.I2C1_MspInit
                0x00000000080019f8      0x100 ./Core/Src/stm32l476g_discovery.o
 .text.I2C1_DeInit
                0x0000000008001af8       0x24 ./Core/Src/stm32l476g_discovery.o
 .text.I2C1_MspDeInit
                0x0000000008001b1c       0xac ./Core/Src/stm32l476g_discovery.o
 .text.I2C1_WriteBuffer
                0x0000000008001bc8       0x54 ./Core/Src/stm32l476g_discovery.o
 .text.I2C1_ReadBuffer
                0x0000000008001c1c       0x54 ./Core/Src/stm32l476g_discovery.o
 .text.I2C1_Error
                0x0000000008001c70       0x18 ./Core/Src/stm32l476g_discovery.o
 .text.AUDIO_IO_Init
                0x0000000008001c88       0x6c ./Core/Src/stm32l476g_discovery.o
                0x0000000008001c88                AUDIO_IO_Init
 .text.AUDIO_IO_DeInit
                0x0000000008001cf4       0x80 ./Core/Src/stm32l476g_discovery.o
                0x0000000008001cf4                AUDIO_IO_DeInit
 .text.AUDIO_IO_Write
                0x0000000008001d74       0x2e ./Core/Src/stm32l476g_discovery.o
                0x0000000008001d74                AUDIO_IO_Write
 .text.AUDIO_IO_Read
                0x0000000008001da2       0x34 ./Core/Src/stm32l476g_discovery.o
                0x0000000008001da2                AUDIO_IO_Read
 *fill*         0x0000000008001dd6        0x2 
 .text.HAL_MspInit
                0x0000000008001dd8       0x48 ./Core/Src/stm32l4xx_hal_msp.o
                0x0000000008001dd8                HAL_MspInit
 .text.NMI_Handler
                0x0000000008001e20        0x6 ./Core/Src/stm32l4xx_it.o
                0x0000000008001e20                NMI_Handler
 .text.HardFault_Handler
                0x0000000008001e26        0x6 ./Core/Src/stm32l4xx_it.o
                0x0000000008001e26                HardFault_Handler
 .text.MemManage_Handler
                0x0000000008001e2c        0x6 ./Core/Src/stm32l4xx_it.o
                0x0000000008001e2c                MemManage_Handler
 .text.BusFault_Handler
                0x0000000008001e32        0x6 ./Core/Src/stm32l4xx_it.o
                0x0000000008001e32                BusFault_Handler
 .text.UsageFault_Handler
                0x0000000008001e38        0x6 ./Core/Src/stm32l4xx_it.o
                0x0000000008001e38                UsageFault_Handler
 .text.SVC_Handler
                0x0000000008001e3e        0xe ./Core/Src/stm32l4xx_it.o
                0x0000000008001e3e                SVC_Handler
 .text.DebugMon_Handler
                0x0000000008001e4c        0xe ./Core/Src/stm32l4xx_it.o
                0x0000000008001e4c                DebugMon_Handler
 .text.PendSV_Handler
                0x0000000008001e5a        0xe ./Core/Src/stm32l4xx_it.o
                0x0000000008001e5a                PendSV_Handler
 .text.SysTick_Handler
                0x0000000008001e68        0xc ./Core/Src/stm32l4xx_it.o
                0x0000000008001e68                SysTick_Handler
 .text.DMA1_Channel4_IRQHandler
                0x0000000008001e74       0x14 ./Core/Src/stm32l4xx_it.o
                0x0000000008001e74                DMA1_Channel4_IRQHandler
 .text.DMA2_Channel1_IRQHandler
                0x0000000008001e88       0x14 ./Core/Src/stm32l4xx_it.o
                0x0000000008001e88                DMA2_Channel1_IRQHandler
 .text.OTG_FS_IRQHandler
                0x0000000008001e9c       0x14 ./Core/Src/stm32l4xx_it.o
                0x0000000008001e9c                OTG_FS_IRQHandler
 .text.SystemInit
                0x0000000008001eb0       0x24 ./Core/Src/system_stm32l4xx.o
                0x0000000008001eb0                SystemInit
 .text.Reset_Handler
                0x0000000008001ed4       0x50 ./Core/Startup/startup_stm32l476vgtx.o
                0x0000000008001ed4                Reset_Handler
 .text.Default_Handler
                0x0000000008001f24        0x2 ./Core/Startup/startup_stm32l476vgtx.o
                0x0000000008001f24                RTC_Alarm_IRQHandler
                0x0000000008001f24                EXTI2_IRQHandler
                0x0000000008001f24                TIM8_TRG_COM_IRQHandler
                0x0000000008001f24                TIM8_CC_IRQHandler
                0x0000000008001f24                TIM1_CC_IRQHandler
                0x0000000008001f24                TSC_IRQHandler
                0x0000000008001f24                TAMP_STAMP_IRQHandler
                0x0000000008001f24                EXTI3_IRQHandler
                0x0000000008001f24                LPTIM2_IRQHandler
                0x0000000008001f24                DFSDM1_FLT1_IRQHandler
                0x0000000008001f24                I2C3_ER_IRQHandler
                0x0000000008001f24                DFSDM1_FLT2_IRQHandler
                0x0000000008001f24                EXTI0_IRQHandler
                0x0000000008001f24                I2C2_EV_IRQHandler
                0x0000000008001f24                CAN1_RX0_IRQHandler
                0x0000000008001f24                FPU_IRQHandler
                0x0000000008001f24                TIM1_UP_TIM16_IRQHandler
                0x0000000008001f24                ADC1_2_IRQHandler
                0x0000000008001f24                SPI1_IRQHandler
                0x0000000008001f24                TIM6_DAC_IRQHandler
                0x0000000008001f24                TIM8_UP_IRQHandler
                0x0000000008001f24                DMA2_Channel2_IRQHandler
                0x0000000008001f24                SAI2_IRQHandler
                0x0000000008001f24                DFSDM1_FLT3_IRQHandler
                0x0000000008001f24                USART3_IRQHandler
                0x0000000008001f24                DMA1_Channel7_IRQHandler
                0x0000000008001f24                CAN1_RX1_IRQHandler
                0x0000000008001f24                LCD_IRQHandler
                0x0000000008001f24                UART5_IRQHandler
                0x0000000008001f24                ADC3_IRQHandler
                0x0000000008001f24                TIM4_IRQHandler
                0x0000000008001f24                QUADSPI_IRQHandler
                0x0000000008001f24                I2C1_EV_IRQHandler
                0x0000000008001f24                DMA1_Channel6_IRQHandler
                0x0000000008001f24                UART4_IRQHandler
                0x0000000008001f24                DMA2_Channel4_IRQHandler
                0x0000000008001f24                TIM3_IRQHandler
                0x0000000008001f24                RCC_IRQHandler
                0x0000000008001f24                DMA1_Channel1_IRQHandler
                0x0000000008001f24                Default_Handler
                0x0000000008001f24                DMA2_Channel7_IRQHandler
                0x0000000008001f24                EXTI15_10_IRQHandler
                0x0000000008001f24                TIM7_IRQHandler
                0x0000000008001f24                SDMMC1_IRQHandler
                0x0000000008001f24                TIM5_IRQHandler
                0x0000000008001f24                I2C3_EV_IRQHandler
                0x0000000008001f24                EXTI9_5_IRQHandler
                0x0000000008001f24                RTC_WKUP_IRQHandler
                0x0000000008001f24                PVD_PVM_IRQHandler
                0x0000000008001f24                SPI2_IRQHandler
                0x0000000008001f24                CAN1_TX_IRQHandler
                0x0000000008001f24                DMA2_Channel5_IRQHandler
                0x0000000008001f24                DMA1_Channel5_IRQHandler
                0x0000000008001f24                EXTI4_IRQHandler
                0x0000000008001f24                RNG_IRQHandler
                0x0000000008001f24                TIM1_TRG_COM_TIM17_IRQHandler
                0x0000000008001f24                DMA1_Channel3_IRQHandler
                0x0000000008001f24                COMP_IRQHandler
                0x0000000008001f24                WWDG_IRQHandler
                0x0000000008001f24                LPUART1_IRQHandler
                0x0000000008001f24                DMA2_Channel6_IRQHandler
                0x0000000008001f24                TIM2_IRQHandler
                0x0000000008001f24                EXTI1_IRQHandler
                0x0000000008001f24                USART2_IRQHandler
                0x0000000008001f24                DFSDM1_FLT0_IRQHandler
                0x0000000008001f24                I2C2_ER_IRQHandler
                0x0000000008001f24                DMA1_Channel2_IRQHandler
                0x0000000008001f24                TIM8_BRK_IRQHandler
                0x0000000008001f24                CAN1_SCE_IRQHandler
                0x0000000008001f24                FLASH_IRQHandler
                0x0000000008001f24                USART1_IRQHandler
                0x0000000008001f24                SPI3_IRQHandler
                0x0000000008001f24                I2C1_ER_IRQHandler
                0x0000000008001f24                FMC_IRQHandler
                0x0000000008001f24                SWPMI1_IRQHandler
                0x0000000008001f24                LPTIM1_IRQHandler
                0x0000000008001f24                SAI1_IRQHandler
                0x0000000008001f24                DMA2_Channel3_IRQHandler
                0x0000000008001f24                TIM1_BRK_TIM15_IRQHandler
 *fill*         0x0000000008001f26        0x2 
 .text.HAL_Init
                0x0000000008001f28       0x40 ./Drivers/STM32L4xx_HAL_Driver/Src/stm32l4xx_hal.o
                0x0000000008001f28                HAL_Init
 .text.HAL_InitTick
                0x0000000008001f68       0x78 ./Drivers/STM32L4xx_HAL_Driver/Src/stm32l4xx_hal.o
                0x0000000008001f68                HAL_InitTick
 .text.HAL_IncTick
                0x0000000008001fe0       0x28 ./Drivers/STM32L4xx_HAL_Driver/Src/stm32l4xx_hal.o
                0x0000000008001fe0                HAL_IncTick
 .text.HAL_GetTick
                0x0000000008002008       0x18 ./Drivers/STM32L4xx_HAL_Driver/Src/stm32l4xx_hal.o
                0x0000000008002008                HAL_GetTick
 .text.HAL_Delay
                0x0000000008002020       0x48 ./Drivers/STM32L4xx_HAL_Driver/Src/stm32l4xx_hal.o
                0x0000000008002020                HAL_Delay
 .text.__NVIC_SetPriorityGrouping
                0x0000000008002068       0x48 ./Drivers/STM32L4xx_HAL_Driver/Src/stm32l4xx_hal_cortex.o
 .text.__NVIC_GetPriorityGrouping
                0x00000000080020b0       0x1c ./Drivers/STM32L4xx_HAL_Driver/Src/stm32l4xx_hal_cortex.o
 .text.__NVIC_EnableIRQ
                0x00000000080020cc       0x3c ./Drivers/STM32L4xx_HAL_Driver/Src/stm32l4xx_hal_cortex.o
 .text.__NVIC_DisableIRQ
                0x0000000008002108       0x48 ./Drivers/STM32L4xx_HAL_Driver/Src/stm32l4xx_hal_cortex.o
 .text.__NVIC_SetPriority
                0x0000000008002150       0x54 ./Drivers/STM32L4xx_HAL_Driver/Src/stm32l4xx_hal_cortex.o
 .text.NVIC_EncodePriority
                0x00000000080021a4       0x66 ./Drivers/STM32L4xx_HAL_Driver/Src/stm32l4xx_hal_cortex.o
 *fill*         0x000000000800220a        0x2 
 .text.SysTick_Config
                0x000000000800220c       0x44 ./Drivers/STM32L4xx_HAL_Driver/Src/stm32l4xx_hal_cortex.o
 .text.HAL_NVIC_SetPriorityGrouping
                0x0000000008002250       0x16 ./Drivers/STM32L4xx_HAL_Driver/Src/stm32l4xx_hal_cortex.o
                0x0000000008002250                HAL_NVIC_SetPriorityGrouping
 .text.HAL_NVIC_SetPriority
                0x0000000008002266       0x38 ./Drivers/STM32L4xx_HAL_Driver/Src/stm32l4xx_hal_cortex.o
                0x0000000008002266                HAL_NVIC_SetPriority
 .text.HAL_NVIC_EnableIRQ
                0x000000000800229e       0x1c ./Drivers/STM32L4xx_HAL_Driver/Src/stm32l4xx_hal_cortex.o
                0x000000000800229e                HAL_NVIC_EnableIRQ
 .text.HAL_NVIC_DisableIRQ
                0x00000000080022ba       0x1c ./Drivers/STM32L4xx_HAL_Driver/Src/stm32l4xx_hal_cortex.o
                0x00000000080022ba                HAL_NVIC_DisableIRQ
 .text.HAL_SYSTICK_Config
                0x00000000080022d6       0x18 ./Drivers/STM32L4xx_HAL_Driver/Src/stm32l4xx_hal_cortex.o
                0x00000000080022d6                HAL_SYSTICK_Config
 *fill*         0x00000000080022ee        0x2 
 .text.HAL_DFSDM_ChannelInit
                0x00000000080022f0      0x180 ./Drivers/STM32L4xx_HAL_Driver/Src/stm32l4xx_hal_dfsdm.o
                0x00000000080022f0                HAL_DFSDM_ChannelInit
 .text.HAL_DFSDM_FilterInit
                0x0000000008002470      0x1b4 ./Drivers/STM32L4xx_HAL_Driver/Src/stm32l4xx_hal_dfsdm.o
                0x0000000008002470                HAL_DFSDM_FilterInit
 .text.HAL_DFSDM_FilterConfigRegChannel
                0x0000000008002624       0x8a ./Drivers/STM32L4xx_HAL_Driver/Src/stm32l4xx_hal_dfsdm.o
                0x0000000008002624                HAL_DFSDM_FilterConfigRegChannel
 .text.HAL_DFSDM_FilterConfigInjChannel
                0x00000000080026ae       0x5e ./Drivers/STM32L4xx_HAL_Driver/Src/stm32l4xx_hal_dfsdm.o
                0x00000000080026ae                HAL_DFSDM_FilterConfigInjChannel
 .text.DFSDM_GetInjChannelsNbr
                0x000000000800270c       0x3e ./Drivers/STM32L4xx_HAL_Driver/Src/stm32l4xx_hal_dfsdm.o
 *fill*         0x000000000800274a        0x2 
 .text.DFSDM_GetChannelFromInstance
                0x000000000800274c       0x98 ./Drivers/STM32L4xx_HAL_Driver/Src/stm32l4xx_hal_dfsdm.o
 .text.HAL_DMA_Init
                0x00000000080027e4      0x170 ./Drivers/STM32L4xx_HAL_Driver/Src/stm32l4xx_hal_dma.o
                0x00000000080027e4                HAL_DMA_Init
 .text.HAL_DMA_Abort
                0x0000000008002954       0x7c ./Drivers/STM32L4xx_HAL_Driver/Src/stm32l4xx_hal_dma.o
                0x0000000008002954                HAL_DMA_Abort
 .text.HAL_DMA_IRQHandler
                0x00000000080029d0      0x15e ./Drivers/STM32L4xx_HAL_Driver/Src/stm32l4xx_hal_dma.o
                0x00000000080029d0                HAL_DMA_IRQHandler
 *fill*         0x0000000008002b2e        0x2 
 .text.HAL_GPIO_Init
                0x0000000008002b30      0x354 ./Drivers/STM32L4xx_HAL_Driver/Src/stm32l4xx_hal_gpio.o
                0x0000000008002b30                HAL_GPIO_Init
 .text.HAL_GPIO_DeInit
                0x0000000008002e84      0x1e8 ./Drivers/STM32L4xx_HAL_Driver/Src/stm32l4xx_hal_gpio.o
                0x0000000008002e84                HAL_GPIO_DeInit
 .text.HAL_GPIO_WritePin
                0x000000000800306c       0x30 ./Drivers/STM32L4xx_HAL_Driver/Src/stm32l4xx_hal_gpio.o
                0x000000000800306c                HAL_GPIO_WritePin
 .text.HAL_I2C_Init
                0x000000000800309c      0x11e ./Drivers/STM32L4xx_HAL_Driver/Src/stm32l4xx_hal_i2c.o
                0x000000000800309c                HAL_I2C_Init
 .text.HAL_I2C_DeInit
                0x00000000080031ba       0x5e ./Drivers/STM32L4xx_HAL_Driver/Src/stm32l4xx_hal_i2c.o
                0x00000000080031ba                HAL_I2C_DeInit
 .text.HAL_I2C_MspInit
                0x0000000008003218       0x14 ./Drivers/STM32L4xx_HAL_Driver/Src/stm32l4xx_hal_i2c.o
                0x0000000008003218                HAL_I2C_MspInit
 .text.HAL_I2C_MspDeInit
                0x000000000800322c       0x14 ./Drivers/STM32L4xx_HAL_Driver/Src/stm32l4xx_hal_i2c.o
                0x000000000800322c                HAL_I2C_MspDeInit
 .text.HAL_I2C_Mem_Write
                0x0000000008003240      0x228 ./Drivers/STM32L4xx_HAL_Driver/Src/stm32l4xx_hal_i2c.o
                0x0000000008003240                HAL_I2C_Mem_Write
 .text.HAL_I2C_Mem_Read
                0x0000000008003468      0x234 ./Drivers/STM32L4xx_HAL_Driver/Src/stm32l4xx_hal_i2c.o
                0x0000000008003468                HAL_I2C_Mem_Read
 .text.HAL_I2C_GetState
                0x000000000800369c       0x1c ./Drivers/STM32L4xx_HAL_Driver/Src/stm32l4xx_hal_i2c.o
                0x000000000800369c                HAL_I2C_GetState
 .text.I2C_RequestMemoryWrite
                0x00000000080036b8       0xa8 ./Drivers/STM32L4xx_HAL_Driver/Src/stm32l4xx_hal_i2c.o
 .text.I2C_RequestMemoryRead
                0x0000000008003760       0xa8 ./Drivers/STM32L4xx_HAL_Driver/Src/stm32l4xx_hal_i2c.o
 .text.I2C_Flush_TXDR
                0x0000000008003808       0x48 ./Drivers/STM32L4xx_HAL_Driver/Src/stm32l4xx_hal_i2c.o
 .text.I2C_WaitOnFlagUntilTimeout
                0x0000000008003850       0x80 ./Drivers/STM32L4xx_HAL_Driver/Src/stm32l4xx_hal_i2c.o
 .text.I2C_WaitOnTXISFlagUntilTimeout
                0x00000000080038d0       0x80 ./Drivers/STM32L4xx_HAL_Driver/Src/stm32l4xx_hal_i2c.o
 .text.I2C_WaitOnSTOPFlagUntilTimeout
                0x0000000008003950       0x78 ./Drivers/STM32L4xx_HAL_Driver/Src/stm32l4xx_hal_i2c.o
 .text.I2C_IsErrorOccurred
                0x00000000080039c8      0x1d8 ./Drivers/STM32L4xx_HAL_Driver/Src/stm32l4xx_hal_i2c.o
 .text.I2C_TransferConfig
                0x0000000008003ba0       0x64 ./Drivers/STM32L4xx_HAL_Driver/Src/stm32l4xx_hal_i2c.o
 .text.HAL_PCD_Init
                0x0000000008003c04      0x248 ./Drivers/STM32L4xx_HAL_Driver/Src/stm32l4xx_hal_pcd.o
                0x0000000008003c04                HAL_PCD_Init
 .text.HAL_PCD_Start
                0x0000000008003e4c       0x5e ./Drivers/STM32L4xx_HAL_Driver/Src/stm32l4xx_hal_pcd.o
                0x0000000008003e4c                HAL_PCD_Start
 .text.HAL_PCD_IRQHandler
                0x0000000008003eaa      0x732 ./Drivers/STM32L4xx_HAL_Driver/Src/stm32l4xx_hal_pcd.o
                0x0000000008003eaa                HAL_PCD_IRQHandler
 .text.HAL_PCD_SetAddress
                0x00000000080045dc       0x4a ./Drivers/STM32L4xx_HAL_Driver/Src/stm32l4xx_hal_pcd.o
                0x00000000080045dc                HAL_PCD_SetAddress
 .text.HAL_PCD_EP_Open
                0x0000000008004626       0xd0 ./Drivers/STM32L4xx_HAL_Driver/Src/stm32l4xx_hal_pcd.o
                0x0000000008004626                HAL_PCD_EP_Open
 .text.HAL_PCD_EP_Close
                0x00000000080046f6       0x94 ./Drivers/STM32L4xx_HAL_Driver/Src/stm32l4xx_hal_pcd.o
                0x00000000080046f6                HAL_PCD_EP_Close
 .text.HAL_PCD_EP_Receive
                0x000000000800478a       0x7c ./Drivers/STM32L4xx_HAL_Driver/Src/stm32l4xx_hal_pcd.o
                0x000000000800478a                HAL_PCD_EP_Receive
 .text.HAL_PCD_EP_GetRxCount
                0x0000000008004806       0x30 ./Drivers/STM32L4xx_HAL_Driver/Src/stm32l4xx_hal_pcd.o
                0x0000000008004806                HAL_PCD_EP_GetRxCount
 .text.HAL_PCD_EP_Transmit
                0x0000000008004836       0x7a ./Drivers/STM32L4xx_HAL_Driver/Src/stm32l4xx_hal_pcd.o
                0x0000000008004836                HAL_PCD_EP_Transmit
 .text.HAL_PCD_EP_SetStall
                0x00000000080048b0       0xc4 ./Drivers/STM32L4xx_HAL_Driver/Src/stm32l4xx_hal_pcd.o
                0x00000000080048b0                HAL_PCD_EP_SetStall
 .text.HAL_PCD_EP_ClrStall
                0x0000000008004974       0xac ./Drivers/STM32L4xx_HAL_Driver/Src/stm32l4xx_hal_pcd.o
                0x0000000008004974                HAL_PCD_EP_ClrStall
 .text.HAL_PCD_EP_Flush
                0x0000000008004a20       0x5a ./Drivers/STM32L4xx_HAL_Driver/Src/stm32l4xx_hal_pcd.o
                0x0000000008004a20                HAL_PCD_EP_Flush
 .text.PCD_WriteEmptyTxFifo
                0x0000000008004a7a      0x110 ./Drivers/STM32L4xx_HAL_Driver/Src/stm32l4xx_hal_pcd.o
 *fill*         0x0000000008004b8a        0x2 
 .text.PCD_EP_OutXfrComplete_int
                0x0000000008004b8c       0x9c ./Drivers/STM32L4xx_HAL_Driver/Src/stm32l4xx_hal_pcd.o
 .text.PCD_EP_OutSetupPacket_int
                0x0000000008004c28       0x68 ./Drivers/STM32L4xx_HAL_Driver/Src/stm32l4xx_hal_pcd.o
 .text.HAL_PCDEx_SetTxFiFo
                0x0000000008004c90       0x8e ./Drivers/STM32L4xx_HAL_Driver/Src/stm32l4xx_hal_pcd_ex.o
                0x0000000008004c90                HAL_PCDEx_SetTxFiFo
 .text.HAL_PCDEx_SetRxFiFo
                0x0000000008004d1e       0x22 ./Drivers/STM32L4xx_HAL_Driver/Src/stm32l4xx_hal_pcd_ex.o
                0x0000000008004d1e                HAL_PCDEx_SetRxFiFo
 .text.HAL_PCDEx_ActivateLPM
                0x0000000008004d40       0x48 ./Drivers/STM32L4xx_HAL_Driver/Src/stm32l4xx_hal_pcd_ex.o
                0x0000000008004d40                HAL_PCDEx_ActivateLPM
 .text.HAL_PCDEx_LPM_Callback
                0x0000000008004d88       0x18 ./Drivers/STM32L4xx_HAL_Driver/Src/stm32l4xx_hal_pcd_ex.o
                0x0000000008004d88                HAL_PCDEx_LPM_Callback
 .text.HAL_PWR_EnableBkUpAccess
                0x0000000008004da0       0x20 ./Drivers/STM32L4xx_HAL_Driver/Src/stm32l4xx_hal_pwr.o
                0x0000000008004da0                HAL_PWR_EnableBkUpAccess
 .text.HAL_PWREx_GetVoltageRange
                0x0000000008004dc0       0x1c ./Drivers/STM32L4xx_HAL_Driver/Src/stm32l4xx_hal_pwr_ex.o
                0x0000000008004dc0                HAL_PWREx_GetVoltageRange
 .text.HAL_PWREx_ControlVoltageScaling
                0x0000000008004ddc       0xac ./Drivers/STM32L4xx_HAL_Driver/Src/stm32l4xx_hal_pwr_ex.o
                0x0000000008004ddc                HAL_PWREx_ControlVoltageScaling
 .text.HAL_PWREx_EnableVddUSB
                0x0000000008004e88       0x20 ./Drivers/STM32L4xx_HAL_Driver/Src/stm32l4xx_hal_pwr_ex.o
                0x0000000008004e88                HAL_PWREx_EnableVddUSB
 .text.HAL_PWREx_EnableVddIO2
                0x0000000008004ea8       0x20 ./Drivers/STM32L4xx_HAL_Driver/Src/stm32l4xx_hal_pwr_ex.o
                0x0000000008004ea8                HAL_PWREx_EnableVddIO2
 .text.HAL_PWREx_DisableVddIO2
                0x0000000008004ec8       0x20 ./Drivers/STM32L4xx_HAL_Driver/Src/stm32l4xx_hal_pwr_ex.o
                0x0000000008004ec8                HAL_PWREx_DisableVddIO2
 .text.HAL_QSPI_Init
                0x0000000008004ee8       0xec ./Drivers/STM32L4xx_HAL_Driver/Src/stm32l4xx_hal_qspi.o
                0x0000000008004ee8                HAL_QSPI_Init
 .text.HAL_QSPI_Command
                0x0000000008004fd4       0xbc ./Drivers/STM32L4xx_HAL_Driver/Src/stm32l4xx_hal_qspi.o
                0x0000000008004fd4                HAL_QSPI_Command
 .text.HAL_QSPI_Transmit
                0x0000000008005090      0x12e ./Drivers/STM32L4xx_HAL_Driver/Src/stm32l4xx_hal_qspi.o
                0x0000000008005090                HAL_QSPI_Transmit
 .text.HAL_QSPI_Receive
                0x00000000080051be      0x144 ./Drivers/STM32L4xx_HAL_Driver/Src/stm32l4xx_hal_qspi.o
                0x00000000080051be                HAL_QSPI_Receive
 .text.HAL_QSPI_AutoPolling
                0x0000000008005302       0xee ./Drivers/STM32L4xx_HAL_Driver/Src/stm32l4xx_hal_qspi.o
                0x0000000008005302                HAL_QSPI_AutoPolling
 .text.HAL_QSPI_Abort
                0x00000000080053f0       0xda ./Drivers/STM32L4xx_HAL_Driver/Src/stm32l4xx_hal_qspi.o
                0x00000000080053f0                HAL_QSPI_Abort
 .text.HAL_QSPI_SetTimeout
                0x00000000080054ca       0x1c ./Drivers/STM32L4xx_HAL_Driver/Src/stm32l4xx_hal_qspi.o
                0x00000000080054ca                HAL_QSPI_SetTimeout
 .text.QSPI_WaitFlagStateUntilTimeout
                0x00000000080054e6       0x6e ./Drivers/STM32L4xx_HAL_Driver/Src/stm32l4xx_hal_qspi.o
 .text.QSPI_Config
                0x0000000008005554      0x30c ./Drivers/STM32L4xx_HAL_Driver/Src/stm32l4xx_hal_qspi.o
 .text.HAL_RCC_OscConfig
                0x0000000008005860      0x7d0 ./Drivers/STM32L4xx_HAL_Driver/Src/stm32l4xx_hal_rcc.o
                0x0000000008005860                HAL_RCC_OscConfig
 .text.HAL_RCC_ClockConfig
                0x0000000008006030      0x1c4 ./Drivers/STM32L4xx_HAL_Driver/Src/stm32l4xx_hal_rcc.o
                0x0000000008006030                HAL_RCC_ClockConfig
 .text.HAL_RCC_GetSysClockFreq
                0x00000000080061f4      0x118 ./Drivers/STM32L4xx_HAL_Driver/Src/stm32l4xx_hal_rcc.o
                0x00000000080061f4                HAL_RCC_GetSysClockFreq
 .text.HAL_RCC_GetHCLKFreq
                0x000000000800630c       0x18 ./Drivers/STM32L4xx_HAL_Driver/Src/stm32l4xx_hal_rcc.o
                0x000000000800630c                HAL_RCC_GetHCLKFreq
 .text.HAL_RCC_GetPCLK1Freq
                0x0000000008006324       0x2c ./Drivers/STM32L4xx_HAL_Driver/Src/stm32l4xx_hal_rcc.o
                0x0000000008006324                HAL_RCC_GetPCLK1Freq
 .text.HAL_RCC_GetPCLK2Freq
                0x0000000008006350       0x2c ./Drivers/STM32L4xx_HAL_Driver/Src/stm32l4xx_hal_rcc.o
                0x0000000008006350                HAL_RCC_GetPCLK2Freq
 .text.RCC_SetFlashLatencyFromMSIRange
                0x000000000800637c       0xc0 ./Drivers/STM32L4xx_HAL_Driver/Src/stm32l4xx_hal_rcc.o
 .text.HAL_RCCEx_PeriphCLKConfig
                0x000000000800643c      0x5d4 ./Drivers/STM32L4xx_HAL_Driver/Src/stm32l4xx_hal_rcc_ex.o
                0x000000000800643c                HAL_RCCEx_PeriphCLKConfig
 .text.HAL_RCCEx_GetPeriphCLKFreq
                0x0000000008006a10      0xadc ./Drivers/STM32L4xx_HAL_Driver/Src/stm32l4xx_hal_rcc_ex.o
                0x0000000008006a10                HAL_RCCEx_GetPeriphCLKFreq
 .text.HAL_RCCEx_EnableMSIPLLMode
                0x00000000080074ec       0x20 ./Drivers/STM32L4xx_HAL_Driver/Src/stm32l4xx_hal_rcc_ex.o
                0x00000000080074ec                HAL_RCCEx_EnableMSIPLLMode
 .text.RCCEx_PLLSAI1_Config
                0x000000000800750c      0x1e8 ./Drivers/STM32L4xx_HAL_Driver/Src/stm32l4xx_hal_rcc_ex.o
 .text.RCCEx_PLLSAI2_Config
                0x00000000080076f4      0x1bc ./Drivers/STM32L4xx_HAL_Driver/Src/stm32l4xx_hal_rcc_ex.o
 .text.RCCEx_GetSAIxPeriphCLKFreq
                0x00000000080078b0      0x1e0 ./Drivers/STM32L4xx_HAL_Driver/Src/stm32l4xx_hal_rcc_ex.o
 .text.HAL_SAI_Init
                0x0000000008007a90      0x2e4 ./Drivers/STM32L4xx_HAL_Driver/Src/stm32l4xx_hal_sai.o
                0x0000000008007a90                HAL_SAI_Init
 .text.SAI_Disable
                0x0000000008007d74       0x74 ./Drivers/STM32L4xx_HAL_Driver/Src/stm32l4xx_hal_sai.o
 .text.USB_CoreInit
                0x0000000008007de8       0x58 ./Drivers/STM32L4xx_HAL_Driver/Src/stm32l4xx_ll_usb.o
                0x0000000008007de8                USB_CoreInit
 .text.USB_SetTurnaroundTime
                0x0000000008007e40      0x138 ./Drivers/STM32L4xx_HAL_Driver/Src/stm32l4xx_ll_usb.o
                0x0000000008007e40                USB_SetTurnaroundTime
 .text.USB_EnableGlobalInt
                0x0000000008007f78       0x22 ./Drivers/STM32L4xx_HAL_Driver/Src/stm32l4xx_ll_usb.o
                0x0000000008007f78                USB_EnableGlobalInt
 .text.USB_DisableGlobalInt
                0x0000000008007f9a       0x22 ./Drivers/STM32L4xx_HAL_Driver/Src/stm32l4xx_ll_usb.o
                0x0000000008007f9a                USB_DisableGlobalInt
 .text.USB_SetCurrentMode
                0x0000000008007fbc       0x98 ./Drivers/STM32L4xx_HAL_Driver/Src/stm32l4xx_ll_usb.o
                0x0000000008007fbc                USB_SetCurrentMode
 .text.USB_DevInit
                0x0000000008008054      0x298 ./Drivers/STM32L4xx_HAL_Driver/Src/stm32l4xx_ll_usb.o
                0x0000000008008054                USB_DevInit
 .text.USB_FlushTxFifo
                0x00000000080082ec       0x64 ./Drivers/STM32L4xx_HAL_Driver/Src/stm32l4xx_ll_usb.o
                0x00000000080082ec                USB_FlushTxFifo
 .text.USB_FlushRxFifo
                0x0000000008008350       0x5c ./Drivers/STM32L4xx_HAL_Driver/Src/stm32l4xx_ll_usb.o
                0x0000000008008350                USB_FlushRxFifo
 .text.USB_SetDevSpeed
                0x00000000080083ac       0x32 ./Drivers/STM32L4xx_HAL_Driver/Src/stm32l4xx_ll_usb.o
                0x00000000080083ac                USB_SetDevSpeed
 .text.USB_GetDevSpeed
                0x00000000080083de       0x3e ./Drivers/STM32L4xx_HAL_Driver/Src/stm32l4xx_ll_usb.o
                0x00000000080083de                USB_GetDevSpeed
 .text.USB_ActivateEndpoint
                0x000000000800841c      0x10e ./Drivers/STM32L4xx_HAL_Driver/Src/stm32l4xx_ll_usb.o
                0x000000000800841c                USB_ActivateEndpoint
 *fill*         0x000000000800852a        0x2 
 .text.USB_DeactivateEndpoint
                0x000000000800852c      0x1b8 ./Drivers/STM32L4xx_HAL_Driver/Src/stm32l4xx_ll_usb.o
                0x000000000800852c                USB_DeactivateEndpoint
 .text.USB_EPStartXfer
                0x00000000080086e4      0x3b8 ./Drivers/STM32L4xx_HAL_Driver/Src/stm32l4xx_ll_usb.o
                0x00000000080086e4                USB_EPStartXfer
 .text.USB_EP0StartXfer
                0x0000000008008a9c      0x23c ./Drivers/STM32L4xx_HAL_Driver/Src/stm32l4xx_ll_usb.o
                0x0000000008008a9c                USB_EP0StartXfer
 .text.USB_WritePacket
                0x0000000008008cd8       0x74 ./Drivers/STM32L4xx_HAL_Driver/Src/stm32l4xx_ll_usb.o
                0x0000000008008cd8                USB_WritePacket
 .text.USB_ReadPacket
                0x0000000008008d4c       0xb0 ./Drivers/STM32L4xx_HAL_Driver/Src/stm32l4xx_ll_usb.o
                0x0000000008008d4c                USB_ReadPacket
 .text.USB_EPSetStall
                0x0000000008008dfc       0xdc ./Drivers/STM32L4xx_HAL_Driver/Src/stm32l4xx_ll_usb.o
                0x0000000008008dfc                USB_EPSetStall
 .text.USB_EPClearStall
                0x0000000008008ed8       0xcc ./Drivers/STM32L4xx_HAL_Driver/Src/stm32l4xx_ll_usb.o
                0x0000000008008ed8                USB_EPClearStall
 .text.USB_SetDevAddress
                0x0000000008008fa4       0x4c ./Drivers/STM32L4xx_HAL_Driver/Src/stm32l4xx_ll_usb.o
                0x0000000008008fa4                USB_SetDevAddress
 .text.USB_DevConnect
                0x0000000008008ff0       0x42 ./Drivers/STM32L4xx_HAL_Driver/Src/stm32l4xx_ll_usb.o
                0x0000000008008ff0                USB_DevConnect
 .text.USB_DevDisconnect
                0x0000000008009032       0x42 ./Drivers/STM32L4xx_HAL_Driver/Src/stm32l4xx_ll_usb.o
                0x0000000008009032                USB_DevDisconnect
 .text.USB_ReadInterrupts
                0x0000000008009074       0x26 ./Drivers/STM32L4xx_HAL_Driver/Src/stm32l4xx_ll_usb.o
                0x0000000008009074                USB_ReadInterrupts
 .text.USB_ReadDevAllOutEpInterrupt
                0x000000000800909a       0x34 ./Drivers/STM32L4xx_HAL_Driver/Src/stm32l4xx_ll_usb.o
                0x000000000800909a                USB_ReadDevAllOutEpInterrupt
 .text.USB_ReadDevAllInEpInterrupt
                0x00000000080090ce       0x34 ./Drivers/STM32L4xx_HAL_Driver/Src/stm32l4xx_ll_usb.o
                0x00000000080090ce                USB_ReadDevAllInEpInterrupt
 .text.USB_ReadDevOutEPInterrupt
                0x0000000008009102       0x3c ./Drivers/STM32L4xx_HAL_Driver/Src/stm32l4xx_ll_usb.o
                0x0000000008009102                USB_ReadDevOutEPInterrupt
 .text.USB_ReadDevInEPInterrupt
                0x000000000800913e       0x5c ./Drivers/STM32L4xx_HAL_Driver/Src/stm32l4xx_ll_usb.o
                0x000000000800913e                USB_ReadDevInEPInterrupt
 .text.USB_GetMode
                0x000000000800919a       0x1c ./Drivers/STM32L4xx_HAL_Driver/Src/stm32l4xx_ll_usb.o
                0x000000000800919a                USB_GetMode
 .text.USB_ActivateSetup
                0x00000000080091b6       0x46 ./Drivers/STM32L4xx_HAL_Driver/Src/stm32l4xx_ll_usb.o
                0x00000000080091b6                USB_ActivateSetup
 .text.USB_EP0_OutStart
                0x00000000080091fc       0x90 ./Drivers/STM32L4xx_HAL_Driver/Src/stm32l4xx_ll_usb.o
                0x00000000080091fc                USB_EP0_OutStart
 .text.USB_CoreReset
                0x000000000800928c       0x64 ./Drivers/STM32L4xx_HAL_Driver/Src/stm32l4xx_ll_usb.o
 .text.USBD_MSC_Init
                0x00000000080092f0       0x9a ./Middlewares/ST/STM32_USB_Device_Library/Class/MSC/Src/usbd_msc.o
                0x00000000080092f0                USBD_MSC_Init
 .text.USBD_MSC_DeInit
                0x000000000800938a       0x58 ./Middlewares/ST/STM32_USB_Device_Library/Class/MSC/Src/usbd_msc.o
                0x000000000800938a                USBD_MSC_DeInit
 *fill*         0x00000000080093e2        0x2 
 .text.USBD_MSC_Setup
                0x00000000080093e4      0x1e4 ./Middlewares/ST/STM32_USB_Device_Library/Class/MSC/Src/usbd_msc.o
                0x00000000080093e4                USBD_MSC_Setup
 .text.USBD_MSC_DataIn
                0x00000000080095c8       0x20 ./Middlewares/ST/STM32_USB_Device_Library/Class/MSC/Src/usbd_msc.o
                0x00000000080095c8                USBD_MSC_DataIn
 .text.USBD_MSC_DataOut
                0x00000000080095e8       0x20 ./Middlewares/ST/STM32_USB_Device_Library/Class/MSC/Src/usbd_msc.o
                0x00000000080095e8                USBD_MSC_DataOut
 .text.USBD_MSC_GetHSCfgDesc
                0x0000000008009608       0x20 ./Middlewares/ST/STM32_USB_Device_Library/Class/MSC/Src/usbd_msc.o
                0x0000000008009608                USBD_MSC_GetHSCfgDesc
 .text.USBD_MSC_GetFSCfgDesc
                0x0000000008009628       0x20 ./Middlewares/ST/STM32_USB_Device_Library/Class/MSC/Src/usbd_msc.o
                0x0000000008009628                USBD_MSC_GetFSCfgDesc
 .text.USBD_MSC_GetOtherSpeedCfgDesc
                0x0000000008009648       0x20 ./Middlewares/ST/STM32_USB_Device_Library/Class/MSC/Src/usbd_msc.o
                0x0000000008009648                USBD_MSC_GetOtherSpeedCfgDesc
 .text.USBD_MSC_GetDeviceQualifierDescriptor
                0x0000000008009668       0x20 ./Middlewares/ST/STM32_USB_Device_Library/Class/MSC/Src/usbd_msc.o
                0x0000000008009668                USBD_MSC_GetDeviceQualifierDescriptor
 .text.USBD_MSC_RegisterStorage
                0x0000000008009688       0x2a ./Middlewares/ST/STM32_USB_Device_Library/Class/MSC/Src/usbd_msc.o
                0x0000000008009688                USBD_MSC_RegisterStorage
 .text.MSC_BOT_Init
                0x00000000080096b2       0x7e ./Middlewares/ST/STM32_USB_Device_Library/Class/MSC/Src/usbd_msc_bot.o
                0x00000000080096b2                MSC_BOT_Init
 .text.MSC_BOT_Reset
                0x0000000008009730       0x4e ./Middlewares/ST/STM32_USB_Device_Library/Class/MSC/Src/usbd_msc_bot.o
                0x0000000008009730                MSC_BOT_Reset
 .text.MSC_BOT_DeInit
                0x000000000800977e       0x28 ./Middlewares/ST/STM32_USB_Device_Library/Class/MSC/Src/usbd_msc_bot.o
                0x000000000800977e                MSC_BOT_DeInit
 .text.MSC_BOT_DataIn
                0x00000000080097a6       0x70 ./Middlewares/ST/STM32_USB_Device_Library/Class/MSC/Src/usbd_msc_bot.o
                0x00000000080097a6                MSC_BOT_DataIn
 .text.MSC_BOT_DataOut
                0x0000000008009816       0x64 ./Middlewares/ST/STM32_USB_Device_Library/Class/MSC/Src/usbd_msc_bot.o
                0x0000000008009816                MSC_BOT_DataOut
 *fill*         0x000000000800987a        0x2 
 .text.MSC_BOT_CBW_Decode
                0x000000000800987c      0x130 ./Middlewares/ST/STM32_USB_Device_Library/Class/MSC/Src/usbd_msc_bot.o
 .text.MSC_BOT_SendData
                0x00000000080099ac       0x68 ./Middlewares/ST/STM32_USB_Device_Library/Class/MSC/Src/usbd_msc_bot.o
 .text.MSC_BOT_SendCSW
                0x0000000008009a14       0x6c ./Middlewares/ST/STM32_USB_Device_Library/Class/MSC/Src/usbd_msc_bot.o
                0x0000000008009a14                MSC_BOT_SendCSW
 .text.MSC_BOT_Abort
                0x0000000008009a80       0x68 ./Middlewares/ST/STM32_USB_Device_Library/Class/MSC/Src/usbd_msc_bot.o
 .text.MSC_BOT_CplClrFeature
                0x0000000008009ae8       0x5a ./Middlewares/ST/STM32_USB_Device_Library/Class/MSC/Src/usbd_msc_bot.o
                0x0000000008009ae8                MSC_BOT_CplClrFeature
 *fill*         0x0000000008009b42        0x2 
 .text.SCSI_ProcessCmd
                0x0000000008009b44      0x2fc ./Middlewares/ST/STM32_USB_Device_Library/Class/MSC/Src/usbd_msc_scsi.o
                0x0000000008009b44                SCSI_ProcessCmd
 .text.SCSI_TestUnitReady
                0x0000000008009e40       0xa8 ./Middlewares/ST/STM32_USB_Device_Library/Class/MSC/Src/usbd_msc_scsi.o
 .text.SCSI_Inquiry
                0x0000000008009ee8       0xf0 ./Middlewares/ST/STM32_USB_Device_Library/Class/MSC/Src/usbd_msc_scsi.o
 .text.SCSI_ReadCapacity10
                0x0000000008009fd8      0x10c ./Middlewares/ST/STM32_USB_Device_Library/Class/MSC/Src/usbd_msc_scsi.o
 .text.SCSI_ReadCapacity16
                0x000000000800a0e4      0x176 ./Middlewares/ST/STM32_USB_Device_Library/Class/MSC/Src/usbd_msc_scsi.o
 .text.SCSI_ReadFormatCapacity
                0x000000000800a25a       0xe8 ./Middlewares/ST/STM32_USB_Device_Library/Class/MSC/Src/usbd_msc_scsi.o
 *fill*         0x000000000800a342        0x2 
 .text.SCSI_ModeSense6
                0x000000000800a344       0x58 ./Middlewares/ST/STM32_USB_Device_Library/Class/MSC/Src/usbd_msc_scsi.o
 .text.SCSI_ModeSense10
                0x000000000800a39c       0x58 ./Middlewares/ST/STM32_USB_Device_Library/Class/MSC/Src/usbd_msc_scsi.o
 .text.SCSI_RequestSense
                0x000000000800a3f4      0x12c ./Middlewares/ST/STM32_USB_Device_Library/Class/MSC/Src/usbd_msc_scsi.o
 .text.SCSI_SenseCode
                0x000000000800a520       0xb0 ./Middlewares/ST/STM32_USB_Device_Library/Class/MSC/Src/usbd_msc_scsi.o
                0x000000000800a520                SCSI_SenseCode
 .text.SCSI_StartStopUnit
                0x000000000800a5d0       0xb2 ./Middlewares/ST/STM32_USB_Device_Library/Class/MSC/Src/usbd_msc_scsi.o
 .text.SCSI_AllowPreventRemovable
                0x000000000800a682       0x5a ./Middlewares/ST/STM32_USB_Device_Library/Class/MSC/Src/usbd_msc_scsi.o
 .text.SCSI_Read10
                0x000000000800a6dc      0x15c ./Middlewares/ST/STM32_USB_Device_Library/Class/MSC/Src/usbd_msc_scsi.o
 .text.SCSI_Read12
                0x000000000800a838      0x170 ./Middlewares/ST/STM32_USB_Device_Library/Class/MSC/Src/usbd_msc_scsi.o
 .text.SCSI_Write10
                0x000000000800a9a8      0x1a4 ./Middlewares/ST/STM32_USB_Device_Library/Class/MSC/Src/usbd_msc_scsi.o
 .text.SCSI_Write12
                0x000000000800ab4c      0x1c4 ./Middlewares/ST/STM32_USB_Device_Library/Class/MSC/Src/usbd_msc_scsi.o
 .text.SCSI_Verify10
                0x000000000800ad10       0x76 ./Middlewares/ST/STM32_USB_Device_Library/Class/MSC/Src/usbd_msc_scsi.o
 .text.SCSI_CheckAddressRange
                0x000000000800ad86       0x52 ./Middlewares/ST/STM32_USB_Device_Library/Class/MSC/Src/usbd_msc_scsi.o
 .text.SCSI_ProcessRead
                0x000000000800add8      0x114 ./Middlewares/ST/STM32_USB_Device_Library/Class/MSC/Src/usbd_msc_scsi.o
 .text.SCSI_ProcessWrite
                0x000000000800aeec      0x13a ./Middlewares/ST/STM32_USB_Device_Library/Class/MSC/Src/usbd_msc_scsi.o
 .text.SCSI_UpdateBotData
                0x000000000800b026       0x52 ./Middlewares/ST/STM32_USB_Device_Library/Class/MSC/Src/usbd_msc_scsi.o
 .text.USBD_Init
                0x000000000800b078       0x60 ./Middlewares/ST/STM32_USB_Device_Library/Core/Src/usbd_core.o
                0x000000000800b078                USBD_Init
 .text.USBD_RegisterClass
                0x000000000800b0d8       0x4e ./Middlewares/ST/STM32_USB_Device_Library/Core/Src/usbd_core.o
                0x000000000800b0d8                USBD_RegisterClass
 .text.USBD_Start
                0x000000000800b126       0x18 ./Middlewares/ST/STM32_USB_Device_Library/Core/Src/usbd_core.o
                0x000000000800b126                USBD_Start
 .text.USBD_RunTestMode
                0x000000000800b13e       0x16 ./Middlewares/ST/STM32_USB_Device_Library/Core/Src/usbd_core.o
                0x000000000800b13e                USBD_RunTestMode
 .text.USBD_SetClassConfig
                0x000000000800b154       0x38 ./Middlewares/ST/STM32_USB_Device_Library/Core/Src/usbd_core.o
                0x000000000800b154                USBD_SetClassConfig
 .text.USBD_ClrClassConfig
                0x000000000800b18c       0x30 ./Middlewares/ST/STM32_USB_Device_Library/Core/Src/usbd_core.o
                0x000000000800b18c                USBD_ClrClassConfig
 .text.USBD_LL_SetupStage
                0x000000000800b1bc       0xaa ./Middlewares/ST/STM32_USB_Device_Library/Core/Src/usbd_core.o
                0x000000000800b1bc                USBD_LL_SetupStage
 .text.USBD_LL_DataOutStage
                0x000000000800b266       0xc6 ./Middlewares/ST/STM32_USB_Device_Library/Core/Src/usbd_core.o
                0x000000000800b266                USBD_LL_DataOutStage
 .text.USBD_LL_DataInStage
                0x000000000800b32c      0x12c ./Middlewares/ST/STM32_USB_Device_Library/Core/Src/usbd_core.o
                0x000000000800b32c                USBD_LL_DataInStage
 .text.USBD_LL_Reset
                0x000000000800b458       0x9c ./Middlewares/ST/STM32_USB_Device_Library/Core/Src/usbd_core.o
                0x000000000800b458                USBD_LL_Reset
 .text.USBD_LL_SetSpeed
                0x000000000800b4f4       0x20 ./Middlewares/ST/STM32_USB_Device_Library/Core/Src/usbd_core.o
                0x000000000800b4f4                USBD_LL_SetSpeed
 .text.USBD_LL_Suspend
                0x000000000800b514       0x2c ./Middlewares/ST/STM32_USB_Device_Library/Core/Src/usbd_core.o
                0x000000000800b514                USBD_LL_Suspend
 .text.USBD_LL_Resume
                0x000000000800b540       0x30 ./Middlewares/ST/STM32_USB_Device_Library/Core/Src/usbd_core.o
                0x000000000800b540                USBD_LL_Resume
 .text.USBD_LL_SOF
                0x000000000800b570       0x44 ./Middlewares/ST/STM32_USB_Device_Library/Core/Src/usbd_core.o
                0x000000000800b570                USBD_LL_SOF
 .text.USBD_LL_IsoINIncomplete
                0x000000000800b5b4       0x4c ./Middlewares/ST/STM32_USB_Device_Library/Core/Src/usbd_core.o
                0x000000000800b5b4                USBD_LL_IsoINIncomplete
 .text.USBD_LL_IsoOUTIncomplete
                0x000000000800b600       0x4c ./Middlewares/ST/STM32_USB_Device_Library/Core/Src/usbd_core.o
                0x000000000800b600                USBD_LL_IsoOUTIncomplete
 .text.USBD_LL_DevConnected
                0x000000000800b64c       0x16 ./Middlewares/ST/STM32_USB_Device_Library/Core/Src/usbd_core.o
                0x000000000800b64c                USBD_LL_DevConnected
 .text.USBD_LL_DevDisconnected
                0x000000000800b662       0x38 ./Middlewares/ST/STM32_USB_Device_Library/Core/Src/usbd_core.o
                0x000000000800b662                USBD_LL_DevDisconnected
 .text.SWAPBYTE
                0x000000000800b69a       0x3c ./Middlewares/ST/STM32_USB_Device_Library/Core/Src/usbd_ctlreq.o
 *fill*         0x000000000800b6d6        0x2 
 .text.USBD_StdDevReq
                0x000000000800b6d8       0xdc ./Middlewares/ST/STM32_USB_Device_Library/Core/Src/usbd_ctlreq.o
                0x000000000800b6d8                USBD_StdDevReq
 .text.USBD_StdItfReq
                0x000000000800b7b4       0x92 ./Middlewares/ST/STM32_USB_Device_Library/Core/Src/usbd_ctlreq.o
                0x000000000800b7b4                USBD_StdItfReq
 .text.USBD_StdEPReq
                0x000000000800b846      0x2c4 ./Middlewares/ST/STM32_USB_Device_Library/Core/Src/usbd_ctlreq.o
                0x000000000800b846                USBD_StdEPReq
 *fill*         0x000000000800bb0a        0x2 
 .text.USBD_GetDescriptor
                0x000000000800bb0c      0x2d4 ./Middlewares/ST/STM32_USB_Device_Library/Core/Src/usbd_ctlreq.o
 .text.USBD_SetAddress
                0x000000000800bde0       0x88 ./Middlewares/ST/STM32_USB_Device_Library/Core/Src/usbd_ctlreq.o
 .text.USBD_SetConfig
                0x000000000800be68      0x14c ./Middlewares/ST/STM32_USB_Device_Library/Core/Src/usbd_ctlreq.o
 .text.USBD_GetConfig
                0x000000000800bfb4       0x6c ./Middlewares/ST/STM32_USB_Device_Library/Core/Src/usbd_ctlreq.o
 .text.USBD_GetStatus
                0x000000000800c020       0x68 ./Middlewares/ST/STM32_USB_Device_Library/Core/Src/usbd_ctlreq.o
 .text.USBD_SetFeature
                0x000000000800c088       0x28 ./Middlewares/ST/STM32_USB_Device_Library/Core/Src/usbd_ctlreq.o
 .text.USBD_ClrFeature
                0x000000000800c0b0       0x44 ./Middlewares/ST/STM32_USB_Device_Library/Core/Src/usbd_ctlreq.o
 .text.USBD_ParseSetupRequest
                0x000000000800c0f4       0x74 ./Middlewares/ST/STM32_USB_Device_Library/Core/Src/usbd_ctlreq.o
                0x000000000800c0f4                USBD_ParseSetupRequest
 .text.USBD_CtlError
                0x000000000800c168       0x22 ./Middlewares/ST/STM32_USB_Device_Library/Core/Src/usbd_ctlreq.o
                0x000000000800c168                USBD_CtlError
 .text.USBD_GetString
                0x000000000800c18a       0x8c ./Middlewares/ST/STM32_USB_Device_Library/Core/Src/usbd_ctlreq.o
                0x000000000800c18a                USBD_GetString
 .text.USBD_GetLen
                0x000000000800c216       0x34 ./Middlewares/ST/STM32_USB_Device_Library/Core/Src/usbd_ctlreq.o
 .text.USBD_CtlSendData
                0x000000000800c24a       0x36 ./Middlewares/ST/STM32_USB_Device_Library/Core/Src/usbd_ioreq.o
                0x000000000800c24a                USBD_CtlSendData
 .text.USBD_CtlContinueSendData
                0x000000000800c280       0x22 ./Middlewares/ST/STM32_USB_Device_Library/Core/Src/usbd_ioreq.o
                0x000000000800c280                USBD_CtlContinueSendData
 .text.USBD_CtlContinueRx
                0x000000000800c2a2       0x22 ./Middlewares/ST/STM32_USB_Device_Library/Core/Src/usbd_ioreq.o
                0x000000000800c2a2                USBD_CtlContinueRx
 .text.USBD_CtlSendStatus
                0x000000000800c2c4       0x26 ./Middlewares/ST/STM32_USB_Device_Library/Core/Src/usbd_ioreq.o
                0x000000000800c2c4                USBD_CtlSendStatus
 .text.USBD_CtlReceiveStatus
                0x000000000800c2ea       0x26 ./Middlewares/ST/STM32_USB_Device_Library/Core/Src/usbd_ioreq.o
                0x000000000800c2ea                USBD_CtlReceiveStatus
 .text.MX_USB_DEVICE_Init
                0x000000000800c310       0x60 ./USB_DEVICE/App/usb_device.o
                0x000000000800c310                MX_USB_DEVICE_Init
 .text.USBD_FS_DeviceDescriptor
                0x000000000800c370       0x24 ./USB_DEVICE/App/usbd_desc.o
                0x000000000800c370                USBD_FS_DeviceDescriptor
 .text.USBD_FS_LangIDStrDescriptor
                0x000000000800c394       0x24 ./USB_DEVICE/App/usbd_desc.o
                0x000000000800c394                USBD_FS_LangIDStrDescriptor
 .text.USBD_FS_ProductStrDescriptor
                0x000000000800c3b8       0x3c ./USB_DEVICE/App/usbd_desc.o
                0x000000000800c3b8                USBD_FS_ProductStrDescriptor
 .text.USBD_FS_ManufacturerStrDescriptor
                0x000000000800c3f4       0x28 ./USB_DEVICE/App/usbd_desc.o
                0x000000000800c3f4                USBD_FS_ManufacturerStrDescriptor
 .text.USBD_FS_SerialStrDescriptor
                0x000000000800c41c       0x24 ./USB_DEVICE/App/usbd_desc.o
                0x000000000800c41c                USBD_FS_SerialStrDescriptor
 .text.USBD_FS_ConfigStrDescriptor
                0x000000000800c440       0x3c ./USB_DEVICE/App/usbd_desc.o
                0x000000000800c440                USBD_FS_ConfigStrDescriptor
 .text.USBD_FS_InterfaceStrDescriptor
                0x000000000800c47c       0x3c ./USB_DEVICE/App/usbd_desc.o
                0x000000000800c47c                USBD_FS_InterfaceStrDescriptor
 .text.Get_SerialNum
                0x000000000800c4b8       0x58 ./USB_DEVICE/App/usbd_desc.o
 .text.IntToUnicode
                0x000000000800c510       0x7e ./USB_DEVICE/App/usbd_desc.o
 *fill*         0x000000000800c58e        0x2 
 .text.STORAGE_Init_FS
                0x000000000800c590       0x38 ./USB_DEVICE/App/usbd_storage_if.o
 .text.STORAGE_GetCapacity_FS
                0x000000000800c5c8       0x32 ./USB_DEVICE/App/usbd_storage_if.o
 .text.STORAGE_IsReady_FS
                0x000000000800c5fa       0x52 ./USB_DEVICE/App/usbd_storage_if.o
 .text.STORAGE_IsWriteProtected_FS
                0x000000000800c64c       0x18 ./USB_DEVICE/App/usbd_storage_if.o
 .text.STORAGE_Read_FS
                0x000000000800c664       0xa8 ./USB_DEVICE/App/usbd_storage_if.o
 .text.STORAGE_Write_FS
                0x000000000800c70c      0x130 ./USB_DEVICE/App/usbd_storage_if.o
 .text.STORAGE_GetMaxLun_FS
                0x000000000800c83c       0x10 ./USB_DEVICE/App/usbd_storage_if.o
 .text.HAL_PCD_MspInit
                0x000000000800c84c       0xcc ./USB_DEVICE/Target/usbd_conf.o
                0x000000000800c84c                HAL_PCD_MspInit
 .text.HAL_PCD_SetupStageCallback
                0x000000000800c918       0x24 ./USB_DEVICE/Target/usbd_conf.o
                0x000000000800c918                HAL_PCD_SetupStageCallback
 .text.HAL_PCD_DataOutStageCallback
                0x000000000800c93c       0x36 ./USB_DEVICE/Target/usbd_conf.o
                0x000000000800c93c                HAL_PCD_DataOutStageCallback
 .text.HAL_PCD_DataInStageCallback
                0x000000000800c972       0x34 ./USB_DEVICE/Target/usbd_conf.o
                0x000000000800c972                HAL_PCD_DataInStageCallback
 .text.HAL_PCD_SOFCallback
                0x000000000800c9a6       0x1c ./USB_DEVICE/Target/usbd_conf.o
                0x000000000800c9a6                HAL_PCD_SOFCallback
 .text.HAL_PCD_ResetCallback
                0x000000000800c9c2       0x3c ./USB_DEVICE/Target/usbd_conf.o
                0x000000000800c9c2                HAL_PCD_ResetCallback
 *fill*         0x000000000800c9fe        0x2 
 .text.HAL_PCD_SuspendCallback
                0x000000000800ca00       0x4c ./USB_DEVICE/Target/usbd_conf.o
                0x000000000800ca00                HAL_PCD_SuspendCallback
 .text.HAL_PCD_ResumeCallback
                0x000000000800ca4c       0x50 ./USB_DEVICE/Target/usbd_conf.o
                0x000000000800ca4c                HAL_PCD_ResumeCallback
 .text.HAL_PCD_ISOOUTIncompleteCallback
                0x000000000800ca9c       0x24 ./USB_DEVICE/Target/usbd_conf.o
                0x000000000800ca9c                HAL_PCD_ISOOUTIncompleteCallback
 .text.HAL_PCD_ISOINIncompleteCallback
                0x000000000800cac0       0x24 ./USB_DEVICE/Target/usbd_conf.o
                0x000000000800cac0                HAL_PCD_ISOINIncompleteCallback
 .text.HAL_PCD_ConnectCallback
                0x000000000800cae4       0x1c ./USB_DEVICE/Target/usbd_conf.o
                0x000000000800cae4                HAL_PCD_ConnectCallback
 .text.HAL_PCD_DisconnectCallback
                0x000000000800cb00       0x1c ./USB_DEVICE/Target/usbd_conf.o
                0x000000000800cb00                HAL_PCD_DisconnectCallback
 .text.USBD_LL_Init
                0x000000000800cb1c       0x98 ./USB_DEVICE/Target/usbd_conf.o
                0x000000000800cb1c                USBD_LL_Init
 .text.USBD_LL_Start
                0x000000000800cbb4       0x64 ./USB_DEVICE/Target/usbd_conf.o
                0x000000000800cbb4                USBD_LL_Start
 .text.USBD_LL_OpenEP
                0x000000000800cc18       0x7c ./USB_DEVICE/Target/usbd_conf.o
                0x000000000800cc18                USBD_LL_OpenEP
 .text.USBD_LL_CloseEP
                0x000000000800cc94       0x6c ./USB_DEVICE/Target/usbd_conf.o
                0x000000000800cc94                USBD_LL_CloseEP
 .text.USBD_LL_FlushEP
                0x000000000800cd00       0x6c ./USB_DEVICE/Target/usbd_conf.o
                0x000000000800cd00                USBD_LL_FlushEP
 .text.USBD_LL_StallEP
                0x000000000800cd6c       0x6c ./USB_DEVICE/Target/usbd_conf.o
                0x000000000800cd6c                USBD_LL_StallEP
 .text.USBD_LL_ClearStallEP
                0x000000000800cdd8       0x6c ./USB_DEVICE/Target/usbd_conf.o
                0x000000000800cdd8                USBD_LL_ClearStallEP
 .text.USBD_LL_IsStallEP
                0x000000000800ce44       0x58 ./USB_DEVICE/Target/usbd_conf.o
                0x000000000800ce44                USBD_LL_IsStallEP
 .text.USBD_LL_SetUSBAddress
                0x000000000800ce9c       0x6c ./USB_DEVICE/Target/usbd_conf.o
                0x000000000800ce9c                USBD_LL_SetUSBAddress
 .text.USBD_LL_Transmit
                0x000000000800cf08       0x70 ./USB_DEVICE/Target/usbd_conf.o
                0x000000000800cf08                USBD_LL_Transmit
 .text.USBD_LL_PrepareReceive
                0x000000000800cf78       0x70 ./USB_DEVICE/Target/usbd_conf.o
                0x000000000800cf78                USBD_LL_PrepareReceive
 .text.USBD_LL_GetRxDataSize
                0x000000000800cfe8       0x26 ./USB_DEVICE/Target/usbd_conf.o
                0x000000000800cfe8                USBD_LL_GetRxDataSize
 *fill*         0x000000000800d00e        0x2 
 .text.USBD_static_malloc
                0x000000000800d010       0x1c ./USB_DEVICE/Target/usbd_conf.o
                0x000000000800d010                USBD_static_malloc
 .text.USBD_static_free
                0x000000000800d02c       0x14 ./USB_DEVICE/Target/usbd_conf.o
                0x000000000800d02c                USBD_static_free
 .text.SystemClockConfig_Resume
                0x000000000800d040        0xc ./USB_DEVICE/Target/usbd_conf.o
 .text.__libc_init_array
                0x000000000800d04c       0x48 c:/st/stm32cubeide_1.9.0/stm32cubeide/plugins/com.st.stm32cube.ide.mcu.externaltools.gnu-tools-for-stm32.10.3-2021.10.win32_1.0.0.202111181127/tools/bin/../lib/gcc/arm-none-eabi/10.3.1/../../../../arm-none-eabi/lib/thumb/v7e-m+fp/hard\libc_nano.a(lib_a-init.o)
                0x000000000800d04c                __libc_init_array
 .text.memset   0x000000000800d094       0x10 c:/st/stm32cubeide_1.9.0/stm32cubeide/plugins/com.st.stm32cube.ide.mcu.externaltools.gnu-tools-for-stm32.10.3-2021.10.win32_1.0.0.202111181127/tools/bin/../lib/gcc/arm-none-eabi/10.3.1/../../../../arm-none-eabi/lib/thumb/v7e-m+fp/hard\libc_nano.a(lib_a-memset.o)
                0x000000000800d094                memset
 *(.glue_7)
 .glue_7        0x000000000800d0a4        0x0 linker stubs
 *(.glue_7t)
 .glue_7t       0x000000000800d0a4        0x0 linker stubs
 *(.eh_frame)
 .eh_frame      0x000000000800d0a4        0x0 c:/st/stm32cubeide_1.9.0/stm32cubeide/plugins/com.st.stm32cube.ide.mcu.externaltools.gnu-tools-for-stm32.10.3-2021.10.win32_1.0.0.202111181127/tools/bin/../lib/gcc/arm-none-eabi/10.3.1/thumb/v7e-m+fp/hard/crtbegin.o
 *(.init)
 .init          0x000000000800d0a4        0x4 c:/st/stm32cubeide_1.9.0/stm32cubeide/plugins/com.st.stm32cube.ide.mcu.externaltools.gnu-tools-for-stm32.10.3-2021.10.win32_1.0.0.202111181127/tools/bin/../lib/gcc/arm-none-eabi/10.3.1/thumb/v7e-m+fp/hard/crti.o
                0x000000000800d0a4                _init
 .init          0x000000000800d0a8        0x8 c:/st/stm32cubeide_1.9.0/stm32cubeide/plugins/com.st.stm32cube.ide.mcu.externaltools.gnu-tools-for-stm32.10.3-2021.10.win32_1.0.0.202111181127/tools/bin/../lib/gcc/arm-none-eabi/10.3.1/thumb/v7e-m+fp/hard/crtn.o
 *(.fini)
 .fini          0x000000000800d0b0        0x4 c:/st/stm32cubeide_1.9.0/stm32cubeide/plugins/com.st.stm32cube.ide.mcu.externaltools.gnu-tools-for-stm32.10.3-2021.10.win32_1.0.0.202111181127/tools/bin/../lib/gcc/arm-none-eabi/10.3.1/thumb/v7e-m+fp/hard/crti.o
                0x000000000800d0b0                _fini
 .fini          0x000000000800d0b4        0x8 c:/st/stm32cubeide_1.9.0/stm32cubeide/plugins/com.st.stm32cube.ide.mcu.externaltools.gnu-tools-for-stm32.10.3-2021.10.win32_1.0.0.202111181127/tools/bin/../lib/gcc/arm-none-eabi/10.3.1/thumb/v7e-m+fp/hard/crtn.o
                0x000000000800d0bc                . = ALIGN (0x4)
                0x000000000800d0bc                _etext = .

.vfp11_veneer   0x000000000800d0bc        0x0
 .vfp11_veneer  0x000000000800d0bc        0x0 linker stubs

.v4_bx          0x000000000800d0bc        0x0
 .v4_bx         0x000000000800d0bc        0x0 linker stubs

.iplt           0x000000000800d0bc        0x0
 .iplt          0x000000000800d0bc        0x0 c:/st/stm32cubeide_1.9.0/stm32cubeide/plugins/com.st.stm32cube.ide.mcu.externaltools.gnu-tools-for-stm32.10.3-2021.10.win32_1.0.0.202111181127/tools/bin/../lib/gcc/arm-none-eabi/10.3.1/thumb/v7e-m+fp/hard/crtbegin.o

.rodata         0x000000000800d0bc       0xb4
                0x000000000800d0bc                . = ALIGN (0x4)
 *(.rodata)
 .rodata        0x000000000800d0bc       0x42 ./USB_DEVICE/App/usbd_desc.o
 *(.rodata*)
 *fill*         0x000000000800d0fe        0x2 
 .rodata.LED_PIN
                0x000000000800d100        0x4 ./Core/Src/stm32l476g_discovery.o
                0x000000000800d100                LED_PIN
 .rodata.AHBPrescTable
                0x000000000800d104       0x10 ./Core/Src/system_stm32l4xx.o
                0x000000000800d104                AHBPrescTable
 .rodata.APBPrescTable
                0x000000000800d114        0x8 ./Core/Src/system_stm32l4xx.o
                0x000000000800d114                APBPrescTable
 .rodata.MSIRangeTable
                0x000000000800d11c       0x30 ./Core/Src/system_stm32l4xx.o
                0x000000000800d11c                MSIRangeTable
 .rodata.STORAGE_Inquirydata_FS
                0x000000000800d14c       0x24 ./USB_DEVICE/App/usbd_storage_if.o
                0x000000000800d14c                STORAGE_Inquirydata_FS
                0x000000000800d170                . = ALIGN (0x4)

.rel.dyn        0x000000000800d170        0x0
 .rel.iplt      0x000000000800d170        0x0 c:/st/stm32cubeide_1.9.0/stm32cubeide/plugins/com.st.stm32cube.ide.mcu.externaltools.gnu-tools-for-stm32.10.3-2021.10.win32_1.0.0.202111181127/tools/bin/../lib/gcc/arm-none-eabi/10.3.1/thumb/v7e-m+fp/hard/crtbegin.o

.ARM.extab      0x000000000800d170        0x0
                0x000000000800d170                . = ALIGN (0x4)
 *(.ARM.extab* .gnu.linkonce.armextab.*)
                0x000000000800d170                . = ALIGN (0x4)

.ARM            0x000000000800d170        0x0
                0x000000000800d170                . = ALIGN (0x4)
                0x000000000800d170                __exidx_start = .
 *(.ARM.exidx*)
                0x000000000800d170                __exidx_end = .
                0x000000000800d170                . = ALIGN (0x4)

.preinit_array  0x000000000800d170        0x0
                0x000000000800d170                . = ALIGN (0x4)
                0x000000000800d170                PROVIDE (__preinit_array_start = .)
 *(.preinit_array*)
                0x000000000800d170                PROVIDE (__preinit_array_end = .)
                0x000000000800d170                . = ALIGN (0x4)

.init_array     0x000000000800d170        0x4
                0x000000000800d170                . = ALIGN (0x4)
                0x000000000800d170                PROVIDE (__init_array_start = .)
 *(SORT_BY_NAME(.init_array.*))
 *(.init_array*)
 .init_array    0x000000000800d170        0x4 c:/st/stm32cubeide_1.9.0/stm32cubeide/plugins/com.st.stm32cube.ide.mcu.externaltools.gnu-tools-for-stm32.10.3-2021.10.win32_1.0.0.202111181127/tools/bin/../lib/gcc/arm-none-eabi/10.3.1/thumb/v7e-m+fp/hard/crtbegin.o
                0x000000000800d174                PROVIDE (__init_array_end = .)
                0x000000000800d174                . = ALIGN (0x4)

.fini_array     0x000000000800d174        0x4
                0x000000000800d174                . = ALIGN (0x4)
                [!provide]                        PROVIDE (__fini_array_start = .)
 *(SORT_BY_NAME(.fini_array.*))
 *(.fini_array*)
 .fini_array    0x000000000800d174        0x4 c:/st/stm32cubeide_1.9.0/stm32cubeide/plugins/com.st.stm32cube.ide.mcu.externaltools.gnu-tools-for-stm32.10.3-2021.10.win32_1.0.0.202111181127/tools/bin/../lib/gcc/arm-none-eabi/10.3.1/thumb/v7e-m+fp/hard/crtbegin.o
                [!provide]                        PROVIDE (__fini_array_end = .)
                0x000000000800d178                . = ALIGN (0x4)
                0x000000000800d178                _sidata = LOADADDR (.data)

.data           0x0000000020000000      0x1a4 load address 0x000000000800d178
                0x0000000020000000                . = ALIGN (0x4)
                0x0000000020000000                _sdata = .
 *(.data)
 *(.data*)
 .data.cs43l22_drv
                0x0000000020000000       0x30 ./Core/Src/cs43l22.o
                0x0000000020000000                cs43l22_drv
 .data.Is_cs43l22_Stop
                0x0000000020000030        0x1 ./Core/Src/cs43l22.o
 *fill*         0x0000000020000031        0x3 
 .data.LED_PORT
                0x0000000020000034        0x8 ./Core/Src/stm32l476g_discovery.o
                0x0000000020000034                LED_PORT
 .data.I2c1Timeout
                0x000000002000003c        0x4 ./Core/Src/stm32l476g_discovery.o
                0x000000002000003c                I2c1Timeout
 .data.SystemCoreClock
                0x0000000020000040        0x4 ./Core/Src/system_stm32l4xx.o
                0x0000000020000040                SystemCoreClock
 .data.uwTickPrio
                0x0000000020000044        0x4 ./Drivers/STM32L4xx_HAL_Driver/Src/stm32l4xx_hal.o
                0x0000000020000044                uwTickPrio
 .data.uwTickFreq
                0x0000000020000048        0x1 ./Drivers/STM32L4xx_HAL_Driver/Src/stm32l4xx_hal.o
                0x0000000020000048                uwTickFreq
 *fill*         0x0000000020000049        0x3 
 .data.USBD_MSC
                0x000000002000004c       0x38 ./Middlewares/ST/STM32_USB_Device_Library/Class/MSC/Src/usbd_msc.o
                0x000000002000004c                USBD_MSC
 .data.USBD_MSC_CfgHSDesc
                0x0000000020000084       0x20 ./Middlewares/ST/STM32_USB_Device_Library/Class/MSC/Src/usbd_msc.o
 .data.USBD_MSC_CfgFSDesc
                0x00000000200000a4       0x20 ./Middlewares/ST/STM32_USB_Device_Library/Class/MSC/Src/usbd_msc.o
 .data.USBD_MSC_OtherSpeedCfgDesc
                0x00000000200000c4       0x20 ./Middlewares/ST/STM32_USB_Device_Library/Class/MSC/Src/usbd_msc.o
 .data.USBD_MSC_DeviceQualifierDesc
                0x00000000200000e4        0xa ./Middlewares/ST/STM32_USB_Device_Library/Class/MSC/Src/usbd_msc.o
 *fill*         0x00000000200000ee        0x2 
 .data.MSC_Page00_Inquiry_Data
                0x00000000200000f0        0x6 ./Middlewares/ST/STM32_USB_Device_Library/Class/MSC/Src/usbd_msc_data.o
                0x00000000200000f0                MSC_Page00_Inquiry_Data
 *fill*         0x00000000200000f6        0x2 
 .data.MSC_Page80_Inquiry_Data
                0x00000000200000f8        0x8 ./Middlewares/ST/STM32_USB_Device_Library/Class/MSC/Src/usbd_msc_data.o
                0x00000000200000f8                MSC_Page80_Inquiry_Data
 .data.MSC_Mode_Sense6_data
                0x0000000020000100       0x17 ./Middlewares/ST/STM32_USB_Device_Library/Class/MSC/Src/usbd_msc_data.o
                0x0000000020000100                MSC_Mode_Sense6_data
 *fill*         0x0000000020000117        0x1 
 .data.MSC_Mode_Sense10_data
                0x0000000020000118       0x1b ./Middlewares/ST/STM32_USB_Device_Library/Class/MSC/Src/usbd_msc_data.o
                0x0000000020000118                MSC_Mode_Sense10_data
 *fill*         0x0000000020000133        0x1 
 .data.FS_Desc  0x0000000020000134       0x1c ./USB_DEVICE/App/usbd_desc.o
                0x0000000020000134                FS_Desc
 .data.USBD_FS_DeviceDesc
                0x0000000020000150       0x12 ./USB_DEVICE/App/usbd_desc.o
                0x0000000020000150                USBD_FS_DeviceDesc
 *fill*         0x0000000020000162        0x2 
 .data.USBD_LangIDDesc
                0x0000000020000164        0x4 ./USB_DEVICE/App/usbd_desc.o
                0x0000000020000164                USBD_LangIDDesc
 .data.USBD_StringSerial
                0x0000000020000168       0x1a ./USB_DEVICE/App/usbd_desc.o
                0x0000000020000168                USBD_StringSerial
 *fill*         0x0000000020000182        0x2 
 .data.USBD_Storage_Interface_fops_FS
                0x0000000020000184       0x20 ./USB_DEVICE/App/usbd_storage_if.o
                0x0000000020000184                USBD_Storage_Interface_fops_FS
 *(.RamFunc)
 *(.RamFunc*)
                0x00000000200001a4                . = ALIGN (0x4)
                0x00000000200001a4                _edata = .

.igot.plt       0x00000000200001a4        0x0 load address 0x000000000800d31c
 .igot.plt      0x00000000200001a4        0x0 c:/st/stm32cubeide_1.9.0/stm32cubeide/plugins/com.st.stm32cube.ide.mcu.externaltools.gnu-tools-for-stm32.10.3-2021.10.win32_1.0.0.202111181127/tools/bin/../lib/gcc/arm-none-eabi/10.3.1/thumb/v7e-m+fp/hard/crtbegin.o
                0x00000000200001a4                . = ALIGN (0x4)

.bss            0x00000000200001a4     0x2bdc load address 0x000000000800d31c
                0x00000000200001a4                _sbss = .
                0x00000000200001a4                __bss_start__ = _sbss
 *(.bss)
 .bss           0x00000000200001a4       0x1c c:/st/stm32cubeide_1.9.0/stm32cubeide/plugins/com.st.stm32cube.ide.mcu.externaltools.gnu-tools-for-stm32.10.3-2021.10.win32_1.0.0.202111181127/tools/bin/../lib/gcc/arm-none-eabi/10.3.1/thumb/v7e-m+fp/hard/crtbegin.o
 *(.bss*)
 .bss.OutputDev
                0x00000000200001c0        0x1 ./Core/Src/cs43l22.o
                0x00000000200001c0                OutputDev
 *fill*         0x00000000200001c1        0x3 
 .bss.hdfsdm1_filter0
                0x00000000200001c4       0x54 ./Core/Src/dfsdm.o
                0x00000000200001c4                hdfsdm1_filter0
 .bss.hdfsdm1_channel2
                0x0000000020000218       0x38 ./Core/Src/dfsdm.o
                0x0000000020000218                hdfsdm1_channel2
 .bss.hdma_dfsdm1_flt0
                0x0000000020000250       0x48 ./Core/Src/dfsdm.o
                0x0000000020000250                hdma_dfsdm1_flt0
 .bss.HAL_RCC_DFSDM1_CLK_ENABLED
                0x0000000020000298        0x4 ./Core/Src/dfsdm.o
 .bss.DFSDM1_Init
                0x000000002000029c        0x4 ./Core/Src/dfsdm.o
 .bss.hqspi     0x00000000200002a0       0x44 ./Core/Src/quadspi.o
                0x00000000200002a0                hqspi
 .bss.audio_drv
                0x00000000200002e4        0x4 ./Core/Src/sai.o
                0x00000000200002e4                audio_drv
 .bss.hsai_BlockA1
                0x00000000200002e8       0x84 ./Core/Src/sai.o
                0x00000000200002e8                hsai_BlockA1
 .bss.hdma_sai1_a
                0x000000002000036c       0x48 ./Core/Src/sai.o
                0x000000002000036c                hdma_sai1_a
 .bss.SAI1_client
                0x00000000200003b4        0x4 ./Core/Src/sai.o
 .bss.I2c1Handle
                0x00000000200003b8       0x4c ./Core/Src/stm32l476g_discovery.o
 .bss.uwTick    0x0000000020000404        0x4 ./Drivers/STM32L4xx_HAL_Driver/Src/stm32l4xx_hal.o
                0x0000000020000404                uwTick
 .bss.v_dfsdm1ChannelCounter
                0x0000000020000408        0x4 ./Drivers/STM32L4xx_HAL_Driver/Src/stm32l4xx_hal_dfsdm.o
 .bss.a_dfsdm1ChannelHandle
                0x000000002000040c       0x20 ./Drivers/STM32L4xx_HAL_Driver/Src/stm32l4xx_hal_dfsdm.o
 .bss.cfgidx.0  0x000000002000042c        0x1 ./Middlewares/ST/STM32_USB_Device_Library/Core/Src/usbd_ctlreq.o
 *fill*         0x000000002000042d        0x3 
 .bss.hUsbDeviceFS
                0x0000000020000430      0x2d0 ./USB_DEVICE/App/usb_device.o
                0x0000000020000430                hUsbDeviceFS
 .bss.USBD_StrDesc
                0x0000000020000700      0x200 ./USB_DEVICE/App/usbd_desc.o
                0x0000000020000700                USBD_StrDesc
 .bss.QSPI_ReadBuffer
                0x0000000020000900     0x1000 ./USB_DEVICE/App/usbd_storage_if.o
                0x0000000020000900                QSPI_ReadBuffer
 .bss.hpcd_USB_OTG_FS
                0x0000000020001900      0x408 ./USB_DEVICE/Target/usbd_conf.o
                0x0000000020001900                hpcd_USB_OTG_FS
 .bss.mem.0     0x0000000020001d08     0x1078 ./USB_DEVICE/Target/usbd_conf.o
 *(COMMON)
                0x0000000020002d80                . = ALIGN (0x4)
                0x0000000020002d80                _ebss = .
                0x0000000020002d80                __bss_end__ = _ebss

._user_heap_stack
                0x0000000020002d80      0x600 load address 0x000000000800d31c
                0x0000000020002d80                . = ALIGN (0x8)
                [!provide]                        PROVIDE (end = .)
                0x0000000020002d80                PROVIDE (_end = .)
                0x0000000020002f80                . = (. + _Min_Heap_Size)
 *fill*         0x0000000020002d80      0x200 
                0x0000000020003380                . = (. + _Min_Stack_Size)
 *fill*         0x0000000020002f80      0x400 
                0x0000000020003380                . = ALIGN (0x8)

/DISCARD/
 libc.a(*)
 libm.a(*)
 libgcc.a(*)

.ARM.attributes
                0x0000000000000000       0x30
 *(.ARM.attributes)
 .ARM.attributes
                0x0000000000000000       0x1e c:/st/stm32cubeide_1.9.0/stm32cubeide/plugins/com.st.stm32cube.ide.mcu.externaltools.gnu-tools-for-stm32.10.3-2021.10.win32_1.0.0.202111181127/tools/bin/../lib/gcc/arm-none-eabi/10.3.1/thumb/v7e-m+fp/hard/crti.o
 .ARM.attributes
                0x000000000000001e       0x34 c:/st/stm32cubeide_1.9.0/stm32cubeide/plugins/com.st.stm32cube.ide.mcu.externaltools.gnu-tools-for-stm32.10.3-2021.10.win32_1.0.0.202111181127/tools/bin/../lib/gcc/arm-none-eabi/10.3.1/thumb/v7e-m+fp/hard/crtbegin.o
 .ARM.attributes
                0x0000000000000052       0x34 ./Core/Src/cs43l22.o
 .ARM.attributes
                0x0000000000000086       0x34 ./Core/Src/dfsdm.o
 .ARM.attributes
                0x00000000000000ba       0x34 ./Core/Src/dma.o
 .ARM.attributes
                0x00000000000000ee       0x34 ./Core/Src/gpio.o
 .ARM.attributes
                0x0000000000000122       0x34 ./Core/Src/main.o
 .ARM.attributes
                0x0000000000000156       0x34 ./Core/Src/quadspi.o
 .ARM.attributes
                0x000000000000018a       0x34 ./Core/Src/sai.o
 .ARM.attributes
                0x00000000000001be       0x34 ./Core/Src/stm32l476g_discovery.o
 .ARM.attributes
                0x00000000000001f2       0x34 ./Core/Src/stm32l4xx_hal_msp.o
 .ARM.attributes
                0x0000000000000226       0x34 ./Core/Src/stm32l4xx_it.o
 .ARM.attributes
                0x000000000000025a       0x34 ./Core/Src/system_stm32l4xx.o
 .ARM.attributes
                0x000000000000028e       0x21 ./Core/Startup/startup_stm32l476vgtx.o
 .ARM.attributes
                0x00000000000002af       0x34 ./Drivers/STM32L4xx_HAL_Driver/Src/stm32l4xx_hal.o
 .ARM.attributes
                0x00000000000002e3       0x34 ./Drivers/STM32L4xx_HAL_Driver/Src/stm32l4xx_hal_cortex.o
 .ARM.attributes
                0x0000000000000317       0x34 ./Drivers/STM32L4xx_HAL_Driver/Src/stm32l4xx_hal_dfsdm.o
 .ARM.attributes
                0x000000000000034b       0x34 ./Drivers/STM32L4xx_HAL_Driver/Src/stm32l4xx_hal_dma.o
 .ARM.attributes
                0x000000000000037f       0x34 ./Drivers/STM32L4xx_HAL_Driver/Src/stm32l4xx_hal_gpio.o
 .ARM.attributes
                0x00000000000003b3       0x34 ./Drivers/STM32L4xx_HAL_Driver/Src/stm32l4xx_hal_i2c.o
 .ARM.attributes
                0x00000000000003e7       0x34 ./Drivers/STM32L4xx_HAL_Driver/Src/stm32l4xx_hal_pcd.o
 .ARM.attributes
                0x000000000000041b       0x34 ./Drivers/STM32L4xx_HAL_Driver/Src/stm32l4xx_hal_pcd_ex.o
 .ARM.attributes
                0x000000000000044f       0x34 ./Drivers/STM32L4xx_HAL_Driver/Src/stm32l4xx_hal_pwr.o
 .ARM.attributes
                0x0000000000000483       0x34 ./Drivers/STM32L4xx_HAL_Driver/Src/stm32l4xx_hal_pwr_ex.o
 .ARM.attributes
                0x00000000000004b7       0x34 ./Drivers/STM32L4xx_HAL_Driver/Src/stm32l4xx_hal_qspi.o
 .ARM.attributes
                0x00000000000004eb       0x34 ./Drivers/STM32L4xx_HAL_Driver/Src/stm32l4xx_hal_rcc.o
 .ARM.attributes
                0x000000000000051f       0x34 ./Drivers/STM32L4xx_HAL_Driver/Src/stm32l4xx_hal_rcc_ex.o
 .ARM.attributes
                0x0000000000000553       0x34 ./Drivers/STM32L4xx_HAL_Driver/Src/stm32l4xx_hal_sai.o
 .ARM.attributes
                0x0000000000000587       0x34 ./Drivers/STM32L4xx_HAL_Driver/Src/stm32l4xx_ll_usb.o
 .ARM.attributes
                0x00000000000005bb       0x34 ./Middlewares/ST/STM32_USB_Device_Library/Class/MSC/Src/usbd_msc.o
 .ARM.attributes
                0x00000000000005ef       0x34 ./Middlewares/ST/STM32_USB_Device_Library/Class/MSC/Src/usbd_msc_bot.o
 .ARM.attributes
                0x0000000000000623       0x34 ./Middlewares/ST/STM32_USB_Device_Library/Class/MSC/Src/usbd_msc_data.o
 .ARM.attributes
                0x0000000000000657       0x34 ./Middlewares/ST/STM32_USB_Device_Library/Class/MSC/Src/usbd_msc_scsi.o
 .ARM.attributes
                0x000000000000068b       0x34 ./Middlewares/ST/STM32_USB_Device_Library/Core/Src/usbd_core.o
 .ARM.attributes
                0x00000000000006bf       0x34 ./Middlewares/ST/STM32_USB_Device_Library/Core/Src/usbd_ctlreq.o
 .ARM.attributes
                0x00000000000006f3       0x34 ./Middlewares/ST/STM32_USB_Device_Library/Core/Src/usbd_ioreq.o
 .ARM.attributes
                0x0000000000000727       0x34 ./USB_DEVICE/App/usb_device.o
 .ARM.attributes
                0x000000000000075b       0x34 ./USB_DEVICE/App/usbd_desc.o
 .ARM.attributes
                0x000000000000078f       0x34 ./USB_DEVICE/App/usbd_storage_if.o
 .ARM.attributes
                0x00000000000007c3       0x34 ./USB_DEVICE/Target/usbd_conf.o
 .ARM.attributes
                0x00000000000007f7       0x34 c:/st/stm32cubeide_1.9.0/stm32cubeide/plugins/com.st.stm32cube.ide.mcu.externaltools.gnu-tools-for-stm32.10.3-2021.10.win32_1.0.0.202111181127/tools/bin/../lib/gcc/arm-none-eabi/10.3.1/../../../../arm-none-eabi/lib/thumb/v7e-m+fp/hard\libc_nano.a(lib_a-init.o)
 .ARM.attributes
                0x000000000000082b       0x34 c:/st/stm32cubeide_1.9.0/stm32cubeide/plugins/com.st.stm32cube.ide.mcu.externaltools.gnu-tools-for-stm32.10.3-2021.10.win32_1.0.0.202111181127/tools/bin/../lib/gcc/arm-none-eabi/10.3.1/../../../../arm-none-eabi/lib/thumb/v7e-m+fp/hard\libc_nano.a(lib_a-memset.o)
 .ARM.attributes
                0x000000000000085f       0x1e c:/st/stm32cubeide_1.9.0/stm32cubeide/plugins/com.st.stm32cube.ide.mcu.externaltools.gnu-tools-for-stm32.10.3-2021.10.win32_1.0.0.202111181127/tools/bin/../lib/gcc/arm-none-eabi/10.3.1/thumb/v7e-m+fp/hard/crtn.o
OUTPUT(XD.elf elf32-littlearm)
LOAD linker stubs
LOAD c:/st/stm32cubeide_1.9.0/stm32cubeide/plugins/com.st.stm32cube.ide.mcu.externaltools.gnu-tools-for-stm32.10.3-2021.10.win32_1.0.0.202111181127/tools/bin/../lib/gcc/arm-none-eabi/10.3.1/../../../../arm-none-eabi/lib/thumb/v7e-m+fp/hard\libc.a
LOAD c:/st/stm32cubeide_1.9.0/stm32cubeide/plugins/com.st.stm32cube.ide.mcu.externaltools.gnu-tools-for-stm32.10.3-2021.10.win32_1.0.0.202111181127/tools/bin/../lib/gcc/arm-none-eabi/10.3.1/../../../../arm-none-eabi/lib/thumb/v7e-m+fp/hard\libm.a
LOAD c:/st/stm32cubeide_1.9.0/stm32cubeide/plugins/com.st.stm32cube.ide.mcu.externaltools.gnu-tools-for-stm32.10.3-2021.10.win32_1.0.0.202111181127/tools/bin/../lib/gcc/arm-none-eabi/10.3.1/thumb/v7e-m+fp/hard\libgcc.a

.debug_info     0x0000000000000000    0x1efe3
 .debug_info    0x0000000000000000      0x622 ./Core/Src/cs43l22.o
 .debug_info    0x0000000000000622      0xec8 ./Core/Src/dfsdm.o
 .debug_info    0x00000000000014ea      0x56f ./Core/Src/dma.o
 .debug_info    0x0000000000001a59      0x541 ./Core/Src/gpio.o
 .debug_info    0x0000000000001f9a      0xec8 ./Core/Src/main.o
 .debug_info    0x0000000000002e62      0xfdf ./Core/Src/quadspi.o
 .debug_info    0x0000000000003e41      0xc86 ./Core/Src/sai.o
 .debug_info    0x0000000000004ac7     0x1e09 ./Core/Src/stm32l476g_discovery.o
 .debug_info    0x00000000000068d0      0x308 ./Core/Src/stm32l4xx_hal_msp.o
 .debug_info    0x0000000000006bd8      0x90f ./Core/Src/stm32l4xx_it.o
 .debug_info    0x00000000000074e7      0x5c6 ./Core/Src/system_stm32l4xx.o
 .debug_info    0x0000000000007aad       0x22 ./Core/Startup/startup_stm32l476vgtx.o
 .debug_info    0x0000000000007acf      0xc57 ./Drivers/STM32L4xx_HAL_Driver/Src/stm32l4xx_hal.o
 .debug_info    0x0000000000008726      0xe21 ./Drivers/STM32L4xx_HAL_Driver/Src/stm32l4xx_hal_cortex.o
 .debug_info    0x0000000000009547     0x1b9b ./Drivers/STM32L4xx_HAL_Driver/Src/stm32l4xx_hal_dfsdm.o
 .debug_info    0x000000000000b0e2      0x76a ./Drivers/STM32L4xx_HAL_Driver/Src/stm32l4xx_hal_dma.o
 .debug_info    0x000000000000b84c      0x821 ./Drivers/STM32L4xx_HAL_Driver/Src/stm32l4xx_hal_gpio.o
 .debug_info    0x000000000000c06d     0x21d0 ./Drivers/STM32L4xx_HAL_Driver/Src/stm32l4xx_hal_i2c.o
 .debug_info    0x000000000000e23d     0x15e1 ./Drivers/STM32L4xx_HAL_Driver/Src/stm32l4xx_hal_pcd.o
 .debug_info    0x000000000000f81e      0x8bf ./Drivers/STM32L4xx_HAL_Driver/Src/stm32l4xx_hal_pcd_ex.o
 .debug_info    0x00000000000100dd      0x950 ./Drivers/STM32L4xx_HAL_Driver/Src/stm32l4xx_hal_pwr.o
 .debug_info    0x0000000000010a2d      0x9f0 ./Drivers/STM32L4xx_HAL_Driver/Src/stm32l4xx_hal_pwr_ex.o
 .debug_info    0x000000000001141d     0x124f ./Drivers/STM32L4xx_HAL_Driver/Src/stm32l4xx_hal_qspi.o
 .debug_info    0x000000000001266c      0xced ./Drivers/STM32L4xx_HAL_Driver/Src/stm32l4xx_hal_rcc.o
 .debug_info    0x0000000000013359      0xe92 ./Drivers/STM32L4xx_HAL_Driver/Src/stm32l4xx_hal_rcc_ex.o
 .debug_info    0x00000000000141eb     0x1280 ./Drivers/STM32L4xx_HAL_Driver/Src/stm32l4xx_hal_sai.o
 .debug_info    0x000000000001546b     0x1aac ./Drivers/STM32L4xx_HAL_Driver/Src/stm32l4xx_ll_usb.o
 .debug_info    0x0000000000016f17      0xd24 ./Middlewares/ST/STM32_USB_Device_Library/Class/MSC/Src/usbd_msc.o
 .debug_info    0x0000000000017c3b      0xc8d ./Middlewares/ST/STM32_USB_Device_Library/Class/MSC/Src/usbd_msc_bot.o
 .debug_info    0x00000000000188c8      0x136 ./Middlewares/ST/STM32_USB_Device_Library/Class/MSC/Src/usbd_msc_data.o
 .debug_info    0x00000000000189fe     0x1264 ./Middlewares/ST/STM32_USB_Device_Library/Class/MSC/Src/usbd_msc_scsi.o
 .debug_info    0x0000000000019c62      0xbbf ./Middlewares/ST/STM32_USB_Device_Library/Core/Src/usbd_core.o
 .debug_info    0x000000000001a821      0xad2 ./Middlewares/ST/STM32_USB_Device_Library/Core/Src/usbd_ctlreq.o
 .debug_info    0x000000000001b2f3      0x781 ./Middlewares/ST/STM32_USB_Device_Library/Core/Src/usbd_ioreq.o
 .debug_info    0x000000000001ba74      0x73e ./USB_DEVICE/App/usb_device.o
 .debug_info    0x000000000001c1b2      0x496 ./USB_DEVICE/App/usbd_desc.o
 .debug_info    0x000000000001c648      0xbc0 ./USB_DEVICE/App/usbd_storage_if.o
 .debug_info    0x000000000001d208     0x1ddb ./USB_DEVICE/Target/usbd_conf.o

.debug_abbrev   0x0000000000000000     0x4f2c
 .debug_abbrev  0x0000000000000000      0x1fa ./Core/Src/cs43l22.o
 .debug_abbrev  0x00000000000001fa      0x1dd ./Core/Src/dfsdm.o
 .debug_abbrev  0x00000000000003d7      0x103 ./Core/Src/dma.o
 .debug_abbrev  0x00000000000004da      0x146 ./Core/Src/gpio.o
 .debug_abbrev  0x0000000000000620      0x22e ./Core/Src/main.o
 .debug_abbrev  0x000000000000084e      0x321 ./Core/Src/quadspi.o
 .debug_abbrev  0x0000000000000b6f      0x1fa ./Core/Src/sai.o
 .debug_abbrev  0x0000000000000d69      0x296 ./Core/Src/stm32l476g_discovery.o
 .debug_abbrev  0x0000000000000fff       0xc2 ./Core/Src/stm32l4xx_hal_msp.o
 .debug_abbrev  0x00000000000010c1      0x1c2 ./Core/Src/stm32l4xx_it.o
 .debug_abbrev  0x0000000000001283      0x116 ./Core/Src/system_stm32l4xx.o
 .debug_abbrev  0x0000000000001399       0x12 ./Core/Startup/startup_stm32l476vgtx.o
 .debug_abbrev  0x00000000000013ab      0x23a ./Drivers/STM32L4xx_HAL_Driver/Src/stm32l4xx_hal.o
 .debug_abbrev  0x00000000000015e5      0x316 ./Drivers/STM32L4xx_HAL_Driver/Src/stm32l4xx_hal_cortex.o
 .debug_abbrev  0x00000000000018fb      0x26d ./Drivers/STM32L4xx_HAL_Driver/Src/stm32l4xx_hal_dfsdm.o
 .debug_abbrev  0x0000000000001b68      0x1d7 ./Drivers/STM32L4xx_HAL_Driver/Src/stm32l4xx_hal_dma.o
 .debug_abbrev  0x0000000000001d3f      0x1bb ./Drivers/STM32L4xx_HAL_Driver/Src/stm32l4xx_hal_gpio.o
 .debug_abbrev  0x0000000000001efa      0x243 ./Drivers/STM32L4xx_HAL_Driver/Src/stm32l4xx_hal_i2c.o
 .debug_abbrev  0x000000000000213d      0x2b4 ./Drivers/STM32L4xx_HAL_Driver/Src/stm32l4xx_hal_pcd.o
 .debug_abbrev  0x00000000000023f1      0x24a ./Drivers/STM32L4xx_HAL_Driver/Src/stm32l4xx_hal_pcd_ex.o
 .debug_abbrev  0x000000000000263b      0x1c9 ./Drivers/STM32L4xx_HAL_Driver/Src/stm32l4xx_hal_pwr.o
 .debug_abbrev  0x0000000000002804      0x1f3 ./Drivers/STM32L4xx_HAL_Driver/Src/stm32l4xx_hal_pwr_ex.o
 .debug_abbrev  0x00000000000029f7      0x238 ./Drivers/STM32L4xx_HAL_Driver/Src/stm32l4xx_hal_qspi.o